Archive member included to satisfy reference by file (symbol)

/usr/lib/gcc/arm-none-eabi/8.3.1/thumb/v6-m/nofp/libgcc.a(_dvmd_tls.o)
                              CMakeFiles/pico_serial_com.dir/home/gohara/Downloads/pico/pico-sdk/src/rp2_common/pico_divider/divider.S.obj (__aeabi_idiv0)
/usr/lib/gcc/arm-none-eabi/8.3.1/../../../arm-none-eabi/lib/thumb/v6-m/nofp/libg.a(lib_a-atexit.o)
                              /usr/lib/gcc/arm-none-eabi/8.3.1/../../../arm-none-eabi/lib/thumb/v6-m/nofp/crt0.o (atexit)
/usr/lib/gcc/arm-none-eabi/8.3.1/../../../arm-none-eabi/lib/thumb/v6-m/nofp/libg.a(lib_a-calloc.o)
                              CMakeFiles/pico_serial_com.dir/home/gohara/Downloads/pico/pico-sdk/src/rp2_common/pico_malloc/pico_malloc.c.obj (calloc)
/usr/lib/gcc/arm-none-eabi/8.3.1/../../../arm-none-eabi/lib/thumb/v6-m/nofp/libg.a(lib_a-callocr.o)
                              /usr/lib/gcc/arm-none-eabi/8.3.1/../../../arm-none-eabi/lib/thumb/v6-m/nofp/libg.a(lib_a-calloc.o) (_calloc_r)
/usr/lib/gcc/arm-none-eabi/8.3.1/../../../arm-none-eabi/lib/thumb/v6-m/nofp/libg.a(lib_a-ctype_.o)
                              CMakeFiles/pico_serial_com.dir/home/gohara/Downloads/pico/pico-sdk/lib/tinyusb/src/tusb.c.obj (_ctype_)
/usr/lib/gcc/arm-none-eabi/8.3.1/../../../arm-none-eabi/lib/thumb/v6-m/nofp/libg.a(lib_a-fini.o)
                              /usr/lib/gcc/arm-none-eabi/8.3.1/../../../arm-none-eabi/lib/thumb/v6-m/nofp/crt0.o (__libc_fini_array)
/usr/lib/gcc/arm-none-eabi/8.3.1/../../../arm-none-eabi/lib/thumb/v6-m/nofp/libg.a(lib_a-impure.o)
                              /usr/lib/gcc/arm-none-eabi/8.3.1/../../../arm-none-eabi/lib/thumb/v6-m/nofp/libg.a(lib_a-calloc.o) (_impure_ptr)
/usr/lib/gcc/arm-none-eabi/8.3.1/../../../arm-none-eabi/lib/thumb/v6-m/nofp/libg.a(lib_a-init.o)
                              /usr/lib/gcc/arm-none-eabi/8.3.1/../../../arm-none-eabi/lib/thumb/v6-m/nofp/crt0.o (__libc_init_array)
/usr/lib/gcc/arm-none-eabi/8.3.1/../../../arm-none-eabi/lib/thumb/v6-m/nofp/libg.a(lib_a-malloc.o)
                              CMakeFiles/pico_serial_com.dir/home/gohara/Downloads/pico/pico-sdk/src/rp2_common/pico_malloc/pico_malloc.c.obj (malloc)
/usr/lib/gcc/arm-none-eabi/8.3.1/../../../arm-none-eabi/lib/thumb/v6-m/nofp/libg.a(lib_a-mallocr.o)
                              /usr/lib/gcc/arm-none-eabi/8.3.1/../../../arm-none-eabi/lib/thumb/v6-m/nofp/libg.a(lib_a-callocr.o) (_malloc_r)
/usr/lib/gcc/arm-none-eabi/8.3.1/../../../arm-none-eabi/lib/thumb/v6-m/nofp/libg.a(lib_a-mlock.o)
                              /usr/lib/gcc/arm-none-eabi/8.3.1/../../../arm-none-eabi/lib/thumb/v6-m/nofp/libg.a(lib_a-mallocr.o) (__malloc_lock)
/usr/lib/gcc/arm-none-eabi/8.3.1/../../../arm-none-eabi/lib/thumb/v6-m/nofp/libg.a(lib_a-sbrkr.o)
                              /usr/lib/gcc/arm-none-eabi/8.3.1/../../../arm-none-eabi/lib/thumb/v6-m/nofp/libg.a(lib_a-mallocr.o) (_sbrk_r)
/usr/lib/gcc/arm-none-eabi/8.3.1/../../../arm-none-eabi/lib/thumb/v6-m/nofp/libg.a(lib_a-strlen-stub.o)
                              CMakeFiles/pico_serial_com.dir/home/gohara/Downloads/pico/pico-sdk/src/rp2_common/pico_stdio/stdio.c.obj (strlen)
/usr/lib/gcc/arm-none-eabi/8.3.1/../../../arm-none-eabi/lib/thumb/v6-m/nofp/libg.a(lib_a-__atexit.o)
                              /usr/lib/gcc/arm-none-eabi/8.3.1/../../../arm-none-eabi/lib/thumb/v6-m/nofp/libg.a(lib_a-atexit.o) (__register_exitproc)
/usr/lib/gcc/arm-none-eabi/8.3.1/../../../arm-none-eabi/lib/thumb/v6-m/nofp/libg.a(lib_a-freer.o)
                              /usr/lib/gcc/arm-none-eabi/8.3.1/../../../arm-none-eabi/lib/thumb/v6-m/nofp/libg.a(lib_a-malloc.o) (_free_r)
/usr/lib/gcc/arm-none-eabi/8.3.1/../../../arm-none-eabi/lib/thumb/v6-m/nofp/libg.a(lib_a-reent.o)
                              /usr/lib/gcc/arm-none-eabi/8.3.1/../../../arm-none-eabi/lib/thumb/v6-m/nofp/libg.a(lib_a-sbrkr.o) (errno)

Allocating common symbols
Common symbol       size              file

sf_table            0x100             CMakeFiles/pico_serial_com.dir/home/gohara/Downloads/pico/pico-sdk/src/rp2_common/pico_float/float_init_rom.c.obj
errno               0x4               /usr/lib/gcc/arm-none-eabi/8.3.1/../../../arm-none-eabi/lib/thumb/v6-m/nofp/libg.a(lib_a-reent.o)
_usbd_qdef_buf      0xc0              CMakeFiles/pico_serial_com.dir/home/gohara/Downloads/pico/pico-sdk/lib/tinyusb/src/device/usbd.c.obj
sd_table            0x100             CMakeFiles/pico_serial_com.dir/home/gohara/Downloads/pico/pico-sdk/src/rp2_common/pico_double/double_init_rom.c.obj
uart_char_to_line_feed
                    0x4               CMakeFiles/pico_serial_com.dir/home/gohara/Downloads/pico/pico-sdk/src/rp2_common/hardware_uart/uart.c.obj

Discarded input sections

 .text          0x0000000000000000        0x0 /usr/lib/gcc/arm-none-eabi/8.3.1/thumb/v6-m/nofp/crti.o
 .data          0x0000000000000000        0x0 /usr/lib/gcc/arm-none-eabi/8.3.1/thumb/v6-m/nofp/crti.o
[...]
Memory Configuration

Name             Origin             Length             Attributes
FLASH            0x0000000010000000 0x0000000000200000 xr
RAM              0x0000000020000000 0x0000000000040000 xrw
SCRATCH_X        0x0000000020040000 0x0000000000001000 xrw
SCRATCH_Y        0x0000000020041000 0x0000000000001000 xrw
*default*        0x0000000000000000 0xffffffffffffffff

Linker script and memory map

LOAD /usr/lib/gcc/arm-none-eabi/8.3.1/thumb/v6-m/nofp/crti.o
LOAD /usr/lib/gcc/arm-none-eabi/8.3.1/thumb/v6-m/nofp/crtbegin.o
LOAD /usr/lib/gcc/arm-none-eabi/8.3.1/../../../arm-none-eabi/lib/thumb/v6-m/nofp/crt0.o

.flash_begin    0x0000000010000000        0x0
                0x0000000010000000                __flash_binary_start = .

.boot2          0x0000000010000000      0x100
                0x0000000010000000                __boot2_start__ = .
 *(.boot2)
 .boot2         0x0000000010000000      0x100 /tmp/ccVWvGJY.o
                0x0000000010000100                __boot2_end__ = .
                0x0000000000000001                ASSERT (((__boot2_end__ - __boot2_start__) == 0x100), ERROR: Pico second stage bootloader must be 256 bytes in size)

.text           0x0000000010000100     0x6c78
                0x0000000010000100                __logical_binary_start = .
 *(.vectors)
 .vectors       0x0000000010000100       0xd4 CMakeFiles/pico_serial_com.dir/home/gohara/Downloads/pico/pico-sdk/src/rp2_common/pico_standard_link/crt0.S.obj
                0x0000000010000100                __vectors
                0x0000000010000100                __VECTOR_TABLE
                0x00000000100001c0                isr_invalid
                0x00000000100001c0                __default_isrs_start
                0x00000000100001c2                isr_nmi
                0x00000000100001c4                isr_hardfault
                0x00000000100001c6                isr_svcall
                0x00000000100001c8                isr_pendsv
                0x00000000100001ca                isr_systick
                0x00000000100001cc                isr_irq30
                0x00000000100001cc                __unhandled_user_irq
                0x00000000100001cc                isr_irq13
                0x00000000100001cc                isr_irq27
                0x00000000100001cc                isr_irq31
                0x00000000100001cc                isr_irq5
                0x00000000100001cc                isr_irq11
                0x00000000100001cc                isr_irq23
                0x00000000100001cc                isr_irq18
                0x00000000100001cc                isr_irq28
                0x00000000100001cc                isr_irq19
                0x00000000100001cc                isr_irq0
                0x00000000100001cc                isr_irq6
                0x00000000100001cc                isr_irq22
                0x00000000100001cc                isr_irq17
                0x00000000100001cc                isr_irq14
                0x00000000100001cc                isr_irq2
                0x00000000100001cc                isr_irq10
                0x00000000100001cc                isr_irq8
                0x00000000100001cc                isr_irq24
                0x00000000100001cc                isr_irq1
                0x00000000100001cc                isr_irq7
                0x00000000100001cc                isr_irq21
                0x00000000100001cc                isr_irq20
                0x00000000100001cc                isr_irq15
                0x00000000100001cc                isr_irq25
                0x00000000100001cc                isr_irq4
                0x00000000100001cc                isr_irq16
                0x00000000100001cc                isr_irq29
                0x00000000100001cc                isr_irq26
                0x00000000100001cc                __default_isrs_end
                0x00000000100001cc                isr_irq3
                0x00000000100001cc                isr_irq12
                0x00000000100001cc                isr_irq9
                0x00000000100001d2                unhandled_user_irq_num_in_r0
 *(.binary_info_header)
 .binary_info_header
                0x00000000100001d4       0x14 CMakeFiles/pico_serial_com.dir/home/gohara/Downloads/pico/pico-sdk/src/rp2_common/pico_standard_link/crt0.S.obj
                0x00000000100001e8                __binary_info_header_end = .
 *(.reset)
 .reset         0x00000000100001e8       0xa8 CMakeFiles/pico_serial_com.dir/home/gohara/Downloads/pico/pico-sdk/src/rp2_common/pico_standard_link/crt0.S.obj
                0x00000000100001e8                _entry_point
                0x0000000010000266                __get_current_exception
 .reset         0x0000000010000290       0x30 CMakeFiles/pico_serial_com.dir/home/gohara/Downloads/pico/pico-sdk/src/rp2_common/pico_standard_link/binary_info.c.obj
 *(.init)
 .init          0x00000000100002c0        0x4 /usr/lib/gcc/arm-none-eabi/8.3.1/thumb/v6-m/nofp/crti.o
                0x00000000100002c0                _init
 *(EXCLUDE_FILE(*libm.a: *libc.a:*lib_a-mem*.o *libgcc.a:) .text*)
 .text          0x00000000100002c4       0x98 /usr/lib/gcc/arm-none-eabi/8.3.1/thumb/v6-m/nofp/crtbegin.o
 .text.main     0x000000001000035c       0x14 CMakeFiles/pico_serial_com.dir/pico_serial_com.c.obj
                0x000000001000035c                main
 .text.hw_claim_lock
                0x0000000010000370       0x18 CMakeFiles/pico_serial_com.dir/home/gohara/Downloads/pico/pico-sdk/src/rp2_common/hardware_claim/claim.c.obj
                0x0000000010000370                hw_claim_lock
 .text.hw_claim_unlock
                0x0000000010000388       0x14 CMakeFiles/pico_serial_com.dir/home/gohara/Downloads/pico/pico-sdk/src/rp2_common/hardware_claim/claim.c.obj
                0x0000000010000388                hw_claim_unlock
 .text.hw_claim_or_assert
                0x000000001000039c       0x32 CMakeFiles/pico_serial_com.dir/home/gohara/Downloads/pico/pico-sdk/src/rp2_common/hardware_claim/claim.c.obj
                0x000000001000039c                hw_claim_or_assert
 .text.hw_claim_unused_from_range
                0x00000000100003ce       0x50 CMakeFiles/pico_serial_com.dir/home/gohara/Downloads/pico/pico-sdk/src/rp2_common/hardware_claim/claim.c.obj
                0x00000000100003ce                hw_claim_unused_from_range
 *fill*         0x000000001000041e        0x2 
 .text.running_on_fpga
                0x0000000010000420       0x14 CMakeFiles/pico_serial_com.dir/home/gohara/Downloads/pico/pico-sdk/src/rp2_common/pico_platform/platform.c.obj
                0x0000000010000420                running_on_fpga
 .text.spin_locks_reset
                0x0000000010000434       0x20 CMakeFiles/pico_serial_com.dir/home/gohara/Downloads/pico/pico-sdk/src/rp2_common/hardware_sync/sync.c.obj
                0x0000000010000434                spin_locks_reset
 .text.next_striped_spin_lock_num
                0x0000000010000454       0x1c CMakeFiles/pico_serial_com.dir/home/gohara/Downloads/pico/pico-sdk/src/rp2_common/hardware_sync/sync.c.obj
                0x0000000010000454                next_striped_spin_lock_num
 .text.spin_lock_claim_unused
                0x0000000010000470       0x20 CMakeFiles/pico_serial_com.dir/home/gohara/Downloads/pico/pico-sdk/src/rp2_common/hardware_sync/sync.c.obj
                0x0000000010000470                spin_lock_claim_unused
 .text.sleep_until_callback
                0x0000000010000490       0x30 CMakeFiles/pico_serial_com.dir/home/gohara/Downloads/pico/pico-sdk/src/common/pico_time/time.c.obj
 .text.alarm_pool_post_alloc_init
                0x00000000100004c0       0x40 CMakeFiles/pico_serial_com.dir/home/gohara/Downloads/pico/pico-sdk/src/common/pico_time/time.c.obj
 .text.timer_pool_entry_comparator
                0x0000000010000500       0x7c CMakeFiles/pico_serial_com.dir/home/gohara/Downloads/pico/pico-sdk/src/common/pico_time/time.c.obj
                0x0000000010000500                timer_pool_entry_comparator
 .text.ph_add_child_node
                0x000000001000057c       0xa4 CMakeFiles/pico_serial_com.dir/home/gohara/Downloads/pico/pico-sdk/src/common/pico_time/time.c.obj
 .text.ph_merge_nodes
                0x0000000010000620       0x3e CMakeFiles/pico_serial_com.dir/home/gohara/Downloads/pico/pico-sdk/src/common/pico_time/time.c.obj
 *fill*         0x000000001000065e        0x2 
 .text.add_alarm_under_lock
                0x0000000010000660      0x180 CMakeFiles/pico_serial_com.dir/home/gohara/Downloads/pico/pico-sdk/src/common/pico_time/time.c.obj
 .text.alarm_pool_alarm_callback
                0x00000000100007e0      0x328 CMakeFiles/pico_serial_com.dir/home/gohara/Downloads/pico/pico-sdk/src/common/pico_time/time.c.obj
 .text.alarm_pool_init_default
                0x0000000010000b08       0x38 CMakeFiles/pico_serial_com.dir/home/gohara/Downloads/pico/pico-sdk/src/common/pico_time/time.c.obj
                0x0000000010000b08                alarm_pool_init_default
 .text.alarm_pool_get_default
                0x0000000010000b40       0x2c CMakeFiles/pico_serial_com.dir/home/gohara/Downloads/pico/pico-sdk/src/common/pico_time/time.c.obj
                0x0000000010000b40                alarm_pool_get_default
 .text.alarm_pool_add_alarm_at
                0x0000000010000b6c      0x154 CMakeFiles/pico_serial_com.dir/home/gohara/Downloads/pico/pico-sdk/src/common/pico_time/time.c.obj
                0x0000000010000b6c                alarm_pool_add_alarm_at
 .text.alarm_pool_cancel_alarm
                0x0000000010000cc0       0xec CMakeFiles/pico_serial_com.dir/home/gohara/Downloads/pico/pico-sdk/src/common/pico_time/time.c.obj
                0x0000000010000cc0                alarm_pool_cancel_alarm
 .text.best_effort_wfe_or_timeout
                0x0000000010000dac       0x80 CMakeFiles/pico_serial_com.dir/home/gohara/Downloads/pico/pico-sdk/src/common/pico_time/time.c.obj
                0x0000000010000dac                best_effort_wfe_or_timeout
 .text.hardware_alarm_irq_handler
                0x0000000010000e2c       0x8c CMakeFiles/pico_serial_com.dir/home/gohara/Downloads/pico/pico-sdk/src/rp2_common/hardware_timer/timer.c.obj
 .text.hardware_alarm_claim
                0x0000000010000eb8       0x18 CMakeFiles/pico_serial_com.dir/home/gohara/Downloads/pico/pico-sdk/src/rp2_common/hardware_timer/timer.c.obj
                0x0000000010000eb8                hardware_alarm_claim
 .text.time_us_64
                0x0000000010000ed0       0x18 CMakeFiles/pico_serial_com.dir/home/gohara/Downloads/pico/pico-sdk/src/rp2_common/hardware_timer/timer.c.obj
                0x0000000010000ed0                time_us_64
 .text.hardware_alarm_set_callback
                0x0000000010000ee8       0x90 CMakeFiles/pico_serial_com.dir/home/gohara/Downloads/pico/pico-sdk/src/rp2_common/hardware_timer/timer.c.obj
                0x0000000010000ee8                hardware_alarm_set_callback
 .text.hardware_alarm_set_target
                0x0000000010000f78       0xe8 CMakeFiles/pico_serial_com.dir/home/gohara/Downloads/pico/pico-sdk/src/rp2_common/hardware_timer/timer.c.obj
                0x0000000010000f78                hardware_alarm_set_target
 .text.hardware_alarm_cancel
                0x0000000010001060       0x40 CMakeFiles/pico_serial_com.dir/home/gohara/Downloads/pico/pico-sdk/src/rp2_common/hardware_timer/timer.c.obj
                0x0000000010001060                hardware_alarm_cancel
 .text.lock_init
                0x00000000100010a0       0x10 CMakeFiles/pico_serial_com.dir/home/gohara/Downloads/pico/pico-sdk/src/common/pico_sync/lock_core.c.obj
                0x00000000100010a0                lock_init
 .text.mutex_init
                0x00000000100010b0       0x1a CMakeFiles/pico_serial_com.dir/home/gohara/Downloads/pico/pico-sdk/src/common/pico_sync/mutex.c.obj
                0x00000000100010b0                mutex_init
 .text.recursive_mutex_init
                0x00000000100010ca       0x1e CMakeFiles/pico_serial_com.dir/home/gohara/Downloads/pico/pico-sdk/src/common/pico_sync/mutex.c.obj
                0x00000000100010ca                recursive_mutex_init
 .text.critical_section_init_with_lock_num
                0x00000000100010e8       0x14 CMakeFiles/pico_serial_com.dir/home/gohara/Downloads/pico/pico-sdk/src/common/pico_sync/critical_section.c.obj
                0x00000000100010e8                critical_section_init_with_lock_num
 .text.critical_section_init
                0x00000000100010fc       0x14 CMakeFiles/pico_serial_com.dir/home/gohara/Downloads/pico/pico-sdk/src/common/pico_sync/critical_section.c.obj
                0x00000000100010fc                critical_section_init
 .text.ph_add_child_node
                0x0000000010001110       0xa4 CMakeFiles/pico_serial_com.dir/home/gohara/Downloads/pico/pico-sdk/src/common/pico_util/pheap.c.obj
 .text.ph_merge_nodes
                0x00000000100011b4       0x3e CMakeFiles/pico_serial_com.dir/home/gohara/Downloads/pico/pico-sdk/src/common/pico_util/pheap.c.obj
 *fill*         0x00000000100011f2        0x2 
 .text.ph_clear
                0x00000000100011f4       0x70 CMakeFiles/pico_serial_com.dir/home/gohara/Downloads/pico/pico-sdk/src/common/pico_util/pheap.c.obj
                0x00000000100011f4                ph_clear
 .text.ph_post_alloc_init
                0x0000000010001264        0xe CMakeFiles/pico_serial_com.dir/home/gohara/Downloads/pico/pico-sdk/src/common/pico_util/pheap.c.obj
                0x0000000010001264                ph_post_alloc_init
 *fill*         0x0000000010001272        0x2 
 .text.ph_merge_two_pass
                0x0000000010001274       0xac CMakeFiles/pico_serial_com.dir/home/gohara/Downloads/pico/pico-sdk/src/common/pico_util/pheap.c.obj
                0x0000000010001274                ph_merge_two_pass
 .text.ph_remove_any_head
                0x0000000010001320      0x108 CMakeFiles/pico_serial_com.dir/home/gohara/Downloads/pico/pico-sdk/src/common/pico_util/pheap.c.obj
 .text.ph_remove_head
                0x0000000010001428       0x14 CMakeFiles/pico_serial_com.dir/home/gohara/Downloads/pico/pico-sdk/src/common/pico_util/pheap.c.obj
                0x0000000010001428                ph_remove_head
 .text.ph_remove_and_free_node
                0x000000001000143c       0xf8 CMakeFiles/pico_serial_com.dir/home/gohara/Downloads/pico/pico-sdk/src/common/pico_util/pheap.c.obj
                0x000000001000143c                ph_remove_and_free_node
 .text._exit    0x0000000010001534        0x4 CMakeFiles/pico_serial_com.dir/home/gohara/Downloads/pico/pico-sdk/src/rp2_common/pico_runtime/runtime.c.obj
                0x0000000010001534                _exit
 .text.exit     0x0000000010001538        0x6 CMakeFiles/pico_serial_com.dir/home/gohara/Downloads/pico/pico-sdk/src/rp2_common/pico_runtime/runtime.c.obj
                0x0000000010001538                exit
 *fill*         0x000000001000153e        0x2 
 .text.__assert_func
                0x0000000010001540       0x3c CMakeFiles/pico_serial_com.dir/home/gohara/Downloads/pico/pico-sdk/src/rp2_common/pico_runtime/runtime.c.obj
                0x0000000010001540                __assert_func
 .text.runtime_init
                0x000000001000157c       0xf8 CMakeFiles/pico_serial_com.dir/home/gohara/Downloads/pico/pico-sdk/src/rp2_common/pico_runtime/runtime.c.obj
                0x000000001000157c                runtime_init
 .text.panic    0x0000000010001674       0x30 CMakeFiles/pico_serial_com.dir/home/gohara/Downloads/pico/pico-sdk/src/rp2_common/pico_runtime/runtime.c.obj
                0x0000000010001674                panic
 .text.clock_configure
                0x00000000100016a4       0xfc CMakeFiles/pico_serial_com.dir/home/gohara/Downloads/pico/pico-sdk/src/rp2_common/hardware_clocks/clocks.c.obj
                0x00000000100016a4                clock_configure
 .text.clocks_init
                0x00000000100017a0      0x100 CMakeFiles/pico_serial_com.dir/home/gohara/Downloads/pico/pico-sdk/src/rp2_common/hardware_clocks/clocks.c.obj
                0x00000000100017a0                clocks_init
 .text.set_raw_irq_handler_and_unlock
                0x00000000100018a0       0x28 CMakeFiles/pico_serial_com.dir/home/gohara/Downloads/pico/pico-sdk/src/rp2_common/hardware_irq/irq.c.obj
 .text.make_branch
                0x00000000100018c8       0x34 CMakeFiles/pico_serial_com.dir/home/gohara/Downloads/pico/pico-sdk/src/rp2_common/hardware_irq/irq.c.obj
 .text.insert_branch_and_link
                0x00000000100018fc       0x40 CMakeFiles/pico_serial_com.dir/home/gohara/Downloads/pico/pico-sdk/src/rp2_common/hardware_irq/irq.c.obj
 .text.irq_is_enabled
                0x000000001000193c       0x18 CMakeFiles/pico_serial_com.dir/home/gohara/Downloads/pico/pico-sdk/src/rp2_common/hardware_irq/irq.c.obj
                0x000000001000193c                irq_is_enabled
 .text.irq_set_mask_enabled
                0x0000000010001954       0x20 CMakeFiles/pico_serial_com.dir/home/gohara/Downloads/pico/pico-sdk/src/rp2_common/hardware_irq/irq.c.obj
                0x0000000010001954                irq_set_mask_enabled
 .text.irq_set_enabled
                0x0000000010001974        0xe CMakeFiles/pico_serial_com.dir/home/gohara/Downloads/pico/pico-sdk/src/rp2_common/hardware_irq/irq.c.obj
                0x0000000010001974                irq_set_enabled
 *fill*         0x0000000010001982        0x2 
 .text.irq_set_pending
                0x0000000010001984       0x10 CMakeFiles/pico_serial_com.dir/home/gohara/Downloads/pico/pico-sdk/src/rp2_common/hardware_irq/irq.c.obj
                0x0000000010001984                irq_set_pending
 .text.irq_get_vtable_handler
                0x0000000010001994       0x10 CMakeFiles/pico_serial_com.dir/home/gohara/Downloads/pico/pico-sdk/src/rp2_common/hardware_irq/irq.c.obj
                0x0000000010001994                irq_get_vtable_handler
 .text.irq_set_exclusive_handler
                0x00000000100019a4       0x54 CMakeFiles/pico_serial_com.dir/home/gohara/Downloads/pico/pico-sdk/src/rp2_common/hardware_irq/irq.c.obj
                0x00000000100019a4                irq_set_exclusive_handler
 .text.irq_remove_handler
                0x00000000100019f8      0x1a8 CMakeFiles/pico_serial_com.dir/home/gohara/Downloads/pico/pico-sdk/src/rp2_common/hardware_irq/irq.c.obj
                0x00000000100019f8                irq_remove_handler
 .text.irq_add_tail_to_free_list
                0x0000000010001ba0       0xf0 CMakeFiles/pico_serial_com.dir/home/gohara/Downloads/pico/pico-sdk/src/rp2_common/hardware_irq/irq.c.obj
                0x0000000010001ba0                irq_add_tail_to_free_list
 .text.irq_init_priorities
                0x0000000010001c90       0x1c CMakeFiles/pico_serial_com.dir/home/gohara/Downloads/pico/pico-sdk/src/rp2_common/hardware_irq/irq.c.obj
                0x0000000010001c90                irq_init_priorities
 .text.pll_init
                0x0000000010001cac      0x114 CMakeFiles/pico_serial_com.dir/home/gohara/Downloads/pico/pico-sdk/src/rp2_common/hardware_pll/pll.c.obj
                0x0000000010001cac                pll_init
 .text.watchdog_start_tick
                0x0000000010001dc0       0x10 CMakeFiles/pico_serial_com.dir/home/gohara/Downloads/pico/pico-sdk/src/rp2_common/hardware_watchdog/watchdog.c.obj
                0x0000000010001dc0                watchdog_start_tick
 .text.watchdog_update
                0x0000000010001dd0       0x14 CMakeFiles/pico_serial_com.dir/home/gohara/Downloads/pico/pico-sdk/src/rp2_common/hardware_watchdog/watchdog.c.obj
                0x0000000010001dd0                watchdog_update
 .text._watchdog_enable
                0x0000000010001de4       0x74 CMakeFiles/pico_serial_com.dir/home/gohara/Downloads/pico/pico-sdk/src/rp2_common/hardware_watchdog/watchdog.c.obj
                0x0000000010001de4                _watchdog_enable
 .text.watchdog_reboot
                0x0000000010001e58       0x44 CMakeFiles/pico_serial_com.dir/home/gohara/Downloads/pico/pico-sdk/src/rp2_common/hardware_watchdog/watchdog.c.obj
                0x0000000010001e58                watchdog_reboot
 .text.xosc_init
                0x0000000010001e9c       0x28 CMakeFiles/pico_serial_com.dir/home/gohara/Downloads/pico/pico-sdk/src/rp2_common/hardware_xosc/xosc.c.obj
                0x0000000010001e9c                xosc_init
 .text._out_null
                0x0000000010001ec4        0x2 CMakeFiles/pico_serial_com.dir/home/gohara/Downloads/pico/pico-sdk/src/rp2_common/pico_printf/printf.c.obj
 .text._out_fct
                0x0000000010001ec6        0xe CMakeFiles/pico_serial_com.dir/home/gohara/Downloads/pico/pico-sdk/src/rp2_common/pico_printf/printf.c.obj
 .text._atoi    0x0000000010001ed4       0x28 CMakeFiles/pico_serial_com.dir/home/gohara/Downloads/pico/pico-sdk/src/rp2_common/pico_printf/printf.c.obj
 .text._out_rev
                0x0000000010001efc       0x8c CMakeFiles/pico_serial_com.dir/home/gohara/Downloads/pico/pico-sdk/src/rp2_common/pico_printf/printf.c.obj
 .text._ntoa_format
                0x0000000010001f88      0x10c CMakeFiles/pico_serial_com.dir/home/gohara/Downloads/pico/pico-sdk/src/rp2_common/pico_printf/printf.c.obj
 .text._ntoa_long
                0x0000000010002094       0xb0 CMakeFiles/pico_serial_com.dir/home/gohara/Downloads/pico/pico-sdk/src/rp2_common/pico_printf/printf.c.obj
 .text._ntoa_long_long
                0x0000000010002144       0xe6 CMakeFiles/pico_serial_com.dir/home/gohara/Downloads/pico/pico-sdk/src/rp2_common/pico_printf/printf.c.obj
 *fill*         0x000000001000222a        0x2 
 .text._etoa    0x000000001000222c      0x408 CMakeFiles/pico_serial_com.dir/home/gohara/Downloads/pico/pico-sdk/src/rp2_common/pico_printf/printf.c.obj
 .text._ftoa    0x0000000010002634      0x344 CMakeFiles/pico_serial_com.dir/home/gohara/Downloads/pico/pico-sdk/src/rp2_common/pico_printf/printf.c.obj
 .text._vsnprintf
                0x0000000010002978      0x61c CMakeFiles/pico_serial_com.dir/home/gohara/Downloads/pico/pico-sdk/src/rp2_common/pico_printf/printf.c.obj
 .text.vfctprintf
                0x0000000010002f94       0x20 CMakeFiles/pico_serial_com.dir/home/gohara/Downloads/pico/pico-sdk/src/rp2_common/pico_printf/printf.c.obj
                0x0000000010002f94                vfctprintf
 .text          0x0000000010002fb4       0x10 CMakeFiles/pico_serial_com.dir/home/gohara/Downloads/pico/pico-sdk/src/rp2_common/pico_bit_ops/bit_ops_aeabi.S.obj
 .text.rom_func_lookup
                0x0000000010002fc4       0x10 CMakeFiles/pico_serial_com.dir/home/gohara/Downloads/pico/pico-sdk/src/rp2_common/pico_bootrom/bootrom.c.obj
                0x0000000010002fc4                rom_func_lookup
 .text.rom_data_lookup
                0x0000000010002fd4       0x10 CMakeFiles/pico_serial_com.dir/home/gohara/Downloads/pico/pico-sdk/src/rp2_common/pico_bootrom/bootrom.c.obj
                0x0000000010002fd4                rom_data_lookup
 .text.rom_funcs_lookup
                0x0000000010002fe4       0x36 CMakeFiles/pico_serial_com.dir/home/gohara/Downloads/pico/pico-sdk/src/rp2_common/pico_bootrom/bootrom.c.obj
                0x0000000010002fe4                rom_funcs_lookup
 *fill*         0x000000001000301a        0x2 
 .text.__wrap___aeabi_idiv
                0x000000001000301c       0x50 CMakeFiles/pico_serial_com.dir/home/gohara/Downloads/pico/pico-sdk/src/rp2_common/pico_divider/divider.S.obj
                0x000000001000301c                __wrap___aeabi_idivmod
                0x000000001000301c                divmod_s32s32
                0x000000001000301c                div_s32s32
                0x000000001000301c                __wrap___aeabi_idiv
                0x0000000010003024                divmod_s32s32_unsafe
                0x0000000010003050                divmod_s32s32_savestate
 .text.__wrap___aeabi_uidiv
                0x000000001000306c       0x4c CMakeFiles/pico_serial_com.dir/home/gohara/Downloads/pico/pico-sdk/src/rp2_common/pico_divider/divider.S.obj
                0x000000001000306c                __wrap___aeabi_uidiv
                0x000000001000306c                __wrap___aeabi_uidivmod
                0x000000001000306c                div_u32u32
                0x000000001000306c                divmod_u32u32
                0x0000000010003074                divmod_u32u32_unsafe
                0x000000001000309c                divmod_u32u32_savestate
 .text.__wrap___aeabi_ldiv
                0x00000000100030b8      0x434 CMakeFiles/pico_serial_com.dir/home/gohara/Downloads/pico/pico-sdk/src/rp2_common/pico_divider/divider.S.obj
                0x00000000100030b8                div_s64s64
                0x00000000100030b8                divmod_s64s64
                0x00000000100030b8                __wrap___aeabi_ldivmod
                0x00000000100030f0                div_u64u64
                0x00000000100030f0                divmod_u64u64
                0x00000000100030f0                __wrap___aeabi_uldivmod
                0x0000000010003100                divmod_u64u64_savestate
                0x0000000010003128                divmod_s64s64_unsafe
                0x00000000100031b0                divmod_u64u64_unsafe
 .text.__wrap___aeabi_darithmetic
                0x00000000100034ec       0x80 CMakeFiles/pico_serial_com.dir/home/gohara/Downloads/pico/pico-sdk/src/rp2_common/pico_double/double_aeabi.S.obj
                0x00000000100034ec                __wrap___aeabi_drsub
                0x00000000100034f2                __wrap___aeabi_dsub
                0x0000000010003504                __wrap___aeabi_dadd
                0x0000000010003516                __wrap___aeabi_ddiv
                0x0000000010003552                __wrap___aeabi_dmul
 .text.__wrap___aeabi_cdcmple
                0x000000001000356c       0x6c CMakeFiles/pico_serial_com.dir/home/gohara/Downloads/pico/pico-sdk/src/rp2_common/pico_double/double_aeabi.S.obj
                0x000000001000356c                __wrap___aeabi_cdrcmple
                0x000000001000357c                __wrap___aeabi_cdcmple
                0x000000001000357c                __wrap___aeabi_cdcmpeq
 .text.__wrap___aeabi_dcmplt
                0x00000000100035d8        0xc CMakeFiles/pico_serial_com.dir/home/gohara/Downloads/pico/pico-sdk/src/rp2_common/pico_double/double_aeabi.S.obj
                0x00000000100035d8                __wrap___aeabi_dcmplt
 .text.__wrap___aeabi_dcmple
                0x00000000100035e4       0x10 CMakeFiles/pico_serial_com.dir/home/gohara/Downloads/pico/pico-sdk/src/rp2_common/pico_double/double_aeabi.S.obj
                0x00000000100035e4                __wrap___aeabi_dcmple
 .text.__wrap___aeabi_dcmpge
                0x00000000100035f4       0x10 CMakeFiles/pico_serial_com.dir/home/gohara/Downloads/pico/pico-sdk/src/rp2_common/pico_double/double_aeabi.S.obj
                0x00000000100035f4                __wrap___aeabi_dcmpge
 .text.__wrap___aeabi_dcmpgt
                0x0000000010003604        0xa CMakeFiles/pico_serial_com.dir/home/gohara/Downloads/pico/pico-sdk/src/rp2_common/pico_double/double_aeabi.S.obj
                0x0000000010003604                __wrap___aeabi_dcmpgt
 .text.__wrap___aeabi_dcmpun
                0x000000001000360e       0x1c CMakeFiles/pico_serial_com.dir/home/gohara/Downloads/pico/pico-sdk/src/rp2_common/pico_double/double_aeabi.S.obj
                0x000000001000360e                __wrap___aeabi_dcmpun
 *fill*         0x000000001000362a        0x2 
 .text.__wrap___aeabi_i2d
                0x000000001000362c       0x38 CMakeFiles/pico_serial_com.dir/home/gohara/Downloads/pico/pico-sdk/src/rp2_common/pico_double/double_aeabi.S.obj
                0x000000001000362c                __wrap___aeabi_ui2d
                0x0000000010003634                __wrap___aeabi_i2d
 .text.__wrap___aeabi_d2iz
                0x0000000010003664       0x48 CMakeFiles/pico_serial_com.dir/home/gohara/Downloads/pico/pico-sdk/src/rp2_common/pico_double/double_aeabi.S.obj
                0x0000000010003664                __wrap___aeabi_d2iz
                0x0000000010003664                double2int_z
 .text.__wrap___aeabi_d2uiz
                0x00000000100036ac       0x18 CMakeFiles/pico_serial_com.dir/home/gohara/Downloads/pico/pico-sdk/src/rp2_common/pico_double/double_aeabi.S.obj
                0x00000000100036ac                double2uint
                0x00000000100036ac                __wrap___aeabi_d2uiz
 .text.__aeabi_double_init
                0x00000000100036c4       0xc8 CMakeFiles/pico_serial_com.dir/home/gohara/Downloads/pico/pico-sdk/src/rp2_common/pico_double/double_init_rom.c.obj
                0x00000000100036c4                __aeabi_double_init
 .text.double_table_shim_on_use_helper
                0x000000001000378c       0x34 CMakeFiles/pico_serial_com.dir/home/gohara/Downloads/pico/pico-sdk/src/rp2_common/pico_double/double_v1_rom_shim.S.obj
                0x000000001000378c                double_table_shim_on_use_helper
 .text.__wrap___aeabi_dsub
                0x00000000100037c0       0x10 CMakeFiles/pico_serial_com.dir/home/gohara/Downloads/pico/pico-sdk/src/rp2_common/pico_double/double_v1_rom_shim.S.obj
                0x00000000100037c0                drsub_shim
                0x00000000100037c6                dsub_shim
 .text.dadd_shim
                0x00000000100037d0      0x15c CMakeFiles/pico_serial_com.dir/home/gohara/Downloads/pico/pico-sdk/src/rp2_common/pico_double/double_v1_rom_shim.S.obj
                0x00000000100037d0                dadd_shim
 .text.dmul_shim
                0x000000001000392c      0x15c CMakeFiles/pico_serial_com.dir/home/gohara/Downloads/pico/pico-sdk/src/rp2_common/pico_double/double_v1_rom_shim.S.obj
                0x000000001000392c                dmul_shim
 .text.ddiv_shim
                0x0000000010003a88      0x1b0 CMakeFiles/pico_serial_com.dir/home/gohara/Downloads/pico/pico-sdk/src/rp2_common/pico_double/double_v1_rom_shim.S.obj
                0x0000000010003a88                ddiv_shim
 .text.double2uint_shim
                0x0000000010003c38        0xe CMakeFiles/pico_serial_com.dir/home/gohara/Downloads/pico/pico-sdk/src/rp2_common/pico_double/double_v1_rom_shim.S.obj
                0x0000000010003c38                double2uint_shim
                0x0000000010003c3a                double2ufix_shim
 *fill*         0x0000000010003c46        0x2 
 .text.double2uint64_shim
                0x0000000010003c48       0x70 CMakeFiles/pico_serial_com.dir/home/gohara/Downloads/pico/pico-sdk/src/rp2_common/pico_double/double_v1_rom_shim.S.obj
                0x0000000010003c48                double2uint64_shim
                0x0000000010003c4a                double2ufix64_shim
                0x0000000010003c6a                d2fix_a
 .text.dunpacks
                0x0000000010003cb8       0x3c CMakeFiles/pico_serial_com.dir/home/gohara/Downloads/pico/pico-sdk/src/rp2_common/pico_double/double_v1_rom_shim.S.obj
                0x0000000010003cb8                dunpacks
 .text.__aeabi_lmul
                0x0000000010003cf4       0x32 CMakeFiles/pico_serial_com.dir/home/gohara/Downloads/pico/pico-sdk/src/rp2_common/pico_int64_ops/pico_int64_ops_aeabi.S.obj
                0x0000000010003cf4                __wrap___aeabi_lmul
 *fill*         0x0000000010003d26        0x2 
 .text.__aeabi_float_init
                0x0000000010003d28       0xfc CMakeFiles/pico_serial_com.dir/home/gohara/Downloads/pico/pico-sdk/src/rp2_common/pico_float/float_init_rom.c.obj
                0x0000000010003d28                __aeabi_float_init
 .text.float_table_shim_on_use_helper
                0x0000000010003e24       0x34 CMakeFiles/pico_serial_com.dir/home/gohara/Downloads/pico/pico-sdk/src/rp2_common/pico_float/float_v1_rom_shim.S.obj
                0x0000000010003e24                float_table_shim_on_use_helper
 .text          0x0000000010003e58       0x10 CMakeFiles/pico_serial_com.dir/home/gohara/Downloads/pico/pico-sdk/src/rp2_common/pico_mem_ops/mem_ops_aeabi.S.obj
                0x0000000010003e58                __aeabi_mem_init
 .text.memset   0x0000000010003e68        0xc CMakeFiles/pico_serial_com.dir/home/gohara/Downloads/pico/pico-sdk/src/rp2_common/pico_mem_ops/mem_ops_aeabi.S.obj
                0x0000000010003e68                __wrap_memset
 .text.memcpy   0x0000000010003e74        0xc CMakeFiles/pico_serial_com.dir/home/gohara/Downloads/pico/pico-sdk/src/rp2_common/pico_mem_ops/mem_ops_aeabi.S.obj
                0x0000000010003e74                __wrap___aeabi_memcpy
                0x0000000010003e74                __wrap_memcpy
 .text.stdio_out_chars_no_crlf
                0x0000000010003e80        0xe CMakeFiles/pico_serial_com.dir/home/gohara/Downloads/pico/pico-sdk/src/rp2_common/pico_stdio/stdio.c.obj
 *fill*         0x0000000010003e8e        0x2 
 .text.stdio_out_chars_crlf
                0x0000000010003e90       0x80 CMakeFiles/pico_serial_com.dir/home/gohara/Downloads/pico/pico-sdk/src/rp2_common/pico_stdio/stdio.c.obj
 .text.stdio_stack_buffer_flush
                0x0000000010003f10       0x44 CMakeFiles/pico_serial_com.dir/home/gohara/Downloads/pico/pico-sdk/src/rp2_common/pico_stdio/stdio.c.obj
 .text.stdio_buffered_printer
                0x0000000010003f54       0x20 CMakeFiles/pico_serial_com.dir/home/gohara/Downloads/pico/pico-sdk/src/rp2_common/pico_stdio/stdio.c.obj
 .text.stdout_serialize_begin
                0x0000000010003f74       0x30 CMakeFiles/pico_serial_com.dir/home/gohara/Downloads/pico/pico-sdk/src/rp2_common/pico_stdio/stdio.c.obj
                0x0000000010003f74                stdout_serialize_begin
 .text.stdout_serialize_end
                0x0000000010003fa4       0x10 CMakeFiles/pico_serial_com.dir/home/gohara/Downloads/pico/pico-sdk/src/rp2_common/pico_stdio/stdio.c.obj
                0x0000000010003fa4                stdout_serialize_end
 .text.stdio_put_string
                0x0000000010003fb4       0x94 CMakeFiles/pico_serial_com.dir/home/gohara/Downloads/pico/pico-sdk/src/rp2_common/pico_stdio/stdio.c.obj
 .text.stdio_set_driver_enabled
                0x0000000010004048       0x38 CMakeFiles/pico_serial_com.dir/home/gohara/Downloads/pico/pico-sdk/src/rp2_common/pico_stdio/stdio.c.obj
                0x0000000010004048                stdio_set_driver_enabled
 .text.stdio_flush
                0x0000000010004080       0x20 CMakeFiles/pico_serial_com.dir/home/gohara/Downloads/pico/pico-sdk/src/rp2_common/pico_stdio/stdio.c.obj
                0x0000000010004080                stdio_flush
 .text.__wrap_puts
                0x00000000100040a0       0x1e CMakeFiles/pico_serial_com.dir/home/gohara/Downloads/pico/pico-sdk/src/rp2_common/pico_stdio/stdio.c.obj
                0x00000000100040a0                __wrap_puts
 *fill*         0x00000000100040be        0x2 
 .text.__wrap_vprintf
                0x00000000100040c0       0x44 CMakeFiles/pico_serial_com.dir/home/gohara/Downloads/pico/pico-sdk/src/rp2_common/pico_stdio/stdio.c.obj
                0x00000000100040c0                __wrap_vprintf
 .text.__wrap_printf
                0x0000000010004104       0x18 CMakeFiles/pico_serial_com.dir/home/gohara/Downloads/pico/pico-sdk/src/rp2_common/pico_stdio/stdio.c.obj
                0x0000000010004104                __wrap_printf
 .text.stdio_init_all
                0x000000001000411c        0x8 CMakeFiles/pico_serial_com.dir/home/gohara/Downloads/pico/pico-sdk/src/rp2_common/pico_stdio/stdio.c.obj
                0x000000001000411c                stdio_init_all
 .text.resetd_init
                0x0000000010004124        0x2 CMakeFiles/pico_serial_com.dir/home/gohara/Downloads/pico/pico-sdk/src/rp2_common/pico_stdio_usb/reset_interface.c.obj
 *fill*         0x0000000010004126        0x2 
 .text.resetd_reset
                0x0000000010004128        0xc CMakeFiles/pico_serial_com.dir/home/gohara/Downloads/pico/pico-sdk/src/rp2_common/pico_stdio_usb/reset_interface.c.obj
 .text.resetd_open
                0x0000000010004134       0x34 CMakeFiles/pico_serial_com.dir/home/gohara/Downloads/pico/pico-sdk/src/rp2_common/pico_stdio_usb/reset_interface.c.obj
 .text.resetd_xfer_cb
                0x0000000010004168        0x4 CMakeFiles/pico_serial_com.dir/home/gohara/Downloads/pico/pico-sdk/src/rp2_common/pico_stdio_usb/reset_interface.c.obj
 .text.resetd_control_xfer_cb
                0x000000001000416c       0x6c CMakeFiles/pico_serial_com.dir/home/gohara/Downloads/pico/pico-sdk/src/rp2_common/pico_stdio_usb/reset_interface.c.obj
 .text.usbd_app_driver_get_cb
                0x00000000100041d8        0xc CMakeFiles/pico_serial_com.dir/home/gohara/Downloads/pico/pico-sdk/src/rp2_common/pico_stdio_usb/reset_interface.c.obj
                0x00000000100041d8                usbd_app_driver_get_cb
 .text.tud_cdc_line_coding_cb
                0x00000000100041e4       0x34 CMakeFiles/pico_serial_com.dir/home/gohara/Downloads/pico/pico-sdk/src/rp2_common/pico_stdio_usb/reset_interface.c.obj
                0x00000000100041e4                tud_cdc_line_coding_cb
 .text.stdio_usb_in_chars
                0x0000000010004218       0x70 CMakeFiles/pico_serial_com.dir/home/gohara/Downloads/pico/pico-sdk/src/rp2_common/pico_stdio_usb/stdio_usb.c.obj
                0x0000000010004218                stdio_usb_in_chars
 .text.low_priority_worker_irq
                0x0000000010004288       0x20 CMakeFiles/pico_serial_com.dir/home/gohara/Downloads/pico/pico-sdk/src/rp2_common/pico_stdio_usb/stdio_usb.c.obj
 .text.stdio_usb_out_chars
                0x00000000100042a8       0xd4 CMakeFiles/pico_serial_com.dir/home/gohara/Downloads/pico/pico-sdk/src/rp2_common/pico_stdio_usb/stdio_usb.c.obj
 .text.timer_task
                0x000000001000437c       0x10 CMakeFiles/pico_serial_com.dir/home/gohara/Downloads/pico/pico-sdk/src/rp2_common/pico_stdio_usb/stdio_usb.c.obj
 .text.stdio_usb_init
                0x000000001000438c       0xb4 CMakeFiles/pico_serial_com.dir/home/gohara/Downloads/pico/pico-sdk/src/rp2_common/pico_stdio_usb/stdio_usb.c.obj
                0x000000001000438c                stdio_usb_init
 .text.tud_descriptor_device_cb
                0x0000000010004440        0x8 CMakeFiles/pico_serial_com.dir/home/gohara/Downloads/pico/pico-sdk/src/rp2_common/pico_stdio_usb/stdio_usb_descriptors.c.obj
                0x0000000010004440                tud_descriptor_device_cb
 .text.tud_descriptor_configuration_cb
                0x0000000010004448        0x8 CMakeFiles/pico_serial_com.dir/home/gohara/Downloads/pico/pico-sdk/src/rp2_common/pico_stdio_usb/stdio_usb_descriptors.c.obj
                0x0000000010004448                tud_descriptor_configuration_cb
 .text.tud_descriptor_string_cb
                0x0000000010004450       0x6c CMakeFiles/pico_serial_com.dir/home/gohara/Downloads/pico/pico-sdk/src/rp2_common/pico_stdio_usb/stdio_usb_descriptors.c.obj
                0x0000000010004450                tud_descriptor_string_cb
 .text.hw_endpoint_get_by_addr
                0x00000000100044bc       0x18 CMakeFiles/pico_serial_com.dir/home/gohara/Downloads/pico/pico-sdk/lib/tinyusb/src/portable/raspberrypi/rp2040/dcd_rp2040.c.obj
 .text.reset_ep0_pid
                0x00000000100044d4       0x28 CMakeFiles/pico_serial_com.dir/home/gohara/Downloads/pico/pico-sdk/lib/tinyusb/src/portable/raspberrypi/rp2040/dcd_rp2040.c.obj
 .text._hw_endpoint_alloc
                0x00000000100044fc       0x70 CMakeFiles/pico_serial_com.dir/home/gohara/Downloads/pico/pico-sdk/lib/tinyusb/src/portable/raspberrypi/rp2040/dcd_rp2040.c.obj
 .text.hw_endpoint_init
                0x000000001000456c       0x88 CMakeFiles/pico_serial_com.dir/home/gohara/Downloads/pico/pico-sdk/lib/tinyusb/src/portable/raspberrypi/rp2040/dcd_rp2040.c.obj
 .text.reset_non_control_endpoints
                0x00000000100045f4       0x40 CMakeFiles/pico_serial_com.dir/home/gohara/Downloads/pico/pico-sdk/lib/tinyusb/src/portable/raspberrypi/rp2040/dcd_rp2040.c.obj
 .text.hw_handle_buff_status
                0x0000000010004634       0x8c CMakeFiles/pico_serial_com.dir/home/gohara/Downloads/pico/pico-sdk/lib/tinyusb/src/portable/raspberrypi/rp2040/dcd_rp2040.c.obj
 .text.dcd_rp2040_irq
                0x00000000100046c0       0xbc CMakeFiles/pico_serial_com.dir/home/gohara/Downloads/pico/pico-sdk/lib/tinyusb/src/portable/raspberrypi/rp2040/dcd_rp2040.c.obj
 .text.hw_endpoint_xfer
                0x000000001000477c       0x14 CMakeFiles/pico_serial_com.dir/home/gohara/Downloads/pico/pico-sdk/lib/tinyusb/src/portable/raspberrypi/rp2040/dcd_rp2040.c.obj
 .text.dcd_int_enable
                0x0000000010004790       0x2c CMakeFiles/pico_serial_com.dir/home/gohara/Downloads/pico/pico-sdk/lib/tinyusb/src/portable/raspberrypi/rp2040/dcd_rp2040.c.obj
                0x0000000010004790                dcd_int_enable
 .text.dcd_set_address
                0x00000000100047bc       0x2c CMakeFiles/pico_serial_com.dir/home/gohara/Downloads/pico/pico-sdk/lib/tinyusb/src/portable/raspberrypi/rp2040/dcd_rp2040.c.obj
                0x00000000100047bc                dcd_set_address
 .text.dcd_connect
                0x00000000100047e8       0x10 CMakeFiles/pico_serial_com.dir/home/gohara/Downloads/pico/pico-sdk/lib/tinyusb/src/portable/raspberrypi/rp2040/dcd_rp2040.c.obj
                0x00000000100047e8                dcd_connect
 .text.dcd_init
                0x00000000100047f8       0x7c CMakeFiles/pico_serial_com.dir/home/gohara/Downloads/pico/pico-sdk/lib/tinyusb/src/portable/raspberrypi/rp2040/dcd_rp2040.c.obj
                0x00000000100047f8                dcd_init
 .text.dcd_edpt0_status_complete
                0x0000000010004874       0x1c CMakeFiles/pico_serial_com.dir/home/gohara/Downloads/pico/pico-sdk/lib/tinyusb/src/portable/raspberrypi/rp2040/dcd_rp2040.c.obj
                0x0000000010004874                dcd_edpt0_status_complete
 .text.dcd_edpt_open
                0x0000000010004890       0x40 CMakeFiles/pico_serial_com.dir/home/gohara/Downloads/pico/pico-sdk/lib/tinyusb/src/portable/raspberrypi/rp2040/dcd_rp2040.c.obj
                0x0000000010004890                dcd_edpt_open
 .text.dcd_edpt_close_all
                0x00000000100048d0        0x8 CMakeFiles/pico_serial_com.dir/home/gohara/Downloads/pico/pico-sdk/lib/tinyusb/src/portable/raspberrypi/rp2040/dcd_rp2040.c.obj
                0x00000000100048d0                dcd_edpt_close_all
 .text.dcd_edpt_xfer
                0x00000000100048d8       0x30 CMakeFiles/pico_serial_com.dir/home/gohara/Downloads/pico/pico-sdk/lib/tinyusb/src/portable/raspberrypi/rp2040/dcd_rp2040.c.obj
                0x00000000100048d8                dcd_edpt_xfer
 .text.dcd_edpt_stall
                0x0000000010004908       0x2c CMakeFiles/pico_serial_com.dir/home/gohara/Downloads/pico/pico-sdk/lib/tinyusb/src/portable/raspberrypi/rp2040/dcd_rp2040.c.obj
                0x0000000010004908                dcd_edpt_stall
 .text.dcd_edpt_clear_stall
                0x0000000010004934       0x20 CMakeFiles/pico_serial_com.dir/home/gohara/Downloads/pico/pico-sdk/lib/tinyusb/src/portable/raspberrypi/rp2040/dcd_rp2040.c.obj
                0x0000000010004934                dcd_edpt_clear_stall
 .text.prepare_ep_buffer
                0x0000000010004954       0x70 CMakeFiles/pico_serial_com.dir/home/gohara/Downloads/pico/pico-sdk/lib/tinyusb/src/portable/raspberrypi/rp2040/rp2040_usb.c.obj
 .text.sync_ep_buffer
                0x00000000100049c4       0x7c CMakeFiles/pico_serial_com.dir/home/gohara/Downloads/pico/pico-sdk/lib/tinyusb/src/portable/raspberrypi/rp2040/rp2040_usb.c.obj
 .text._hw_endpoint_xfer_sync
                0x0000000010004a40       0x28 CMakeFiles/pico_serial_com.dir/home/gohara/Downloads/pico/pico-sdk/lib/tinyusb/src/portable/raspberrypi/rp2040/rp2040_usb.c.obj
 .text.rp2040_usb_init
                0x0000000010004a68       0x4c CMakeFiles/pico_serial_com.dir/home/gohara/Downloads/pico/pico-sdk/lib/tinyusb/src/portable/raspberrypi/rp2040/rp2040_usb.c.obj
                0x0000000010004a68                rp2040_usb_init
 .text.hw_endpoint_reset_transfer
                0x0000000010004ab4        0xc CMakeFiles/pico_serial_com.dir/home/gohara/Downloads/pico/pico-sdk/lib/tinyusb/src/portable/raspberrypi/rp2040/rp2040_usb.c.obj
                0x0000000010004ab4                hw_endpoint_reset_transfer
 .text._hw_endpoint_buffer_control_update32
                0x0000000010004ac0       0x58 CMakeFiles/pico_serial_com.dir/home/gohara/Downloads/pico/pico-sdk/lib/tinyusb/src/portable/raspberrypi/rp2040/rp2040_usb.c.obj
                0x0000000010004ac0                _hw_endpoint_buffer_control_update32
 .text._hw_endpoint_start_next_buffer
                0x0000000010004b18       0x74 CMakeFiles/pico_serial_com.dir/home/gohara/Downloads/pico/pico-sdk/lib/tinyusb/src/portable/raspberrypi/rp2040/rp2040_usb.c.obj
 .text.hw_endpoint_xfer_start
                0x0000000010004b8c       0x48 CMakeFiles/pico_serial_com.dir/home/gohara/Downloads/pico/pico-sdk/lib/tinyusb/src/portable/raspberrypi/rp2040/rp2040_usb.c.obj
                0x0000000010004b8c                hw_endpoint_xfer_start
 .text.hw_endpoint_xfer_continue
                0x0000000010004bd4       0x38 CMakeFiles/pico_serial_com.dir/home/gohara/Downloads/pico/pico-sdk/lib/tinyusb/src/portable/raspberrypi/rp2040/rp2040_usb.c.obj
                0x0000000010004bd4                hw_endpoint_xfer_continue
 .text.configuration_reset
                0x0000000010004c0c       0x84 CMakeFiles/pico_serial_com.dir/home/gohara/Downloads/pico/pico-sdk/lib/tinyusb/src/device/usbd.c.obj
 .text.usbd_reset
                0x0000000010004c90        0xc CMakeFiles/pico_serial_com.dir/home/gohara/Downloads/pico/pico-sdk/lib/tinyusb/src/device/usbd.c.obj
 .text.invoke_class_control
                0x0000000010004c9c       0x1a CMakeFiles/pico_serial_com.dir/home/gohara/Downloads/pico/pico-sdk/lib/tinyusb/src/device/usbd.c.obj
 *fill*         0x0000000010004cb6        0x2 
 .text.process_set_config
                0x0000000010004cb8      0x1a8 CMakeFiles/pico_serial_com.dir/home/gohara/Downloads/pico/pico-sdk/lib/tinyusb/src/device/usbd.c.obj
 .text.process_get_descriptor
                0x0000000010004e60       0xf8 CMakeFiles/pico_serial_com.dir/home/gohara/Downloads/pico/pico-sdk/lib/tinyusb/src/device/usbd.c.obj
 .text.tud_mounted
                0x0000000010004f58       0x10 CMakeFiles/pico_serial_com.dir/home/gohara/Downloads/pico/pico-sdk/lib/tinyusb/src/device/usbd.c.obj
                0x0000000010004f58                tud_mounted
 .text.tud_suspended
                0x0000000010004f68       0x10 CMakeFiles/pico_serial_com.dir/home/gohara/Downloads/pico/pico-sdk/lib/tinyusb/src/device/usbd.c.obj
                0x0000000010004f68                tud_suspended
 .text.tud_inited
                0x0000000010004f78        0xc CMakeFiles/pico_serial_com.dir/home/gohara/Downloads/pico/pico-sdk/lib/tinyusb/src/device/usbd.c.obj
                0x0000000010004f78                tud_inited
 .text.tud_init
                0x0000000010004f84       0xcc CMakeFiles/pico_serial_com.dir/home/gohara/Downloads/pico/pico-sdk/lib/tinyusb/src/device/usbd.c.obj
                0x0000000010004f84                tud_init
 .text.dcd_event_handler
                0x0000000010005050      0x1e0 CMakeFiles/pico_serial_com.dir/home/gohara/Downloads/pico/pico-sdk/lib/tinyusb/src/device/usbd.c.obj
                0x0000000010005050                dcd_event_handler
 .text.dcd_event_bus_signal
                0x0000000010005230       0x28 CMakeFiles/pico_serial_com.dir/home/gohara/Downloads/pico/pico-sdk/lib/tinyusb/src/device/usbd.c.obj
                0x0000000010005230                dcd_event_bus_signal
 .text.dcd_event_bus_reset
                0x0000000010005258       0x2c CMakeFiles/pico_serial_com.dir/home/gohara/Downloads/pico/pico-sdk/lib/tinyusb/src/device/usbd.c.obj
                0x0000000010005258                dcd_event_bus_reset
 .text.dcd_event_setup_received
                0x0000000010005284       0x34 CMakeFiles/pico_serial_com.dir/home/gohara/Downloads/pico/pico-sdk/lib/tinyusb/src/device/usbd.c.obj
                0x0000000010005284                dcd_event_setup_received
 .text.dcd_event_xfer_complete
                0x00000000100052b8       0x46 CMakeFiles/pico_serial_com.dir/home/gohara/Downloads/pico/pico-sdk/lib/tinyusb/src/device/usbd.c.obj
                0x00000000100052b8                dcd_event_xfer_complete
 *fill*         0x00000000100052fe        0x2 
 .text.usbd_edpt_open
                0x0000000010005300       0x58 CMakeFiles/pico_serial_com.dir/home/gohara/Downloads/pico/pico-sdk/lib/tinyusb/src/device/usbd.c.obj
                0x0000000010005300                usbd_edpt_open
 .text.usbd_open_edpt_pair
                0x0000000010005358       0x8c CMakeFiles/pico_serial_com.dir/home/gohara/Downloads/pico/pico-sdk/lib/tinyusb/src/device/usbd.c.obj
                0x0000000010005358                usbd_open_edpt_pair
 .text.usbd_edpt_claim
                0x00000000100053e4       0x88 CMakeFiles/pico_serial_com.dir/home/gohara/Downloads/pico/pico-sdk/lib/tinyusb/src/device/usbd.c.obj
                0x00000000100053e4                usbd_edpt_claim
 .text.usbd_edpt_release
                0x000000001000546c       0x68 CMakeFiles/pico_serial_com.dir/home/gohara/Downloads/pico/pico-sdk/lib/tinyusb/src/device/usbd.c.obj
                0x000000001000546c                usbd_edpt_release
 .text.usbd_edpt_xfer
                0x00000000100054d4       0x80 CMakeFiles/pico_serial_com.dir/home/gohara/Downloads/pico/pico-sdk/lib/tinyusb/src/device/usbd.c.obj
                0x00000000100054d4                usbd_edpt_xfer
 .text.usbd_edpt_stall
                0x0000000010005554       0x40 CMakeFiles/pico_serial_com.dir/home/gohara/Downloads/pico/pico-sdk/lib/tinyusb/src/device/usbd.c.obj
                0x0000000010005554                usbd_edpt_stall
 .text.usbd_edpt_clear_stall
                0x0000000010005594       0x40 CMakeFiles/pico_serial_com.dir/home/gohara/Downloads/pico/pico-sdk/lib/tinyusb/src/device/usbd.c.obj
                0x0000000010005594                usbd_edpt_clear_stall
 .text.usbd_edpt_stalled
                0x00000000100055d4       0x1c CMakeFiles/pico_serial_com.dir/home/gohara/Downloads/pico/pico-sdk/lib/tinyusb/src/device/usbd.c.obj
                0x00000000100055d4                usbd_edpt_stalled
 .text.process_control_request
                0x00000000100055f0      0x3bc CMakeFiles/pico_serial_com.dir/home/gohara/Downloads/pico/pico-sdk/lib/tinyusb/src/device/usbd.c.obj
 .text.tud_task
                0x00000000100059ac      0x218 CMakeFiles/pico_serial_com.dir/home/gohara/Downloads/pico/pico-sdk/lib/tinyusb/src/device/usbd.c.obj
                0x00000000100059ac                tud_task
 .text._data_stage_xact
                0x0000000010005bc4       0x58 CMakeFiles/pico_serial_com.dir/home/gohara/Downloads/pico/pico-sdk/lib/tinyusb/src/device/usbd_control.c.obj
 .text.tud_control_status
                0x0000000010005c1c       0x38 CMakeFiles/pico_serial_com.dir/home/gohara/Downloads/pico/pico-sdk/lib/tinyusb/src/device/usbd_control.c.obj
                0x0000000010005c1c                tud_control_status
 .text.tud_control_xfer
                0x0000000010005c54       0xa4 CMakeFiles/pico_serial_com.dir/home/gohara/Downloads/pico/pico-sdk/lib/tinyusb/src/device/usbd_control.c.obj
                0x0000000010005c54                tud_control_xfer
 .text.usbd_control_reset
                0x0000000010005cf8       0x14 CMakeFiles/pico_serial_com.dir/home/gohara/Downloads/pico/pico-sdk/lib/tinyusb/src/device/usbd_control.c.obj
                0x0000000010005cf8                usbd_control_reset
 .text.usbd_control_set_complete_callback
                0x0000000010005d0c        0xc CMakeFiles/pico_serial_com.dir/home/gohara/Downloads/pico/pico-sdk/lib/tinyusb/src/device/usbd_control.c.obj
                0x0000000010005d0c                usbd_control_set_complete_callback
 .text.usbd_control_set_request
                0x0000000010005d18       0x1c CMakeFiles/pico_serial_com.dir/home/gohara/Downloads/pico/pico-sdk/lib/tinyusb/src/device/usbd_control.c.obj
                0x0000000010005d18                usbd_control_set_request
 .text.usbd_control_xfer_cb
                0x0000000010005d34       0xfc CMakeFiles/pico_serial_com.dir/home/gohara/Downloads/pico/pico-sdk/lib/tinyusb/src/device/usbd_control.c.obj
                0x0000000010005d34                usbd_control_xfer_cb
 .text._prep_out_transaction
                0x0000000010005e30       0x46 CMakeFiles/pico_serial_com.dir/home/gohara/Downloads/pico/pico-sdk/lib/tinyusb/src/class/cdc/cdc_device.c.obj
 *fill*         0x0000000010005e76        0x2 
 .text.tud_cdc_n_connected
                0x0000000010005e78       0x44 CMakeFiles/pico_serial_com.dir/home/gohara/Downloads/pico/pico-sdk/lib/tinyusb/src/class/cdc/cdc_device.c.obj
                0x0000000010005e78                tud_cdc_n_connected
 .text.tud_cdc_n_available
                0x0000000010005ebc       0x18 CMakeFiles/pico_serial_com.dir/home/gohara/Downloads/pico/pico-sdk/lib/tinyusb/src/class/cdc/cdc_device.c.obj
                0x0000000010005ebc                tud_cdc_n_available
 .text.tud_cdc_n_read
                0x0000000010005ed4       0x28 CMakeFiles/pico_serial_com.dir/home/gohara/Downloads/pico/pico-sdk/lib/tinyusb/src/class/cdc/cdc_device.c.obj
                0x0000000010005ed4                tud_cdc_n_read
 .text.tud_cdc_n_write_flush
                0x0000000010005efc       0xcc CMakeFiles/pico_serial_com.dir/home/gohara/Downloads/pico/pico-sdk/lib/tinyusb/src/class/cdc/cdc_device.c.obj
                0x0000000010005efc                tud_cdc_n_write_flush
 .text.tud_cdc_n_write
                0x0000000010005fc8       0x38 CMakeFiles/pico_serial_com.dir/home/gohara/Downloads/pico/pico-sdk/lib/tinyusb/src/class/cdc/cdc_device.c.obj
                0x0000000010005fc8                tud_cdc_n_write
 .text.tud_cdc_n_write_available
                0x0000000010006000       0x1c CMakeFiles/pico_serial_com.dir/home/gohara/Downloads/pico/pico-sdk/lib/tinyusb/src/class/cdc/cdc_device.c.obj
                0x0000000010006000                tud_cdc_n_write_available
 .text.cdcd_init
                0x000000001000601c       0xb8 CMakeFiles/pico_serial_com.dir/home/gohara/Downloads/pico/pico-sdk/lib/tinyusb/src/class/cdc/cdc_device.c.obj
                0x000000001000601c                cdcd_init
 .text.cdcd_reset
                0x00000000100060d4       0x44 CMakeFiles/pico_serial_com.dir/home/gohara/Downloads/pico/pico-sdk/lib/tinyusb/src/class/cdc/cdc_device.c.obj
                0x00000000100060d4                cdcd_reset
 .text.cdcd_open
                0x0000000010006118       0xf8 CMakeFiles/pico_serial_com.dir/home/gohara/Downloads/pico/pico-sdk/lib/tinyusb/src/class/cdc/cdc_device.c.obj
                0x0000000010006118                cdcd_open
 .text.cdcd_control_xfer_cb
                0x0000000010006210      0x134 CMakeFiles/pico_serial_com.dir/home/gohara/Downloads/pico/pico-sdk/lib/tinyusb/src/class/cdc/cdc_device.c.obj
                0x0000000010006210                cdcd_control_xfer_cb
 .text.cdcd_xfer_cb
                0x0000000010006344      0x13c CMakeFiles/pico_serial_com.dir/home/gohara/Downloads/pico/pico-sdk/lib/tinyusb/src/class/cdc/cdc_device.c.obj
                0x0000000010006344                cdcd_xfer_cb
 .text.tusb_init
                0x0000000010006480       0x24 CMakeFiles/pico_serial_com.dir/home/gohara/Downloads/pico/pico-sdk/lib/tinyusb/src/tusb.c.obj
                0x0000000010006480                tusb_init
 .text.tusb_inited
                0x00000000100064a4        0xe CMakeFiles/pico_serial_com.dir/home/gohara/Downloads/pico/pico-sdk/lib/tinyusb/src/tusb.c.obj
                0x00000000100064a4                tusb_inited
 *fill*         0x00000000100064b2        0x2 
 .text.tu_edpt_validate
                0x00000000100064b4       0xa8 CMakeFiles/pico_serial_com.dir/home/gohara/Downloads/pico/pico-sdk/lib/tinyusb/src/tusb.c.obj
                0x00000000100064b4                tu_edpt_validate
 .text.tu_edpt_bind_driver
                0x000000001000655c       0x2a CMakeFiles/pico_serial_com.dir/home/gohara/Downloads/pico/pico-sdk/lib/tinyusb/src/tusb.c.obj
                0x000000001000655c                tu_edpt_bind_driver
 .text.advance_pointer
                0x0000000010006586       0x18 CMakeFiles/pico_serial_com.dir/home/gohara/Downloads/pico/pico-sdk/lib/tinyusb/src/common/tusb_fifo.c.obj
 .text.backward_pointer
                0x000000001000659e       0x1e CMakeFiles/pico_serial_com.dir/home/gohara/Downloads/pico/pico-sdk/lib/tinyusb/src/common/tusb_fifo.c.obj
 .text.get_relative_pointer
                0x00000000100065bc       0x10 CMakeFiles/pico_serial_com.dir/home/gohara/Downloads/pico/pico-sdk/lib/tinyusb/src/common/tusb_fifo.c.obj
 .text._tu_fifo_peek
                0x00000000100065cc       0x4c CMakeFiles/pico_serial_com.dir/home/gohara/Downloads/pico/pico-sdk/lib/tinyusb/src/common/tusb_fifo.c.obj
 .text._ff_pull_const_addr
                0x0000000010006618       0x46 CMakeFiles/pico_serial_com.dir/home/gohara/Downloads/pico/pico-sdk/lib/tinyusb/src/common/tusb_fifo.c.obj
 .text._ff_pull_n
                0x000000001000665e      0x100 CMakeFiles/pico_serial_com.dir/home/gohara/Downloads/pico/pico-sdk/lib/tinyusb/src/common/tusb_fifo.c.obj
 .text._tu_fifo_peek_n
                0x000000001000675e       0x5e CMakeFiles/pico_serial_com.dir/home/gohara/Downloads/pico/pico-sdk/lib/tinyusb/src/common/tusb_fifo.c.obj
 .text._tu_fifo_read_n
                0x00000000100067bc       0x4e CMakeFiles/pico_serial_com.dir/home/gohara/Downloads/pico/pico-sdk/lib/tinyusb/src/common/tusb_fifo.c.obj
 .text._ff_push_const_addr
                0x000000001000680a       0x3a CMakeFiles/pico_serial_com.dir/home/gohara/Downloads/pico/pico-sdk/lib/tinyusb/src/common/tusb_fifo.c.obj
 .text._ff_push_n
                0x0000000010006844       0xfa CMakeFiles/pico_serial_com.dir/home/gohara/Downloads/pico/pico-sdk/lib/tinyusb/src/common/tusb_fifo.c.obj
 .text._tu_fifo_write_n
                0x000000001000693e       0x9e CMakeFiles/pico_serial_com.dir/home/gohara/Downloads/pico/pico-sdk/lib/tinyusb/src/common/tusb_fifo.c.obj
 .text.tu_fifo_config
                0x00000000100069dc       0x72 CMakeFiles/pico_serial_com.dir/home/gohara/Downloads/pico/pico-sdk/lib/tinyusb/src/common/tusb_fifo.c.obj
                0x00000000100069dc                tu_fifo_config
 .text.tu_fifo_count
                0x0000000010006a4e       0x24 CMakeFiles/pico_serial_com.dir/home/gohara/Downloads/pico/pico-sdk/lib/tinyusb/src/common/tusb_fifo.c.obj
                0x0000000010006a4e                tu_fifo_count
 .text.tu_fifo_empty
                0x0000000010006a72        0xe CMakeFiles/pico_serial_com.dir/home/gohara/Downloads/pico/pico-sdk/lib/tinyusb/src/common/tusb_fifo.c.obj
                0x0000000010006a72                tu_fifo_empty
 .text.tu_fifo_remaining
                0x0000000010006a80       0x20 CMakeFiles/pico_serial_com.dir/home/gohara/Downloads/pico/pico-sdk/lib/tinyusb/src/common/tusb_fifo.c.obj
                0x0000000010006a80                tu_fifo_remaining
 .text.tu_fifo_read
                0x0000000010006aa0       0x42 CMakeFiles/pico_serial_com.dir/home/gohara/Downloads/pico/pico-sdk/lib/tinyusb/src/common/tusb_fifo.c.obj
                0x0000000010006aa0                tu_fifo_read
 .text.tu_fifo_read_n
                0x0000000010006ae2        0xa CMakeFiles/pico_serial_com.dir/home/gohara/Downloads/pico/pico-sdk/lib/tinyusb/src/common/tusb_fifo.c.obj
                0x0000000010006ae2                tu_fifo_read_n
 .text.tu_fifo_write
                0x0000000010006aec       0x6c CMakeFiles/pico_serial_com.dir/home/gohara/Downloads/pico/pico-sdk/lib/tinyusb/src/common/tusb_fifo.c.obj
                0x0000000010006aec                tu_fifo_write
 .text.tu_fifo_write_n
                0x0000000010006b58        0xa CMakeFiles/pico_serial_com.dir/home/gohara/Downloads/pico/pico-sdk/lib/tinyusb/src/common/tusb_fifo.c.obj
                0x0000000010006b58                tu_fifo_write_n
 .text.tu_fifo_clear
                0x0000000010006b62       0x4c CMakeFiles/pico_serial_com.dir/home/gohara/Downloads/pico/pico-sdk/lib/tinyusb/src/common/tusb_fifo.c.obj
                0x0000000010006b62                tu_fifo_clear
 .text.tu_fifo_set_overwritable
                0x0000000010006bae       0x3c CMakeFiles/pico_serial_com.dir/home/gohara/Downloads/pico/pico-sdk/lib/tinyusb/src/common/tusb_fifo.c.obj
                0x0000000010006bae                tu_fifo_set_overwritable
 *fill*         0x0000000010006bea        0x2 
 .text._retrieve_unique_id_on_boot
                0x0000000010006bec       0x10 CMakeFiles/pico_serial_com.dir/home/gohara/Downloads/pico/pico-sdk/src/rp2_common/pico_unique_id/unique_id.c.obj
 .text.pico_get_unique_board_id_string
                0x0000000010006bfc       0x60 CMakeFiles/pico_serial_com.dir/home/gohara/Downloads/pico/pico-sdk/src/rp2_common/pico_unique_id/unique_id.c.obj
                0x0000000010006bfc                pico_get_unique_board_id_string
 .text.flash_get_unique_id
                0x0000000010006c5c       0x40 CMakeFiles/pico_serial_com.dir/home/gohara/Downloads/pico/pico-sdk/src/rp2_common/hardware_flash/flash.c.obj
                0x0000000010006c5c                flash_get_unique_id
 .text          0x0000000010006c9c       0x68 /usr/lib/gcc/arm-none-eabi/8.3.1/../../../arm-none-eabi/lib/thumb/v6-m/nofp/libg.a(lib_a-strlen-stub.o)
                0x0000000010006c9c                strlen
 *(.fini)
 .fini          0x0000000010006d04        0x4 /usr/lib/gcc/arm-none-eabi/8.3.1/thumb/v6-m/nofp/crti.o
                0x0000000010006d04                _fini
 .fini.__stub   0x0000000010006d08       0x70 linker stubs
 *crtbegin.o(.ctors)
 *crtbegin?.o(.ctors)
 *(EXCLUDE_FILE(*crtend.o *crtend?.o) .ctors)
 *(SORT_BY_NAME(.ctors.*))
 *(.ctors)
 *crtbegin.o(.dtors)
 *crtbegin?.o(.dtors)
 *(EXCLUDE_FILE(*crtend.o *crtend?.o) .dtors)
 *(SORT_BY_NAME(.dtors.*))
 *(.dtors)
 *(.eh_frame*)
 .eh_frame      0x0000000010006d78        0x0 /usr/lib/gcc/arm-none-eabi/8.3.1/thumb/v6-m/nofp/crtbegin.o
                0x0000000010006d78                . = ALIGN (0x4)

.glue_7         0x0000000010006d78        0x0
 .glue_7        0x0000000010006d78        0x0 linker stubs

.glue_7t        0x0000000010006d78        0x0
 .glue_7t       0x0000000010006d78        0x0 linker stubs

.vfp11_veneer   0x0000000010006d78        0x0
 .vfp11_veneer  0x0000000010006d78        0x0 linker stubs

.v4_bx          0x0000000010006d78        0x0
 .v4_bx         0x0000000010006d78        0x0 linker stubs

.iplt           0x0000000010006d78        0x0
 .iplt          0x0000000010006d78        0x0 /usr/lib/gcc/arm-none-eabi/8.3.1/thumb/v6-m/nofp/crtbegin.o

.rodata         0x0000000010006d78     0x160c
 *(EXCLUDE_FILE(*libm.a: *libc.a:*lib_a-mem*.o *libgcc.a:) .rodata*)
 .rodata.main.str1.4
                0x0000000010006d78       0x13 CMakeFiles/pico_serial_com.dir/pico_serial_com.c.obj
 *fill*         0x0000000010006d8b        0x1 
 .rodata.spin_lock_claim_unused.str1.4
                0x0000000010006d8c       0x1b CMakeFiles/pico_serial_com.dir/home/gohara/Downloads/pico/pico-sdk/src/rp2_common/hardware_sync/sync.c.obj
 *fill*         0x0000000010006da7        0x1 
 .rodata.__func__.5751
                0x0000000010006da8       0x15 CMakeFiles/pico_serial_com.dir/home/gohara/Downloads/pico/pico-sdk/src/common/pico_time/time.c.obj
 *fill*         0x0000000010006dbd        0x3 
 .rodata.__func__.6057
                0x0000000010006dc0        0xc CMakeFiles/pico_serial_com.dir/home/gohara/Downloads/pico/pico-sdk/src/common/pico_time/time.c.obj
 .rodata.__func__.6064
                0x0000000010006dcc       0x12 CMakeFiles/pico_serial_com.dir/home/gohara/Downloads/pico/pico-sdk/src/common/pico_time/time.c.obj
 *fill*         0x0000000010006dde        0x2 
 .rodata.__func__.6080
                0x0000000010006de0        0xf CMakeFiles/pico_serial_com.dir/home/gohara/Downloads/pico/pico-sdk/src/common/pico_time/time.c.obj
 *fill*         0x0000000010006def        0x1 
 .rodata.__func__.6102
                0x0000000010006df0        0xd CMakeFiles/pico_serial_com.dir/home/gohara/Downloads/pico/pico-sdk/src/common/pico_time/time.c.obj
 *fill*         0x0000000010006dfd        0x3 
 .rodata.__func__.6326
                0x0000000010006e00        0xa CMakeFiles/pico_serial_com.dir/home/gohara/Downloads/pico/pico-sdk/src/common/pico_time/time.c.obj
 *fill*         0x0000000010006e0a        0x2 
 .rodata.__func__.6331
                0x0000000010006e0c       0x12 CMakeFiles/pico_serial_com.dir/home/gohara/Downloads/pico/pico-sdk/src/common/pico_time/time.c.obj
 *fill*         0x0000000010006e1e        0x2 
 .rodata.__func__.6346
                0x0000000010006e20       0x17 CMakeFiles/pico_serial_com.dir/home/gohara/Downloads/pico/pico-sdk/src/common/pico_time/time.c.obj
 *fill*         0x0000000010006e37        0x1 
 .rodata.__func__.6357
                0x0000000010006e38       0x15 CMakeFiles/pico_serial_com.dir/home/gohara/Downloads/pico/pico-sdk/src/common/pico_time/time.c.obj
 *fill*         0x0000000010006e4d        0x3 
 .rodata.__func__.6374
                0x0000000010006e50       0x1a CMakeFiles/pico_serial_com.dir/home/gohara/Downloads/pico/pico-sdk/src/common/pico_time/time.c.obj
 *fill*         0x0000000010006e6a        0x2 
 .rodata.__func__.6413
                0x0000000010006e6c       0x18 CMakeFiles/pico_serial_com.dir/home/gohara/Downloads/pico/pico-sdk/src/common/pico_time/time.c.obj
 .rodata.add_alarm_under_lock.str1.4
                0x0000000010006e84       0x28 CMakeFiles/pico_serial_com.dir/home/gohara/Downloads/pico/pico-sdk/src/common/pico_time/time.c.obj
                                         0x2b (size before relaxing)
 .rodata.alarm_pool_alarm_callback.str1.4
                0x0000000010006eac       0xee CMakeFiles/pico_serial_com.dir/home/gohara/Downloads/pico/pico-sdk/src/common/pico_time/time.c.obj
 *fill*         0x0000000010006f9a        0x2 
 .rodata.alarm_pool_cancel_alarm.str1.4
                0x0000000010006f9c       0x27 CMakeFiles/pico_serial_com.dir/home/gohara/Downloads/pico/pico-sdk/src/common/pico_time/time.c.obj
 *fill*         0x0000000010006fc3        0x1 
 .rodata.alarm_pool_dump_key.str1.4
                0x0000000010006fc4       0x33 CMakeFiles/pico_serial_com.dir/home/gohara/Downloads/pico/pico-sdk/src/common/pico_time/time.c.obj
 *fill*         0x0000000010006ff7        0x1 
 .rodata.alarm_pool_get_default.str1.4
                0x0000000010006ff8       0x21 CMakeFiles/pico_serial_com.dir/home/gohara/Downloads/pico/pico-sdk/src/common/pico_time/time.c.obj
 *fill*         0x0000000010007019        0x3 
 .rodata.ph_add_child_node.str1.4
                0x000000001000701c       0x9e CMakeFiles/pico_serial_com.dir/home/gohara/Downloads/pico/pico-sdk/src/common/pico_time/time.c.obj
 *fill*         0x00000000100070ba        0x2 
 .rodata.repeating_timer_callback.str1.4
                0x00000000100070bc       0x55 CMakeFiles/pico_serial_com.dir/home/gohara/Downloads/pico/pico-sdk/src/common/pico_time/time.c.obj
 *fill*         0x0000000010007111        0x3 
 .rodata.__func__.4609
                0x0000000010007114       0x1a CMakeFiles/pico_serial_com.dir/home/gohara/Downloads/pico/pico-sdk/src/rp2_common/hardware_timer/timer.c.obj
 *fill*         0x000000001000712e        0x2 
 .rodata.hardware_alarm_claim.str1.4
                0x0000000010007130       0x22 CMakeFiles/pico_serial_com.dir/home/gohara/Downloads/pico/pico-sdk/src/rp2_common/hardware_timer/timer.c.obj
 *fill*         0x0000000010007152        0x2 
 .rodata.hardware_alarm_set_target.str1.4
                0x0000000010007154       0x6f CMakeFiles/pico_serial_com.dir/home/gohara/Downloads/pico/pico-sdk/src/rp2_common/hardware_timer/timer.c.obj
 *fill*         0x00000000100071c3        0x1 
 .rodata.__func__.4243
                0x00000000100071c4       0x15 CMakeFiles/pico_serial_com.dir/home/gohara/Downloads/pico/pico-sdk/src/common/pico_sync/mutex.c.obj
 *fill*         0x00000000100071d9        0x3 
 .rodata.__func__.4731
                0x00000000100071dc       0x18 CMakeFiles/pico_serial_com.dir/home/gohara/Downloads/pico/pico-sdk/src/common/pico_sync/mutex.c.obj
 .rodata.__func__.4750
                0x00000000100071f4        0xb CMakeFiles/pico_serial_com.dir/home/gohara/Downloads/pico/pico-sdk/src/common/pico_sync/mutex.c.obj
 *fill*         0x00000000100071ff        0x1 
 .rodata.str1.4
                0x0000000010007200       0x95 CMakeFiles/pico_serial_com.dir/home/gohara/Downloads/pico/pico-sdk/src/common/pico_sync/mutex.c.obj
                                        0x101 (size before relaxing)
 *fill*         0x0000000010007295        0x3 
 .rodata.__func__.5758
                0x0000000010007298        0xc CMakeFiles/pico_serial_com.dir/home/gohara/Downloads/pico/pico-sdk/src/common/pico_util/pheap.c.obj
 .rodata.__func__.5765
                0x00000000100072a4       0x12 CMakeFiles/pico_serial_com.dir/home/gohara/Downloads/pico/pico-sdk/src/common/pico_util/pheap.c.obj
 *fill*         0x00000000100072b6        0x2 
 .rodata.__func__.5851
                0x00000000100072b8       0x13 CMakeFiles/pico_serial_com.dir/home/gohara/Downloads/pico/pico-sdk/src/common/pico_util/pheap.c.obj
 *fill*         0x00000000100072cb        0x1 
 .rodata.__func__.5869
                0x00000000100072cc       0x18 CMakeFiles/pico_serial_com.dir/home/gohara/Downloads/pico/pico-sdk/src/common/pico_util/pheap.c.obj
 .rodata.ph_add_child_node.str1.4
                0x00000000100072e4       0x9e CMakeFiles/pico_serial_com.dir/home/gohara/Downloads/pico/pico-sdk/src/common/pico_util/pheap.c.obj
 .rodata.ph_remove_and_free_node.str1.4
                0x00000000100072e4       0x26 CMakeFiles/pico_serial_com.dir/home/gohara/Downloads/pico/pico-sdk/src/common/pico_util/pheap.c.obj
 *fill*         0x000000001000730a        0x2 
 .rodata.ph_remove_any_head.str1.4
                0x000000001000730c       0x98 CMakeFiles/pico_serial_com.dir/home/gohara/Downloads/pico/pico-sdk/src/common/pico_util/pheap.c.obj
 .rodata.__assert_func.str1.4
                0x00000000100073a4       0x3f CMakeFiles/pico_serial_com.dir/home/gohara/Downloads/pico/pico-sdk/src/rp2_common/pico_runtime/runtime.c.obj
                                         0x43 (size before relaxing)
 *fill*         0x00000000100073e3        0x1 
 .rodata.__func__.5866
                0x00000000100073e4        0xd CMakeFiles/pico_serial_com.dir/home/gohara/Downloads/pico/pico-sdk/src/rp2_common/pico_runtime/runtime.c.obj
 *fill*         0x00000000100073f1        0x3 
 .rodata.panic.str1.4
                0x00000000100073f4       0x12 CMakeFiles/pico_serial_com.dir/home/gohara/Downloads/pico/pico-sdk/src/rp2_common/pico_runtime/runtime.c.obj
 *fill*         0x0000000010007406        0x2 
 .rodata.runtime_init.str1.4
                0x0000000010007408       0x6b CMakeFiles/pico_serial_com.dir/home/gohara/Downloads/pico/pico-sdk/src/rp2_common/pico_runtime/runtime.c.obj
 *fill*         0x0000000010007473        0x1 
 .rodata.__func__.4738
                0x0000000010007474       0x10 CMakeFiles/pico_serial_com.dir/home/gohara/Downloads/pico/pico-sdk/src/rp2_common/hardware_clocks/clocks.c.obj
 .rodata.clock_configure.str1.4
                0x0000000010007484       0x61 CMakeFiles/pico_serial_com.dir/home/gohara/Downloads/pico/pico-sdk/src/rp2_common/hardware_clocks/clocks.c.obj
 *fill*         0x00000000100074e5        0x3 
 .rodata.__func__.4783
                0x00000000100074e8       0x1a CMakeFiles/pico_serial_com.dir/home/gohara/Downloads/pico/pico-sdk/src/rp2_common/hardware_irq/irq.c.obj
 *fill*         0x0000000010007502        0x2 
 .rodata.__func__.4797
                0x0000000010007504        0xc CMakeFiles/pico_serial_com.dir/home/gohara/Downloads/pico/pico-sdk/src/rp2_common/hardware_irq/irq.c.obj
 .rodata.__func__.4805
                0x0000000010007510       0x17 CMakeFiles/pico_serial_com.dir/home/gohara/Downloads/pico/pico-sdk/src/rp2_common/hardware_irq/irq.c.obj
 *fill*         0x0000000010007527        0x1 
 .rodata.__func__.4809
                0x0000000010007528        0xf CMakeFiles/pico_serial_com.dir/home/gohara/Downloads/pico/pico-sdk/src/rp2_common/hardware_irq/irq.c.obj
 *fill*         0x0000000010007537        0x1 
 .rodata.__func__.4848
                0x0000000010007538       0x13 CMakeFiles/pico_serial_com.dir/home/gohara/Downloads/pico/pico-sdk/src/rp2_common/hardware_irq/irq.c.obj
 *fill*         0x000000001000754b        0x1 
 .rodata.__func__.4871
                0x000000001000754c       0x1a CMakeFiles/pico_serial_com.dir/home/gohara/Downloads/pico/pico-sdk/src/rp2_common/hardware_irq/irq.c.obj
 *fill*         0x0000000010007566        0x2 
 .rodata.irq_add_shared_handler.str1.4
                0x0000000010007568       0xd9 CMakeFiles/pico_serial_com.dir/home/gohara/Downloads/pico/pico-sdk/src/rp2_common/hardware_irq/irq.c.obj
 *fill*         0x0000000010007641        0x3 
 .rodata.irq_add_tail_to_free_list.str1.4
                0x0000000010007644       0x32 CMakeFiles/pico_serial_com.dir/home/gohara/Downloads/pico/pico-sdk/src/rp2_common/hardware_irq/irq.c.obj
                                         0x3a (size before relaxing)
 *fill*         0x0000000010007676        0x2 
 .rodata.irq_remove_handler.str1.4
                0x0000000010007678       0x2a CMakeFiles/pico_serial_com.dir/home/gohara/Downloads/pico/pico-sdk/src/rp2_common/hardware_irq/irq.c.obj
 *fill*         0x00000000100076a2        0x2 
 .rodata.irq_set_exclusive_handler.str1.4
                0x00000000100076a4       0x36 CMakeFiles/pico_serial_com.dir/home/gohara/Downloads/pico/pico-sdk/src/rp2_common/hardware_irq/irq.c.obj
 *fill*         0x00000000100076da        0x2 
 .rodata.make_branch.str1.4
                0x00000000100076dc       0x57 CMakeFiles/pico_serial_com.dir/home/gohara/Downloads/pico/pico-sdk/src/rp2_common/hardware_irq/irq.c.obj
 *fill*         0x0000000010007733        0x1 
 .rodata.__func__.4458
                0x0000000010007734        0x9 CMakeFiles/pico_serial_com.dir/home/gohara/Downloads/pico/pico-sdk/src/rp2_common/hardware_pll/pll.c.obj
 *fill*         0x000000001000773d        0x3 
 .rodata.pll_init.str1.4
                0x0000000010007740       0xe3 CMakeFiles/pico_serial_com.dir/home/gohara/Downloads/pico/pico-sdk/src/rp2_common/hardware_pll/pll.c.obj
 *fill*         0x0000000010007823        0x1 
 .rodata._vsnprintf
                0x0000000010007824      0x1e0 CMakeFiles/pico_serial_com.dir/home/gohara/Downloads/pico/pico-sdk/src/rp2_common/pico_printf/printf.c.obj
 .rodata._ftoa.str1.4
                0x0000000010007a04       0x15 CMakeFiles/pico_serial_com.dir/home/gohara/Downloads/pico/pico-sdk/src/rp2_common/pico_printf/printf.c.obj
 *fill*         0x0000000010007a19        0x7 
 .rodata.pow10.5472
                0x0000000010007a20       0x50 CMakeFiles/pico_serial_com.dir/home/gohara/Downloads/pico/pico-sdk/src/rp2_common/pico_printf/printf.c.obj
 .rodata.__aeabi_double_init.str1.4
                0x0000000010007a70       0xb2 CMakeFiles/pico_serial_com.dir/home/gohara/Downloads/pico/pico-sdk/src/rp2_common/pico_double/double_init_rom.c.obj
 *fill*         0x0000000010007b22        0x2 
 .rodata.__func__.4769
                0x0000000010007b24       0x14 CMakeFiles/pico_serial_com.dir/home/gohara/Downloads/pico/pico-sdk/src/rp2_common/pico_double/double_init_rom.c.obj
 .rodata.__aeabi_float_init.str1.4
                0x0000000010007b38       0x84 CMakeFiles/pico_serial_com.dir/home/gohara/Downloads/pico/pico-sdk/src/rp2_common/pico_float/float_init_rom.c.obj
                                         0x88 (size before relaxing)
 .rodata.__func__.4770
                0x0000000010007bbc       0x13 CMakeFiles/pico_serial_com.dir/home/gohara/Downloads/pico/pico-sdk/src/rp2_common/pico_float/float_init_rom.c.obj
 *fill*         0x0000000010007bcf        0x1 
 .rodata.__bi_44
                0x0000000010007bd0        0xc CMakeFiles/pico_serial_com.dir/home/gohara/Downloads/pico/pico-sdk/src/rp2_common/pico_standard_link/binary_info.c.obj
 .rodata.__bi_56
                0x0000000010007bdc        0xc CMakeFiles/pico_serial_com.dir/home/gohara/Downloads/pico/pico-sdk/src/rp2_common/pico_standard_link/binary_info.c.obj
 .rodata.__bi_75
                0x0000000010007be8        0xc CMakeFiles/pico_serial_com.dir/home/gohara/Downloads/pico/pico-sdk/src/rp2_common/pico_standard_link/binary_info.c.obj
 .rodata.__bi_81
                0x0000000010007bf4        0xc CMakeFiles/pico_serial_com.dir/home/gohara/Downloads/pico/pico-sdk/src/rp2_common/pico_standard_link/binary_info.c.obj
 .rodata.str1.4
                0x0000000010007c00       0x48 CMakeFiles/pico_serial_com.dir/home/gohara/Downloads/pico/pico-sdk/src/rp2_common/pico_standard_link/binary_info.c.obj
 .rodata.crlf_str.5951
                0x0000000010007c48        0x2 CMakeFiles/pico_serial_com.dir/home/gohara/Downloads/pico/pico-sdk/src/rp2_common/pico_stdio/stdio.c.obj
 *fill*         0x0000000010007c4a        0x2 
 .rodata._resetd_driver
                0x0000000010007c4c       0x18 CMakeFiles/pico_serial_com.dir/home/gohara/Downloads/pico/pico-sdk/src/rp2_common/pico_stdio_usb/reset_interface.c.obj
 .rodata.__bi_93.7266
                0x0000000010007c64        0xc CMakeFiles/pico_serial_com.dir/home/gohara/Downloads/pico/pico-sdk/src/rp2_common/pico_stdio_usb/stdio_usb.c.obj
 .rodata.__func__.5474
                0x0000000010007c70       0x15 CMakeFiles/pico_serial_com.dir/home/gohara/Downloads/pico/pico-sdk/src/rp2_common/pico_stdio_usb/stdio_usb.c.obj
 .rodata.stdio_usb_init.str1.4
                0x0000000010007c85       0x6b CMakeFiles/pico_serial_com.dir/home/gohara/Downloads/pico/pico-sdk/src/rp2_common/pico_stdio_usb/stdio_usb.c.obj
 *fill*         0x0000000010007c85        0x3 
 .rodata.str1.4
                0x0000000010007c88       0x13 CMakeFiles/pico_serial_com.dir/home/gohara/Downloads/pico/pico-sdk/src/rp2_common/pico_stdio_usb/stdio_usb.c.obj
 *fill*         0x0000000010007c9b        0x1 
 .rodata.str1.4
                0x0000000010007c9c       0x2a CMakeFiles/pico_serial_com.dir/home/gohara/Downloads/pico/pico-sdk/src/rp2_common/pico_stdio_usb/stdio_usb_descriptors.c.obj
 *fill*         0x0000000010007cc6        0x2 
 .rodata.usbd_desc_cfg
                0x0000000010007cc8       0x54 CMakeFiles/pico_serial_com.dir/home/gohara/Downloads/pico/pico-sdk/src/rp2_common/pico_stdio_usb/stdio_usb_descriptors.c.obj
 .rodata.usbd_desc_device
                0x0000000010007d1c       0x12 CMakeFiles/pico_serial_com.dir/home/gohara/Downloads/pico/pico-sdk/src/rp2_common/pico_stdio_usb/stdio_usb_descriptors.c.obj
 *fill*         0x0000000010007d2e        0x2 
 .rodata.usbd_desc_str
                0x0000000010007d30       0x18 CMakeFiles/pico_serial_com.dir/home/gohara/Downloads/pico/pico-sdk/src/rp2_common/pico_stdio_usb/stdio_usb_descriptors.c.obj
 .rodata.__func__.6938
                0x0000000010007d48       0x13 CMakeFiles/pico_serial_com.dir/home/gohara/Downloads/pico/pico-sdk/lib/tinyusb/src/portable/raspberrypi/rp2040/dcd_rp2040.c.obj
 *fill*         0x0000000010007d5b        0x1 
 .rodata.__func__.6991
                0x0000000010007d5c        0x9 CMakeFiles/pico_serial_com.dir/home/gohara/Downloads/pico/pico-sdk/lib/tinyusb/src/portable/raspberrypi/rp2040/dcd_rp2040.c.obj
 *fill*         0x0000000010007d65        0x3 
 .rodata.__func__.6995
                0x0000000010007d68        0xf CMakeFiles/pico_serial_com.dir/home/gohara/Downloads/pico/pico-sdk/lib/tinyusb/src/portable/raspberrypi/rp2040/dcd_rp2040.c.obj
 *fill*         0x0000000010007d77        0x1 
 .rodata.__func__.7004
                0x0000000010007d78       0x10 CMakeFiles/pico_serial_com.dir/home/gohara/Downloads/pico/pico-sdk/lib/tinyusb/src/portable/raspberrypi/rp2040/dcd_rp2040.c.obj
 .rodata.__func__.7023
                0x0000000010007d88        0xe CMakeFiles/pico_serial_com.dir/home/gohara/Downloads/pico/pico-sdk/lib/tinyusb/src/portable/raspberrypi/rp2040/dcd_rp2040.c.obj
 *fill*         0x0000000010007d96        0x2 
 .rodata.__func__.7033
                0x0000000010007d98        0xe CMakeFiles/pico_serial_com.dir/home/gohara/Downloads/pico/pico-sdk/lib/tinyusb/src/portable/raspberrypi/rp2040/dcd_rp2040.c.obj
 *fill*         0x0000000010007da6        0x2 
 .rodata._hw_endpoint_alloc.str1.4
                0x0000000010007da8       0xc1 CMakeFiles/pico_serial_com.dir/home/gohara/Downloads/pico/pico-sdk/lib/tinyusb/src/portable/raspberrypi/rp2040/dcd_rp2040.c.obj
 *fill*         0x0000000010007e69        0x3 
 .rodata.dcd_int_enable.str1.4
                0x0000000010007e6c        0xc CMakeFiles/pico_serial_com.dir/home/gohara/Downloads/pico/pico-sdk/lib/tinyusb/src/portable/raspberrypi/rp2040/dcd_rp2040.c.obj
 .rodata.dcd_rp2040_irq.str1.4
                0x0000000010007e78       0x14 CMakeFiles/pico_serial_com.dir/home/gohara/Downloads/pico/pico-sdk/lib/tinyusb/src/portable/raspberrypi/rp2040/dcd_rp2040.c.obj
 .rodata.__func__.6705
                0x0000000010007e8c        0xf CMakeFiles/pico_serial_com.dir/home/gohara/Downloads/pico/pico-sdk/lib/tinyusb/src/portable/raspberrypi/rp2040/rp2040_usb.c.obj
 *fill*         0x0000000010007e9b        0x1 
 .rodata._hw_endpoint_buffer_control_update32.str1.4
                0x0000000010007e9c       0x1f CMakeFiles/pico_serial_com.dir/home/gohara/Downloads/pico/pico-sdk/lib/tinyusb/src/portable/raspberrypi/rp2040/rp2040_usb.c.obj
 *fill*         0x0000000010007ebb        0x1 
 .rodata.hw_endpoint_xfer_continue.str1.4
                0x0000000010007ebc       0x29 CMakeFiles/pico_serial_com.dir/home/gohara/Downloads/pico/pico-sdk/lib/tinyusb/src/portable/raspberrypi/rp2040/rp2040_usb.c.obj
 *fill*         0x0000000010007ee5        0x3 
 .rodata.hw_endpoint_xfer_start.str1.4
                0x0000000010007ee8       0x38 CMakeFiles/pico_serial_com.dir/home/gohara/Downloads/pico/pico-sdk/lib/tinyusb/src/portable/raspberrypi/rp2040/rp2040_usb.c.obj
 .rodata.str1.4
                0x0000000010007f20        0x7 CMakeFiles/pico_serial_com.dir/home/gohara/Downloads/pico/pico-sdk/lib/tinyusb/src/portable/raspberrypi/rp2040/rp2040_usb.c.obj
 *fill*         0x0000000010007f27        0x1 
 .rodata.sync_ep_buffer.str1.4
                0x0000000010007f28       0x9d CMakeFiles/pico_serial_com.dir/home/gohara/Downloads/pico/pico-sdk/lib/tinyusb/src/portable/raspberrypi/rp2040/rp2040_usb.c.obj
 *fill*         0x0000000010007fc5        0x3 
 .rodata.process_get_descriptor
                0x0000000010007fc8       0x40 CMakeFiles/pico_serial_com.dir/home/gohara/Downloads/pico/pico-sdk/lib/tinyusb/src/device/usbd.c.obj
 .rodata.process_control_request
                0x0000000010008008       0x28 CMakeFiles/pico_serial_com.dir/home/gohara/Downloads/pico/pico-sdk/lib/tinyusb/src/device/usbd.c.obj
 .rodata.tud_task
                0x0000000010008030       0x24 CMakeFiles/pico_serial_com.dir/home/gohara/Downloads/pico/pico-sdk/lib/tinyusb/src/device/usbd.c.obj
 .rodata.__func__.6614
                0x0000000010008054       0x10 CMakeFiles/pico_serial_com.dir/home/gohara/Downloads/pico/pico-sdk/lib/tinyusb/src/device/usbd.c.obj
 .rodata.__func__.7412
                0x0000000010008064        0x9 CMakeFiles/pico_serial_com.dir/home/gohara/Downloads/pico/pico-sdk/lib/tinyusb/src/device/usbd.c.obj
 *fill*         0x000000001000806d        0x3 
 .rodata.__func__.7433
                0x0000000010008070       0x18 CMakeFiles/pico_serial_com.dir/home/gohara/Downloads/pico/pico-sdk/lib/tinyusb/src/device/usbd.c.obj
 .rodata.__func__.7476
                0x0000000010008088       0x13 CMakeFiles/pico_serial_com.dir/home/gohara/Downloads/pico/pico-sdk/lib/tinyusb/src/device/usbd.c.obj
 *fill*         0x000000001000809b        0x1 
 .rodata.__func__.7511
                0x000000001000809c       0x17 CMakeFiles/pico_serial_com.dir/home/gohara/Downloads/pico/pico-sdk/lib/tinyusb/src/device/usbd.c.obj
 *fill*         0x00000000100080b3        0x1 
 .rodata.__func__.7565
                0x00000000100080b4       0x14 CMakeFiles/pico_serial_com.dir/home/gohara/Downloads/pico/pico-sdk/lib/tinyusb/src/device/usbd.c.obj
 .rodata.__func__.7579
                0x00000000100080c8        0xf CMakeFiles/pico_serial_com.dir/home/gohara/Downloads/pico/pico-sdk/lib/tinyusb/src/device/usbd.c.obj
 *fill*         0x00000000100080d7        0x1 
 .rodata.__func__.7602
                0x00000000100080d8        0xf CMakeFiles/pico_serial_com.dir/home/gohara/Downloads/pico/pico-sdk/lib/tinyusb/src/device/usbd.c.obj
 *fill*         0x00000000100080e7        0x1 
 .rodata._usbd_driver
                0x00000000100080e8       0x18 CMakeFiles/pico_serial_com.dir/home/gohara/Downloads/pico/pico-sdk/lib/tinyusb/src/device/usbd.c.obj
 .rodata.process_set_config.str1.4
                0x0000000010008100       0x17 CMakeFiles/pico_serial_com.dir/home/gohara/Downloads/pico/pico-sdk/lib/tinyusb/src/device/usbd.c.obj
 *fill*         0x0000000010008117        0x1 
 .rodata.__func__.7327
                0x0000000010008118       0x11 CMakeFiles/pico_serial_com.dir/home/gohara/Downloads/pico/pico-sdk/lib/tinyusb/src/device/usbd_control.c.obj
 *fill*         0x0000000010008129        0x3 
 .rodata.__func__.7354
                0x000000001000812c       0x15 CMakeFiles/pico_serial_com.dir/home/gohara/Downloads/pico/pico-sdk/lib/tinyusb/src/device/usbd_control.c.obj
 .rodata.tud_control_xfer.str1.4
                0x0000000010008141       0x17 CMakeFiles/pico_serial_com.dir/home/gohara/Downloads/pico/pico-sdk/lib/tinyusb/src/device/usbd_control.c.obj
 *fill*         0x0000000010008141        0x3 
 .rodata.__func__.7263
                0x0000000010008144       0x16 CMakeFiles/pico_serial_com.dir/home/gohara/Downloads/pico/pico-sdk/lib/tinyusb/src/class/cdc/cdc_device.c.obj
 *fill*         0x000000001000815a        0x2 
 .rodata.__func__.7296
                0x000000001000815c        0xa CMakeFiles/pico_serial_com.dir/home/gohara/Downloads/pico/pico-sdk/lib/tinyusb/src/class/cdc/cdc_device.c.obj
 *fill*         0x0000000010008166        0x2 
 .rodata.__func__.7331
                0x0000000010008168        0xd CMakeFiles/pico_serial_com.dir/home/gohara/Downloads/pico/pico-sdk/lib/tinyusb/src/class/cdc/cdc_device.c.obj
 .rodata.tud_cdc_n_write_flush.str1.4
                0x0000000010008175       0x17 CMakeFiles/pico_serial_com.dir/home/gohara/Downloads/pico/pico-sdk/lib/tinyusb/src/class/cdc/cdc_device.c.obj
 *fill*         0x0000000010008175        0x3 
 .rodata.__func__.7200
                0x0000000010008178        0xa CMakeFiles/pico_serial_com.dir/home/gohara/Downloads/pico/pico-sdk/lib/tinyusb/src/tusb.c.obj
 *fill*         0x0000000010008182        0x2 
 .rodata.__func__.7212
                0x0000000010008184       0x11 CMakeFiles/pico_serial_com.dir/home/gohara/Downloads/pico/pico-sdk/lib/tinyusb/src/tusb.c.obj
 .rodata.tusb_init.str1.4
                0x0000000010008195       0x17 CMakeFiles/pico_serial_com.dir/home/gohara/Downloads/pico/pico-sdk/lib/tinyusb/src/tusb.c.obj
 *fill*         0x0000000010008195        0x3 
 .rodata.__func__.4337
                0x0000000010008198       0x20 CMakeFiles/pico_serial_com.dir/home/gohara/Downloads/pico/pico-sdk/src/rp2_common/pico_unique_id/unique_id.c.obj
 .rodata.pico_get_unique_board_id_string.str1.4
                0x00000000100081b8       0x57 CMakeFiles/pico_serial_com.dir/home/gohara/Downloads/pico/pico-sdk/src/rp2_common/pico_unique_id/unique_id.c.obj
 *fill*         0x000000001000820f        0x1 
 .rodata.__func__.4511
                0x0000000010008210        0xd CMakeFiles/pico_serial_com.dir/home/gohara/Downloads/pico/pico-sdk/src/rp2_common/hardware_flash/flash.c.obj
 *fill*         0x000000001000821d        0x3 
 .rodata.str1.4
                0x0000000010008220      0x162 CMakeFiles/pico_serial_com.dir/home/gohara/Downloads/pico/pico-sdk/src/rp2_common/hardware_flash/flash.c.obj
                0x0000000010008384                . = ALIGN (0x4)
 *fill*         0x0000000010008382        0x2 
 *(SORT_BY_ALIGNMENT(SORT_BY_NAME(.flashdata*)))
                0x0000000010008384                . = ALIGN (0x4)

.rel.dyn        0x0000000010008384        0x0
 .rel.iplt      0x0000000010008384        0x0 /usr/lib/gcc/arm-none-eabi/8.3.1/thumb/v6-m/nofp/crtbegin.o

.ARM.extab
 *(.ARM.extab* .gnu.linkonce.armextab.*)
                0x0000000010008384                __exidx_start = .

.ARM.exidx
 *(.ARM.exidx* .gnu.linkonce.armexidx.*)
                0x0000000010008384                __exidx_end = .
                0x0000000010008384                . = ALIGN (0x4)
                0x0000000010008384                __binary_info_start = .

.binary_info    0x0000000010008384       0x24
 *(.binary_info.keep.*)
 .binary_info.keep.__bi_ptr22
                0x0000000010008384        0x4 CMakeFiles/pico_serial_com.dir/home/gohara/Downloads/pico/pico-sdk/src/rp2_common/pico_standard_link/binary_info.c.obj
 .binary_info.keep.__bi_ptr30
                0x0000000010008388        0x4 CMakeFiles/pico_serial_com.dir/home/gohara/Downloads/pico/pico-sdk/src/rp2_common/pico_standard_link/binary_info.c.obj
 .binary_info.keep.__bi_ptr38
                0x000000001000838c        0x4 CMakeFiles/pico_serial_com.dir/home/gohara/Downloads/pico/pico-sdk/src/rp2_common/pico_standard_link/binary_info.c.obj
 .binary_info.keep.__bi_ptr44
                0x0000000010008390        0x4 CMakeFiles/pico_serial_com.dir/home/gohara/Downloads/pico/pico-sdk/src/rp2_common/pico_standard_link/binary_info.c.obj
 .binary_info.keep.__bi_ptr50
                0x0000000010008394        0x4 CMakeFiles/pico_serial_com.dir/home/gohara/Downloads/pico/pico-sdk/src/rp2_common/pico_standard_link/binary_info.c.obj
 .binary_info.keep.__bi_ptr56
                0x0000000010008398        0x4 CMakeFiles/pico_serial_com.dir/home/gohara/Downloads/pico/pico-sdk/src/rp2_common/pico_standard_link/binary_info.c.obj
 .binary_info.keep.__bi_ptr75
                0x000000001000839c        0x4 CMakeFiles/pico_serial_com.dir/home/gohara/Downloads/pico/pico-sdk/src/rp2_common/pico_standard_link/binary_info.c.obj
 .binary_info.keep.__bi_ptr81
                0x00000000100083a0        0x4 CMakeFiles/pico_serial_com.dir/home/gohara/Downloads/pico/pico-sdk/src/rp2_common/pico_standard_link/binary_info.c.obj
 *(.binary_info.*)
 .binary_info.__bi_ptr93
                0x00000000100083a4        0x4 CMakeFiles/pico_serial_com.dir/home/gohara/Downloads/pico/pico-sdk/src/rp2_common/pico_stdio_usb/stdio_usb.c.obj
                0x00000000100083a8                __binary_info_end = .
                0x00000000100083a8                . = ALIGN (0x4)
                0x00000000100083a8                __etext = .

.ram_vector_table
                0x0000000020000000       0xc0
 *(.ram_vector_table)
 .ram_vector_table
                0x0000000020000000       0xc0 CMakeFiles/pico_serial_com.dir/home/gohara/Downloads/pico/pico-sdk/src/rp2_common/pico_runtime/runtime.c.obj
                0x0000000020000000                ram_vector_table

.data           0x00000000200000c0      0x440 load address 0x00000000100083a8
                0x00000000200000c0                __data_start__ = .
 *(vtable)
 *(.time_critical*)
 .time_critical.mutex_enter_blocking
                0x00000000200000c0       0x48 CMakeFiles/pico_serial_com.dir/home/gohara/Downloads/pico/pico-sdk/src/common/pico_sync/mutex.c.obj
                0x00000000200000c0                mutex_enter_blocking
 .time_critical.mutex_try_enter
                0x0000000020000108       0x48 CMakeFiles/pico_serial_com.dir/home/gohara/Downloads/pico/pico-sdk/src/common/pico_sync/mutex.c.obj
                0x0000000020000108                mutex_try_enter
 .time_critical.mutex_enter_block_until
                0x0000000020000150       0x7c CMakeFiles/pico_serial_com.dir/home/gohara/Downloads/pico/pico-sdk/src/common/pico_sync/mutex.c.obj
                0x0000000020000150                mutex_enter_block_until
 .time_critical.mutex_enter_timeout_ms
                0x00000000200001cc       0x6c CMakeFiles/pico_serial_com.dir/home/gohara/Downloads/pico/pico-sdk/src/common/pico_sync/mutex.c.obj
                0x00000000200001cc                mutex_enter_timeout_ms
 .time_critical.mutex_exit
                0x0000000020000238       0x4c CMakeFiles/pico_serial_com.dir/home/gohara/Downloads/pico/pico-sdk/src/common/pico_sync/mutex.c.obj
                0x0000000020000238                mutex_exit
 .time_critical.flash_init_boot2_copyout
                0x0000000020000284       0x30 CMakeFiles/pico_serial_com.dir/home/gohara/Downloads/pico/pico-sdk/src/rp2_common/hardware_flash/flash.c.obj
 .time_critical.flash_enable_xip_via_boot2
                0x00000000200002b4       0x10 CMakeFiles/pico_serial_com.dir/home/gohara/Downloads/pico/pico-sdk/src/rp2_common/hardware_flash/flash.c.obj
 .time_critical.flash_cs_force
                0x00000000200002c4       0x28 CMakeFiles/pico_serial_com.dir/home/gohara/Downloads/pico/pico-sdk/src/rp2_common/hardware_flash/flash.c.obj
 .time_critical.flash_do_cmd
                0x00000000200002ec       0xd4 CMakeFiles/pico_serial_com.dir/home/gohara/Downloads/pico/pico-sdk/src/rp2_common/hardware_flash/flash.c.obj
                0x00000000200002ec                flash_do_cmd
 *(.text*)
 .text          0x00000000200003c0        0x4 /usr/lib/gcc/arm-none-eabi/8.3.1/thumb/v6-m/nofp/libgcc.a(_dvmd_tls.o)
                0x00000000200003c0                __aeabi_ldiv0
                0x00000000200003c0                __aeabi_idiv0
 *fill*         0x00000000200003c4        0x4 
 .text.__stub   0x00000000200003c8       0x40 linker stubs
                0x0000000020000408                . = ALIGN (0x4)
 *(.rodata*)
                0x0000000020000408                . = ALIGN (0x4)
 *(.data*)
 .data.striped_spin_lock_num
                0x0000000020000408        0x1 CMakeFiles/pico_serial_com.dir/home/gohara/Downloads/pico/pico-sdk/src/rp2_common/hardware_sync/sync.c.obj
 *fill*         0x0000000020000409        0x3 
 .data.default_alarm_pool
                0x000000002000040c       0x18 CMakeFiles/pico_serial_com.dir/home/gohara/Downloads/pico/pico-sdk/src/common/pico_time/time.c.obj
 .data.default_alarm_pool_heap
                0x0000000020000424       0x10 CMakeFiles/pico_serial_com.dir/home/gohara/Downloads/pico/pico-sdk/src/common/pico_time/time.c.obj