Archive member included to satisfy reference by file (symbol)

/usr/lib/gcc/arm-none-eabi/8.3.1/thumb/v6-m/nofp/libgcc.a(_dvmd_tls.o)
                              CMakeFiles/ir_temp_sensor.dir/home/gohara/Downloads/pico/pico-sdk/src/rp2_common/pico_divider/divider.S.obj (__aeabi_idiv0)
/usr/lib/gcc/arm-none-eabi/8.3.1/../../../arm-none-eabi/lib/thumb/v6-m/nofp/libg.a(lib_a-atexit.o)
                              /usr/lib/gcc/arm-none-eabi/8.3.1/../../../arm-none-eabi/lib/thumb/v6-m/nofp/crt0.o (atexit)
/usr/lib/gcc/arm-none-eabi/8.3.1/../../../arm-none-eabi/lib/thumb/v6-m/nofp/libg.a(lib_a-calloc.o)
                              CMakeFiles/ir_temp_sensor.dir/home/gohara/Downloads/pico/pico-sdk/src/rp2_common/pico_malloc/pico_malloc.c.obj (calloc)
/usr/lib/gcc/arm-none-eabi/8.3.1/../../../arm-none-eabi/lib/thumb/v6-m/nofp/libg.a(lib_a-callocr.o)
                              /usr/lib/gcc/arm-none-eabi/8.3.1/../../../arm-none-eabi/lib/thumb/v6-m/nofp/libg.a(lib_a-calloc.o) (_calloc_r)
/usr/lib/gcc/arm-none-eabi/8.3.1/../../../arm-none-eabi/lib/thumb/v6-m/nofp/libg.a(lib_a-ctype_.o)
                              CMakeFiles/ir_temp_sensor.dir/home/gohara/Downloads/pico/pico-sdk/lib/tinyusb/src/tusb.c.obj (_ctype_)
/usr/lib/gcc/arm-none-eabi/8.3.1/../../../arm-none-eabi/lib/thumb/v6-m/nofp/libg.a(lib_a-fini.o)
                              /usr/lib/gcc/arm-none-eabi/8.3.1/../../../arm-none-eabi/lib/thumb/v6-m/nofp/crt0.o (__libc_fini_array)
/usr/lib/gcc/arm-none-eabi/8.3.1/../../../arm-none-eabi/lib/thumb/v6-m/nofp/libg.a(lib_a-impure.o)
                              /usr/lib/gcc/arm-none-eabi/8.3.1/../../../arm-none-eabi/lib/thumb/v6-m/nofp/libg.a(lib_a-calloc.o) (_impure_ptr)
/usr/lib/gcc/arm-none-eabi/8.3.1/../../../arm-none-eabi/lib/thumb/v6-m/nofp/libg.a(lib_a-init.o)
                              /usr/lib/gcc/arm-none-eabi/8.3.1/../../../arm-none-eabi/lib/thumb/v6-m/nofp/crt0.o (__libc_init_array)
/usr/lib/gcc/arm-none-eabi/8.3.1/../../../arm-none-eabi/lib/thumb/v6-m/nofp/libg.a(lib_a-malloc.o)
                              CMakeFiles/ir_temp_sensor.dir/home/gohara/Downloads/pico/pico-sdk/src/rp2_common/pico_malloc/pico_malloc.c.obj (malloc)
/usr/lib/gcc/arm-none-eabi/8.3.1/../../../arm-none-eabi/lib/thumb/v6-m/nofp/libg.a(lib_a-mallocr.o)
                              /usr/lib/gcc/arm-none-eabi/8.3.1/../../../arm-none-eabi/lib/thumb/v6-m/nofp/libg.a(lib_a-callocr.o) (_malloc_r)
/usr/lib/gcc/arm-none-eabi/8.3.1/../../../arm-none-eabi/lib/thumb/v6-m/nofp/libg.a(lib_a-mlock.o)
                              /usr/lib/gcc/arm-none-eabi/8.3.1/../../../arm-none-eabi/lib/thumb/v6-m/nofp/libg.a(lib_a-mallocr.o) (__malloc_lock)
/usr/lib/gcc/arm-none-eabi/8.3.1/../../../arm-none-eabi/lib/thumb/v6-m/nofp/libg.a(lib_a-sbrkr.o)
                              /usr/lib/gcc/arm-none-eabi/8.3.1/../../../arm-none-eabi/lib/thumb/v6-m/nofp/libg.a(lib_a-mallocr.o) (_sbrk_r)
/usr/lib/gcc/arm-none-eabi/8.3.1/../../../arm-none-eabi/lib/thumb/v6-m/nofp/libg.a(lib_a-strlen-stub.o)
                              CMakeFiles/ir_temp_sensor.dir/home/gohara/Downloads/pico/pico-sdk/src/rp2_common/pico_stdio/stdio.c.obj (strlen)
/usr/lib/gcc/arm-none-eabi/8.3.1/../../../arm-none-eabi/lib/thumb/v6-m/nofp/libg.a(lib_a-__atexit.o)
                              /usr/lib/gcc/arm-none-eabi/8.3.1/../../../arm-none-eabi/lib/thumb/v6-m/nofp/libg.a(lib_a-atexit.o) (__register_exitproc)
/usr/lib/gcc/arm-none-eabi/8.3.1/../../../arm-none-eabi/lib/thumb/v6-m/nofp/libg.a(lib_a-freer.o)
                              /usr/lib/gcc/arm-none-eabi/8.3.1/../../../arm-none-eabi/lib/thumb/v6-m/nofp/libg.a(lib_a-malloc.o) (_free_r)
/usr/lib/gcc/arm-none-eabi/8.3.1/../../../arm-none-eabi/lib/thumb/v6-m/nofp/libg.a(lib_a-reent.o)
                              /usr/lib/gcc/arm-none-eabi/8.3.1/../../../arm-none-eabi/lib/thumb/v6-m/nofp/libg.a(lib_a-sbrkr.o) (errno)

Allocating common symbols
Common symbol       size              file

sf_table            0x100             CMakeFiles/ir_temp_sensor.dir/home/gohara/Downloads/pico/pico-sdk/src/rp2_common/pico_float/float_init_rom.c.obj
errno               0x4               /usr/lib/gcc/arm-none-eabi/8.3.1/../../../arm-none-eabi/lib/thumb/v6-m/nofp/libg.a(lib_a-reent.o)
_usbd_qdef_buf      0xc0              CMakeFiles/ir_temp_sensor.dir/home/gohara/Downloads/pico/pico-sdk/lib/tinyusb/src/device/usbd.c.obj
sd_table            0x100             CMakeFiles/ir_temp_sensor.dir/home/gohara/Downloads/pico/pico-sdk/src/rp2_common/pico_double/double_init_rom.c.obj
uart_char_to_line_feed
                    0x4               CMakeFiles/ir_temp_sensor.dir/home/gohara/Downloads/pico/pico-sdk/src/rp2_common/hardware_uart/uart.c.obj

Discarded input sections

 .text          0x0000000000000000        0x0 /usr/lib/gcc/arm-none-eabi/8.3.1/thumb/v6-m/nofp/crti.o
 .data          0x0000000000000000        0x0 /usr/lib/gcc/arm-none-eabi/8.3.1/thumb/v6-m/nofp/crti.o
[...]
Memory Configuration

Name             Origin             Length             Attributes
FLASH            0x0000000010000000 0x0000000000200000 xr
RAM              0x0000000020000000 0x0000000000040000 xrw
SCRATCH_X        0x0000000020040000 0x0000000000001000 xrw
SCRATCH_Y        0x0000000020041000 0x0000000000001000 xrw
*default*        0x0000000000000000 0xffffffffffffffff

Linker script and memory map

LOAD /usr/lib/gcc/arm-none-eabi/8.3.1/thumb/v6-m/nofp/crti.o
LOAD /usr/lib/gcc/arm-none-eabi/8.3.1/thumb/v6-m/nofp/crtbegin.o
LOAD /usr/lib/gcc/arm-none-eabi/8.3.1/../../../arm-none-eabi/lib/thumb/v6-m/nofp/crt0.o

.flash_begin    0x0000000010000000        0x0
                0x0000000010000000                __flash_binary_start = .

.boot2          0x0000000010000000      0x100
                0x0000000010000000                __boot2_start__ = .
 *(.boot2)
 .boot2         0x0000000010000000      0x100 /tmp/ccEVtUlO.o
                0x0000000010000100                __boot2_end__ = .
                0x0000000000000001                ASSERT (((__boot2_end__ - __boot2_start__) == 0x100), ERROR: Pico second stage bootloader must be 256 bytes in size)

.text           0x0000000010000100     0x7098
                0x0000000010000100                __logical_binary_start = .
 *(.vectors)
 .vectors       0x0000000010000100       0xd4 CMakeFiles/ir_temp_sensor.dir/home/gohara/Downloads/pico/pico-sdk/src/rp2_common/pico_standard_link/crt0.S.obj
                0x0000000010000100                __vectors
                0x0000000010000100                __VECTOR_TABLE
                0x00000000100001c0                isr_invalid
                0x00000000100001c0                __default_isrs_start
                0x00000000100001c2                isr_nmi
                0x00000000100001c4                isr_hardfault
                0x00000000100001c6                isr_svcall
                0x00000000100001c8                isr_pendsv
                0x00000000100001ca                isr_systick
                0x00000000100001cc                isr_irq30
                0x00000000100001cc                __unhandled_user_irq
                0x00000000100001cc                isr_irq13
                0x00000000100001cc                isr_irq27
                0x00000000100001cc                isr_irq31
                0x00000000100001cc                isr_irq5
                0x00000000100001cc                isr_irq11
                0x00000000100001cc                isr_irq23
                0x00000000100001cc                isr_irq18
                0x00000000100001cc                isr_irq28
                0x00000000100001cc                isr_irq19
                0x00000000100001cc                isr_irq0
                0x00000000100001cc                isr_irq6
                0x00000000100001cc                isr_irq22
                0x00000000100001cc                isr_irq17
                0x00000000100001cc                isr_irq14
                0x00000000100001cc                isr_irq2
                0x00000000100001cc                isr_irq10
                0x00000000100001cc                isr_irq8
                0x00000000100001cc                isr_irq24
                0x00000000100001cc                isr_irq1
                0x00000000100001cc                isr_irq7
                0x00000000100001cc                isr_irq21
                0x00000000100001cc                isr_irq20
                0x00000000100001cc                isr_irq15
                0x00000000100001cc                isr_irq25
                0x00000000100001cc                isr_irq4
                0x00000000100001cc                isr_irq16
                0x00000000100001cc                isr_irq29
                0x00000000100001cc                isr_irq26
                0x00000000100001cc                __default_isrs_end
                0x00000000100001cc                isr_irq3
                0x00000000100001cc                isr_irq12
                0x00000000100001cc                isr_irq9
                0x00000000100001d2                unhandled_user_irq_num_in_r0
 *(.binary_info_header)
 .binary_info_header
                0x00000000100001d4       0x14 CMakeFiles/ir_temp_sensor.dir/home/gohara/Downloads/pico/pico-sdk/src/rp2_common/pico_standard_link/crt0.S.obj
                0x00000000100001e8                __binary_info_header_end = .
 *(.reset)
 .reset         0x00000000100001e8       0xa8 CMakeFiles/ir_temp_sensor.dir/home/gohara/Downloads/pico/pico-sdk/src/rp2_common/pico_standard_link/crt0.S.obj
                0x00000000100001e8                _entry_point
                0x0000000010000266                __get_current_exception
 .reset         0x0000000010000290       0x30 CMakeFiles/ir_temp_sensor.dir/home/gohara/Downloads/pico/pico-sdk/src/rp2_common/pico_standard_link/binary_info.c.obj
 *(.init)
 .init          0x00000000100002c0        0x4 /usr/lib/gcc/arm-none-eabi/8.3.1/thumb/v6-m/nofp/crti.o
                0x00000000100002c0                _init
 *(EXCLUDE_FILE(*libm.a: *libc.a:*lib_a-mem*.o *libgcc.a:) .text*)
 .text          0x00000000100002c4       0x98 /usr/lib/gcc/arm-none-eabi/8.3.1/thumb/v6-m/nofp/crtbegin.o
 .text.main     0x000000001000035c       0x48 CMakeFiles/ir_temp_sensor.dir/ir_temp_sensor.c.obj
                0x000000001000035c                main
 .text.gpio_set_function
                0x00000000100003a4       0x30 CMakeFiles/ir_temp_sensor.dir/home/gohara/Downloads/pico/pico-sdk/src/rp2_common/hardware_gpio/gpio.c.obj
                0x00000000100003a4                gpio_set_function
 .text.gpio_set_pulls
                0x00000000100003d4       0x34 CMakeFiles/ir_temp_sensor.dir/home/gohara/Downloads/pico/pico-sdk/src/rp2_common/hardware_gpio/gpio.c.obj
                0x00000000100003d4                gpio_set_pulls
 .text.hw_claim_lock
                0x0000000010000408       0x18 CMakeFiles/ir_temp_sensor.dir/home/gohara/Downloads/pico/pico-sdk/src/rp2_common/hardware_claim/claim.c.obj
                0x0000000010000408                hw_claim_lock
 .text.hw_claim_unlock
                0x0000000010000420       0x14 CMakeFiles/ir_temp_sensor.dir/home/gohara/Downloads/pico/pico-sdk/src/rp2_common/hardware_claim/claim.c.obj
                0x0000000010000420                hw_claim_unlock
 .text.hw_claim_or_assert
                0x0000000010000434       0x32 CMakeFiles/ir_temp_sensor.dir/home/gohara/Downloads/pico/pico-sdk/src/rp2_common/hardware_claim/claim.c.obj
                0x0000000010000434                hw_claim_or_assert
 .text.hw_claim_unused_from_range
                0x0000000010000466       0x50 CMakeFiles/ir_temp_sensor.dir/home/gohara/Downloads/pico/pico-sdk/src/rp2_common/hardware_claim/claim.c.obj
                0x0000000010000466                hw_claim_unused_from_range
 *fill*         0x00000000100004b6        0x2 
 .text.running_on_fpga
                0x00000000100004b8       0x14 CMakeFiles/ir_temp_sensor.dir/home/gohara/Downloads/pico/pico-sdk/src/rp2_common/pico_platform/platform.c.obj
                0x00000000100004b8                running_on_fpga
 .text.spin_locks_reset
                0x00000000100004cc       0x20 CMakeFiles/ir_temp_sensor.dir/home/gohara/Downloads/pico/pico-sdk/src/rp2_common/hardware_sync/sync.c.obj
                0x00000000100004cc                spin_locks_reset
 .text.next_striped_spin_lock_num
                0x00000000100004ec       0x1c CMakeFiles/ir_temp_sensor.dir/home/gohara/Downloads/pico/pico-sdk/src/rp2_common/hardware_sync/sync.c.obj
                0x00000000100004ec                next_striped_spin_lock_num
 .text.spin_lock_claim_unused
                0x0000000010000508       0x20 CMakeFiles/ir_temp_sensor.dir/home/gohara/Downloads/pico/pico-sdk/src/rp2_common/hardware_sync/sync.c.obj
                0x0000000010000508                spin_lock_claim_unused
 .text.uart_set_baudrate
                0x0000000010000528       0x5c CMakeFiles/ir_temp_sensor.dir/home/gohara/Downloads/pico/pico-sdk/src/rp2_common/hardware_uart/uart.c.obj
                0x0000000010000528                uart_set_baudrate
 .text.uart_set_translate_crlf
                0x0000000010000584       0x28 CMakeFiles/ir_temp_sensor.dir/home/gohara/Downloads/pico/pico-sdk/src/rp2_common/hardware_uart/uart.c.obj
                0x0000000010000584                uart_set_translate_crlf
 .text.uart_init
                0x00000000100005ac       0x80 CMakeFiles/ir_temp_sensor.dir/home/gohara/Downloads/pico/pico-sdk/src/rp2_common/hardware_uart/uart.c.obj
                0x00000000100005ac                uart_init
 .text.sleep_until_callback
                0x000000001000062c       0x30 CMakeFiles/ir_temp_sensor.dir/home/gohara/Downloads/pico/pico-sdk/src/common/pico_time/time.c.obj
 .text.alarm_pool_post_alloc_init
                0x000000001000065c       0x40 CMakeFiles/ir_temp_sensor.dir/home/gohara/Downloads/pico/pico-sdk/src/common/pico_time/time.c.obj
 .text.timer_pool_entry_comparator
                0x000000001000069c       0x7c CMakeFiles/ir_temp_sensor.dir/home/gohara/Downloads/pico/pico-sdk/src/common/pico_time/time.c.obj
                0x000000001000069c                timer_pool_entry_comparator
 .text.ph_add_child_node
                0x0000000010000718       0xa4 CMakeFiles/ir_temp_sensor.dir/home/gohara/Downloads/pico/pico-sdk/src/common/pico_time/time.c.obj
 .text.ph_merge_nodes
                0x00000000100007bc       0x3e CMakeFiles/ir_temp_sensor.dir/home/gohara/Downloads/pico/pico-sdk/src/common/pico_time/time.c.obj
 *fill*         0x00000000100007fa        0x2 
 .text.add_alarm_under_lock
                0x00000000100007fc      0x180 CMakeFiles/ir_temp_sensor.dir/home/gohara/Downloads/pico/pico-sdk/src/common/pico_time/time.c.obj
 .text.alarm_pool_alarm_callback
                0x000000001000097c      0x328 CMakeFiles/ir_temp_sensor.dir/home/gohara/Downloads/pico/pico-sdk/src/common/pico_time/time.c.obj
 .text.alarm_pool_init_default
                0x0000000010000ca4       0x38 CMakeFiles/ir_temp_sensor.dir/home/gohara/Downloads/pico/pico-sdk/src/common/pico_time/time.c.obj
                0x0000000010000ca4                alarm_pool_init_default
 .text.alarm_pool_get_default
                0x0000000010000cdc       0x2c CMakeFiles/ir_temp_sensor.dir/home/gohara/Downloads/pico/pico-sdk/src/common/pico_time/time.c.obj
                0x0000000010000cdc                alarm_pool_get_default
 .text.alarm_pool_add_alarm_at
                0x0000000010000d08      0x154 CMakeFiles/ir_temp_sensor.dir/home/gohara/Downloads/pico/pico-sdk/src/common/pico_time/time.c.obj
                0x0000000010000d08                alarm_pool_add_alarm_at
 .text.alarm_pool_cancel_alarm
                0x0000000010000e5c       0xec CMakeFiles/ir_temp_sensor.dir/home/gohara/Downloads/pico/pico-sdk/src/common/pico_time/time.c.obj
                0x0000000010000e5c                alarm_pool_cancel_alarm
 .text.best_effort_wfe_or_timeout
                0x0000000010000f48       0x80 CMakeFiles/ir_temp_sensor.dir/home/gohara/Downloads/pico/pico-sdk/src/common/pico_time/time.c.obj
                0x0000000010000f48                best_effort_wfe_or_timeout
 .text.hardware_alarm_irq_handler
                0x0000000010000fc8       0x8c CMakeFiles/ir_temp_sensor.dir/home/gohara/Downloads/pico/pico-sdk/src/rp2_common/hardware_timer/timer.c.obj
 .text.hardware_alarm_claim
                0x0000000010001054       0x18 CMakeFiles/ir_temp_sensor.dir/home/gohara/Downloads/pico/pico-sdk/src/rp2_common/hardware_timer/timer.c.obj
                0x0000000010001054                hardware_alarm_claim
 .text.time_us_64
                0x000000001000106c       0x18 CMakeFiles/ir_temp_sensor.dir/home/gohara/Downloads/pico/pico-sdk/src/rp2_common/hardware_timer/timer.c.obj
                0x000000001000106c                time_us_64
 .text.hardware_alarm_set_callback
                0x0000000010001084       0x90 CMakeFiles/ir_temp_sensor.dir/home/gohara/Downloads/pico/pico-sdk/src/rp2_common/hardware_timer/timer.c.obj
                0x0000000010001084                hardware_alarm_set_callback
 .text.hardware_alarm_set_target
                0x0000000010001114       0xe8 CMakeFiles/ir_temp_sensor.dir/home/gohara/Downloads/pico/pico-sdk/src/rp2_common/hardware_timer/timer.c.obj
                0x0000000010001114                hardware_alarm_set_target
 .text.hardware_alarm_cancel
                0x00000000100011fc       0x40 CMakeFiles/ir_temp_sensor.dir/home/gohara/Downloads/pico/pico-sdk/src/rp2_common/hardware_timer/timer.c.obj
                0x00000000100011fc                hardware_alarm_cancel
 .text.lock_init
                0x000000001000123c       0x10 CMakeFiles/ir_temp_sensor.dir/home/gohara/Downloads/pico/pico-sdk/src/common/pico_sync/lock_core.c.obj
                0x000000001000123c                lock_init
 .text.mutex_init
                0x000000001000124c       0x1a CMakeFiles/ir_temp_sensor.dir/home/gohara/Downloads/pico/pico-sdk/src/common/pico_sync/mutex.c.obj
                0x000000001000124c                mutex_init
 .text.recursive_mutex_init
                0x0000000010001266       0x1e CMakeFiles/ir_temp_sensor.dir/home/gohara/Downloads/pico/pico-sdk/src/common/pico_sync/mutex.c.obj
                0x0000000010001266                recursive_mutex_init
 .text.critical_section_init_with_lock_num
                0x0000000010001284       0x14 CMakeFiles/ir_temp_sensor.dir/home/gohara/Downloads/pico/pico-sdk/src/common/pico_sync/critical_section.c.obj
                0x0000000010001284                critical_section_init_with_lock_num
 .text.critical_section_init
                0x0000000010001298       0x14 CMakeFiles/ir_temp_sensor.dir/home/gohara/Downloads/pico/pico-sdk/src/common/pico_sync/critical_section.c.obj
                0x0000000010001298                critical_section_init
 .text.ph_add_child_node
                0x00000000100012ac       0xa4 CMakeFiles/ir_temp_sensor.dir/home/gohara/Downloads/pico/pico-sdk/src/common/pico_util/pheap.c.obj
 .text.ph_merge_nodes
                0x0000000010001350       0x3e CMakeFiles/ir_temp_sensor.dir/home/gohara/Downloads/pico/pico-sdk/src/common/pico_util/pheap.c.obj
 *fill*         0x000000001000138e        0x2 
 .text.ph_clear
                0x0000000010001390       0x70 CMakeFiles/ir_temp_sensor.dir/home/gohara/Downloads/pico/pico-sdk/src/common/pico_util/pheap.c.obj
                0x0000000010001390                ph_clear
 .text.ph_post_alloc_init
                0x0000000010001400        0xe CMakeFiles/ir_temp_sensor.dir/home/gohara/Downloads/pico/pico-sdk/src/common/pico_util/pheap.c.obj
                0x0000000010001400                ph_post_alloc_init
 *fill*         0x000000001000140e        0x2 
 .text.ph_merge_two_pass
                0x0000000010001410       0xac CMakeFiles/ir_temp_sensor.dir/home/gohara/Downloads/pico/pico-sdk/src/common/pico_util/pheap.c.obj
                0x0000000010001410                ph_merge_two_pass
 .text.ph_remove_any_head
                0x00000000100014bc      0x108 CMakeFiles/ir_temp_sensor.dir/home/gohara/Downloads/pico/pico-sdk/src/common/pico_util/pheap.c.obj
 .text.ph_remove_head
                0x00000000100015c4       0x14 CMakeFiles/ir_temp_sensor.dir/home/gohara/Downloads/pico/pico-sdk/src/common/pico_util/pheap.c.obj
                0x00000000100015c4                ph_remove_head
 .text.ph_remove_and_free_node
                0x00000000100015d8       0xf8 CMakeFiles/ir_temp_sensor.dir/home/gohara/Downloads/pico/pico-sdk/src/common/pico_util/pheap.c.obj
                0x00000000100015d8                ph_remove_and_free_node
 .text._exit    0x00000000100016d0        0x4 CMakeFiles/ir_temp_sensor.dir/home/gohara/Downloads/pico/pico-sdk/src/rp2_common/pico_runtime/runtime.c.obj
                0x00000000100016d0                _exit
 .text.exit     0x00000000100016d4        0x6 CMakeFiles/ir_temp_sensor.dir/home/gohara/Downloads/pico/pico-sdk/src/rp2_common/pico_runtime/runtime.c.obj
                0x00000000100016d4                exit
 *fill*         0x00000000100016da        0x2 
 .text.__assert_func
                0x00000000100016dc       0x3c CMakeFiles/ir_temp_sensor.dir/home/gohara/Downloads/pico/pico-sdk/src/rp2_common/pico_runtime/runtime.c.obj
                0x00000000100016dc                __assert_func
 .text.runtime_init
                0x0000000010001718       0xf8 CMakeFiles/ir_temp_sensor.dir/home/gohara/Downloads/pico/pico-sdk/src/rp2_common/pico_runtime/runtime.c.obj
                0x0000000010001718                runtime_init
 .text.panic    0x0000000010001810       0x30 CMakeFiles/ir_temp_sensor.dir/home/gohara/Downloads/pico/pico-sdk/src/rp2_common/pico_runtime/runtime.c.obj
                0x0000000010001810                panic
 .text.clock_configure
                0x0000000010001840       0xfc CMakeFiles/ir_temp_sensor.dir/home/gohara/Downloads/pico/pico-sdk/src/rp2_common/hardware_clocks/clocks.c.obj
                0x0000000010001840                clock_configure
 .text.clocks_init
                0x000000001000193c      0x100 CMakeFiles/ir_temp_sensor.dir/home/gohara/Downloads/pico/pico-sdk/src/rp2_common/hardware_clocks/clocks.c.obj
                0x000000001000193c                clocks_init
 .text.clock_get_hz
                0x0000000010001a3c        0xc CMakeFiles/ir_temp_sensor.dir/home/gohara/Downloads/pico/pico-sdk/src/rp2_common/hardware_clocks/clocks.c.obj
                0x0000000010001a3c                clock_get_hz
 .text.set_raw_irq_handler_and_unlock
                0x0000000010001a48       0x28 CMakeFiles/ir_temp_sensor.dir/home/gohara/Downloads/pico/pico-sdk/src/rp2_common/hardware_irq/irq.c.obj
 .text.make_branch
                0x0000000010001a70       0x34 CMakeFiles/ir_temp_sensor.dir/home/gohara/Downloads/pico/pico-sdk/src/rp2_common/hardware_irq/irq.c.obj
 .text.insert_branch_and_link
                0x0000000010001aa4       0x40 CMakeFiles/ir_temp_sensor.dir/home/gohara/Downloads/pico/pico-sdk/src/rp2_common/hardware_irq/irq.c.obj
 .text.irq_is_enabled
                0x0000000010001ae4       0x18 CMakeFiles/ir_temp_sensor.dir/home/gohara/Downloads/pico/pico-sdk/src/rp2_common/hardware_irq/irq.c.obj
                0x0000000010001ae4                irq_is_enabled
 .text.irq_set_mask_enabled
                0x0000000010001afc       0x20 CMakeFiles/ir_temp_sensor.dir/home/gohara/Downloads/pico/pico-sdk/src/rp2_common/hardware_irq/irq.c.obj
                0x0000000010001afc                irq_set_mask_enabled
 .text.irq_set_enabled
                0x0000000010001b1c        0xe CMakeFiles/ir_temp_sensor.dir/home/gohara/Downloads/pico/pico-sdk/src/rp2_common/hardware_irq/irq.c.obj
                0x0000000010001b1c                irq_set_enabled
 *fill*         0x0000000010001b2a        0x2 
 .text.irq_set_pending
                0x0000000010001b2c       0x10 CMakeFiles/ir_temp_sensor.dir/home/gohara/Downloads/pico/pico-sdk/src/rp2_common/hardware_irq/irq.c.obj
                0x0000000010001b2c                irq_set_pending
 .text.irq_get_vtable_handler
                0x0000000010001b3c       0x10 CMakeFiles/ir_temp_sensor.dir/home/gohara/Downloads/pico/pico-sdk/src/rp2_common/hardware_irq/irq.c.obj
                0x0000000010001b3c                irq_get_vtable_handler
 .text.irq_set_exclusive_handler
                0x0000000010001b4c       0x54 CMakeFiles/ir_temp_sensor.dir/home/gohara/Downloads/pico/pico-sdk/src/rp2_common/hardware_irq/irq.c.obj
                0x0000000010001b4c                irq_set_exclusive_handler
 .text.irq_remove_handler
                0x0000000010001ba0      0x1a8 CMakeFiles/ir_temp_sensor.dir/home/gohara/Downloads/pico/pico-sdk/src/rp2_common/hardware_irq/irq.c.obj
                0x0000000010001ba0                irq_remove_handler
 .text.irq_add_tail_to_free_list
                0x0000000010001d48       0xf0 CMakeFiles/ir_temp_sensor.dir/home/gohara/Downloads/pico/pico-sdk/src/rp2_common/hardware_irq/irq.c.obj
                0x0000000010001d48                irq_add_tail_to_free_list
 .text.irq_init_priorities
                0x0000000010001e38       0x1c CMakeFiles/ir_temp_sensor.dir/home/gohara/Downloads/pico/pico-sdk/src/rp2_common/hardware_irq/irq.c.obj
                0x0000000010001e38                irq_init_priorities
 .text.pll_init
                0x0000000010001e54      0x114 CMakeFiles/ir_temp_sensor.dir/home/gohara/Downloads/pico/pico-sdk/src/rp2_common/hardware_pll/pll.c.obj
                0x0000000010001e54                pll_init
 .text.watchdog_start_tick
                0x0000000010001f68       0x10 CMakeFiles/ir_temp_sensor.dir/home/gohara/Downloads/pico/pico-sdk/src/rp2_common/hardware_watchdog/watchdog.c.obj
                0x0000000010001f68                watchdog_start_tick
 .text.watchdog_update
                0x0000000010001f78       0x14 CMakeFiles/ir_temp_sensor.dir/home/gohara/Downloads/pico/pico-sdk/src/rp2_common/hardware_watchdog/watchdog.c.obj
                0x0000000010001f78                watchdog_update
 .text._watchdog_enable
                0x0000000010001f8c       0x74 CMakeFiles/ir_temp_sensor.dir/home/gohara/Downloads/pico/pico-sdk/src/rp2_common/hardware_watchdog/watchdog.c.obj
                0x0000000010001f8c                _watchdog_enable
 .text.watchdog_reboot
                0x0000000010002000       0x44 CMakeFiles/ir_temp_sensor.dir/home/gohara/Downloads/pico/pico-sdk/src/rp2_common/hardware_watchdog/watchdog.c.obj
                0x0000000010002000                watchdog_reboot
 .text.xosc_init
                0x0000000010002044       0x28 CMakeFiles/ir_temp_sensor.dir/home/gohara/Downloads/pico/pico-sdk/src/rp2_common/hardware_xosc/xosc.c.obj
                0x0000000010002044                xosc_init
 .text._out_null
                0x000000001000206c        0x2 CMakeFiles/ir_temp_sensor.dir/home/gohara/Downloads/pico/pico-sdk/src/rp2_common/pico_printf/printf.c.obj
 .text._out_fct
                0x000000001000206e        0xe CMakeFiles/ir_temp_sensor.dir/home/gohara/Downloads/pico/pico-sdk/src/rp2_common/pico_printf/printf.c.obj
 .text._atoi    0x000000001000207c       0x28 CMakeFiles/ir_temp_sensor.dir/home/gohara/Downloads/pico/pico-sdk/src/rp2_common/pico_printf/printf.c.obj
 .text._out_rev
                0x00000000100020a4       0x8c CMakeFiles/ir_temp_sensor.dir/home/gohara/Downloads/pico/pico-sdk/src/rp2_common/pico_printf/printf.c.obj
 .text._ntoa_format
                0x0000000010002130      0x10c CMakeFiles/ir_temp_sensor.dir/home/gohara/Downloads/pico/pico-sdk/src/rp2_common/pico_printf/printf.c.obj
 .text._ntoa_long
                0x000000001000223c       0xb0 CMakeFiles/ir_temp_sensor.dir/home/gohara/Downloads/pico/pico-sdk/src/rp2_common/pico_printf/printf.c.obj
 .text._ntoa_long_long
                0x00000000100022ec       0xe6 CMakeFiles/ir_temp_sensor.dir/home/gohara/Downloads/pico/pico-sdk/src/rp2_common/pico_printf/printf.c.obj
 *fill*         0x00000000100023d2        0x2 
 .text._etoa    0x00000000100023d4      0x408 CMakeFiles/ir_temp_sensor.dir/home/gohara/Downloads/pico/pico-sdk/src/rp2_common/pico_printf/printf.c.obj
 .text._ftoa    0x00000000100027dc      0x344 CMakeFiles/ir_temp_sensor.dir/home/gohara/Downloads/pico/pico-sdk/src/rp2_common/pico_printf/printf.c.obj
 .text._vsnprintf
                0x0000000010002b20      0x61c CMakeFiles/ir_temp_sensor.dir/home/gohara/Downloads/pico/pico-sdk/src/rp2_common/pico_printf/printf.c.obj
 .text.vfctprintf
                0x000000001000313c       0x20 CMakeFiles/ir_temp_sensor.dir/home/gohara/Downloads/pico/pico-sdk/src/rp2_common/pico_printf/printf.c.obj
                0x000000001000313c                vfctprintf
 .text          0x000000001000315c       0x10 CMakeFiles/ir_temp_sensor.dir/home/gohara/Downloads/pico/pico-sdk/src/rp2_common/pico_bit_ops/bit_ops_aeabi.S.obj
 .text.rom_func_lookup
                0x000000001000316c       0x10 CMakeFiles/ir_temp_sensor.dir/home/gohara/Downloads/pico/pico-sdk/src/rp2_common/pico_bootrom/bootrom.c.obj
                0x000000001000316c                rom_func_lookup
 .text.rom_data_lookup
                0x000000001000317c       0x10 CMakeFiles/ir_temp_sensor.dir/home/gohara/Downloads/pico/pico-sdk/src/rp2_common/pico_bootrom/bootrom.c.obj
                0x000000001000317c                rom_data_lookup
 .text.rom_funcs_lookup
                0x000000001000318c       0x36 CMakeFiles/ir_temp_sensor.dir/home/gohara/Downloads/pico/pico-sdk/src/rp2_common/pico_bootrom/bootrom.c.obj
                0x000000001000318c                rom_funcs_lookup
 *fill*         0x00000000100031c2        0x2 
 .text.__wrap___aeabi_idiv
                0x00000000100031c4       0x50 CMakeFiles/ir_temp_sensor.dir/home/gohara/Downloads/pico/pico-sdk/src/rp2_common/pico_divider/divider.S.obj
                0x00000000100031c4                __wrap___aeabi_idivmod
                0x00000000100031c4                divmod_s32s32
                0x00000000100031c4                div_s32s32
                0x00000000100031c4                __wrap___aeabi_idiv
                0x00000000100031cc                divmod_s32s32_unsafe
                0x00000000100031f8                divmod_s32s32_savestate
 .text.__wrap___aeabi_uidiv
                0x0000000010003214       0x4c CMakeFiles/ir_temp_sensor.dir/home/gohara/Downloads/pico/pico-sdk/src/rp2_common/pico_divider/divider.S.obj
                0x0000000010003214                __wrap___aeabi_uidiv
                0x0000000010003214                __wrap___aeabi_uidivmod
                0x0000000010003214                div_u32u32
                0x0000000010003214                divmod_u32u32
                0x000000001000321c                divmod_u32u32_unsafe
                0x0000000010003244                divmod_u32u32_savestate
 .text.__wrap___aeabi_ldiv
                0x0000000010003260      0x434 CMakeFiles/ir_temp_sensor.dir/home/gohara/Downloads/pico/pico-sdk/src/rp2_common/pico_divider/divider.S.obj
                0x0000000010003260                div_s64s64
                0x0000000010003260                divmod_s64s64
                0x0000000010003260                __wrap___aeabi_ldivmod
                0x0000000010003298                div_u64u64
                0x0000000010003298                divmod_u64u64
                0x0000000010003298                __wrap___aeabi_uldivmod
                0x00000000100032a8                divmod_u64u64_savestate
                0x00000000100032d0                divmod_s64s64_unsafe
                0x0000000010003358                divmod_u64u64_unsafe
 .text.__wrap___aeabi_darithmetic
                0x0000000010003694       0x80 CMakeFiles/ir_temp_sensor.dir/home/gohara/Downloads/pico/pico-sdk/src/rp2_common/pico_double/double_aeabi.S.obj
                0x0000000010003694                __wrap___aeabi_drsub
                0x000000001000369a                __wrap___aeabi_dsub
                0x00000000100036ac                __wrap___aeabi_dadd
                0x00000000100036be                __wrap___aeabi_ddiv
                0x00000000100036fa                __wrap___aeabi_dmul
 .text.__wrap___aeabi_cdcmple
                0x0000000010003714       0x6c CMakeFiles/ir_temp_sensor.dir/home/gohara/Downloads/pico/pico-sdk/src/rp2_common/pico_double/double_aeabi.S.obj
                0x0000000010003714                __wrap___aeabi_cdrcmple
                0x0000000010003724                __wrap___aeabi_cdcmple
                0x0000000010003724                __wrap___aeabi_cdcmpeq
 .text.__wrap___aeabi_dcmplt
                0x0000000010003780        0xc CMakeFiles/ir_temp_sensor.dir/home/gohara/Downloads/pico/pico-sdk/src/rp2_common/pico_double/double_aeabi.S.obj
                0x0000000010003780                __wrap___aeabi_dcmplt
 .text.__wrap___aeabi_dcmple
                0x000000001000378c       0x10 CMakeFiles/ir_temp_sensor.dir/home/gohara/Downloads/pico/pico-sdk/src/rp2_common/pico_double/double_aeabi.S.obj
                0x000000001000378c                __wrap___aeabi_dcmple
 .text.__wrap___aeabi_dcmpge
                0x000000001000379c       0x10 CMakeFiles/ir_temp_sensor.dir/home/gohara/Downloads/pico/pico-sdk/src/rp2_common/pico_double/double_aeabi.S.obj
                0x000000001000379c                __wrap___aeabi_dcmpge
 .text.__wrap___aeabi_dcmpgt
                0x00000000100037ac        0xa CMakeFiles/ir_temp_sensor.dir/home/gohara/Downloads/pico/pico-sdk/src/rp2_common/pico_double/double_aeabi.S.obj
                0x00000000100037ac                __wrap___aeabi_dcmpgt
 .text.__wrap___aeabi_dcmpun
                0x00000000100037b6       0x1c CMakeFiles/ir_temp_sensor.dir/home/gohara/Downloads/pico/pico-sdk/src/rp2_common/pico_double/double_aeabi.S.obj
                0x00000000100037b6                __wrap___aeabi_dcmpun
 *fill*         0x00000000100037d2        0x2 
 .text.__wrap___aeabi_i2d
                0x00000000100037d4       0x38 CMakeFiles/ir_temp_sensor.dir/home/gohara/Downloads/pico/pico-sdk/src/rp2_common/pico_double/double_aeabi.S.obj
                0x00000000100037d4                __wrap___aeabi_ui2d
                0x00000000100037dc                __wrap___aeabi_i2d
 .text.__wrap___aeabi_d2iz
                0x000000001000380c       0x48 CMakeFiles/ir_temp_sensor.dir/home/gohara/Downloads/pico/pico-sdk/src/rp2_common/pico_double/double_aeabi.S.obj
                0x000000001000380c                __wrap___aeabi_d2iz
                0x000000001000380c                double2int_z
 .text.__wrap___aeabi_d2uiz
                0x0000000010003854       0x18 CMakeFiles/ir_temp_sensor.dir/home/gohara/Downloads/pico/pico-sdk/src/rp2_common/pico_double/double_aeabi.S.obj
                0x0000000010003854                double2uint
                0x0000000010003854                __wrap___aeabi_d2uiz
 .text.__aeabi_double_init
                0x000000001000386c       0xc8 CMakeFiles/ir_temp_sensor.dir/home/gohara/Downloads/pico/pico-sdk/src/rp2_common/pico_double/double_init_rom.c.obj
                0x000000001000386c                __aeabi_double_init
 .text.double_table_shim_on_use_helper
                0x0000000010003934       0x34 CMakeFiles/ir_temp_sensor.dir/home/gohara/Downloads/pico/pico-sdk/src/rp2_common/pico_double/double_v1_rom_shim.S.obj
                0x0000000010003934                double_table_shim_on_use_helper
 .text.__wrap___aeabi_dsub
                0x0000000010003968       0x10 CMakeFiles/ir_temp_sensor.dir/home/gohara/Downloads/pico/pico-sdk/src/rp2_common/pico_double/double_v1_rom_shim.S.obj
                0x0000000010003968                drsub_shim
                0x000000001000396e                dsub_shim
 .text.dadd_shim
                0x0000000010003978      0x15c CMakeFiles/ir_temp_sensor.dir/home/gohara/Downloads/pico/pico-sdk/src/rp2_common/pico_double/double_v1_rom_shim.S.obj
                0x0000000010003978                dadd_shim
 .text.dmul_shim
                0x0000000010003ad4      0x15c CMakeFiles/ir_temp_sensor.dir/home/gohara/Downloads/pico/pico-sdk/src/rp2_common/pico_double/double_v1_rom_shim.S.obj
                0x0000000010003ad4                dmul_shim
 .text.ddiv_shim
                0x0000000010003c30      0x1b0 CMakeFiles/ir_temp_sensor.dir/home/gohara/Downloads/pico/pico-sdk/src/rp2_common/pico_double/double_v1_rom_shim.S.obj
                0x0000000010003c30                ddiv_shim
 .text.double2uint_shim
                0x0000000010003de0        0xe CMakeFiles/ir_temp_sensor.dir/home/gohara/Downloads/pico/pico-sdk/src/rp2_common/pico_double/double_v1_rom_shim.S.obj
                0x0000000010003de0                double2uint_shim
                0x0000000010003de2                double2ufix_shim
 *fill*         0x0000000010003dee        0x2 
 .text.double2uint64_shim
                0x0000000010003df0       0x70 CMakeFiles/ir_temp_sensor.dir/home/gohara/Downloads/pico/pico-sdk/src/rp2_common/pico_double/double_v1_rom_shim.S.obj
                0x0000000010003df0                double2uint64_shim
                0x0000000010003df2                double2ufix64_shim
                0x0000000010003e12                d2fix_a
 .text.dunpacks
                0x0000000010003e60       0x3c CMakeFiles/ir_temp_sensor.dir/home/gohara/Downloads/pico/pico-sdk/src/rp2_common/pico_double/double_v1_rom_shim.S.obj
                0x0000000010003e60                dunpacks
 .text.__aeabi_lmul
                0x0000000010003e9c       0x32 CMakeFiles/ir_temp_sensor.dir/home/gohara/Downloads/pico/pico-sdk/src/rp2_common/pico_int64_ops/pico_int64_ops_aeabi.S.obj
                0x0000000010003e9c                __wrap___aeabi_lmul
 *fill*         0x0000000010003ece        0x2 
 .text.__aeabi_float_init
                0x0000000010003ed0       0xfc CMakeFiles/ir_temp_sensor.dir/home/gohara/Downloads/pico/pico-sdk/src/rp2_common/pico_float/float_init_rom.c.obj
                0x0000000010003ed0                __aeabi_float_init
 .text.float_table_shim_on_use_helper
                0x0000000010003fcc       0x34 CMakeFiles/ir_temp_sensor.dir/home/gohara/Downloads/pico/pico-sdk/src/rp2_common/pico_float/float_v1_rom_shim.S.obj
                0x0000000010003fcc                float_table_shim_on_use_helper
 .text          0x0000000010004000       0x10 CMakeFiles/ir_temp_sensor.dir/home/gohara/Downloads/pico/pico-sdk/src/rp2_common/pico_mem_ops/mem_ops_aeabi.S.obj
                0x0000000010004000                __aeabi_mem_init
 .text.memset   0x0000000010004010        0xc CMakeFiles/ir_temp_sensor.dir/home/gohara/Downloads/pico/pico-sdk/src/rp2_common/pico_mem_ops/mem_ops_aeabi.S.obj
                0x0000000010004010                __wrap_memset
 .text.memcpy   0x000000001000401c        0xc CMakeFiles/ir_temp_sensor.dir/home/gohara/Downloads/pico/pico-sdk/src/rp2_common/pico_mem_ops/mem_ops_aeabi.S.obj
                0x000000001000401c                __wrap___aeabi_memcpy
                0x000000001000401c                __wrap_memcpy
 .text.stdio_out_chars_no_crlf
                0x0000000010004028        0xe CMakeFiles/ir_temp_sensor.dir/home/gohara/Downloads/pico/pico-sdk/src/rp2_common/pico_stdio/stdio.c.obj
 *fill*         0x0000000010004036        0x2 
 .text.stdio_out_chars_crlf
                0x0000000010004038       0x80 CMakeFiles/ir_temp_sensor.dir/home/gohara/Downloads/pico/pico-sdk/src/rp2_common/pico_stdio/stdio.c.obj
 .text.stdio_stack_buffer_flush
                0x00000000100040b8       0x44 CMakeFiles/ir_temp_sensor.dir/home/gohara/Downloads/pico/pico-sdk/src/rp2_common/pico_stdio/stdio.c.obj
 .text.stdio_buffered_printer
                0x00000000100040fc       0x20 CMakeFiles/ir_temp_sensor.dir/home/gohara/Downloads/pico/pico-sdk/src/rp2_common/pico_stdio/stdio.c.obj
 .text.stdout_serialize_begin
                0x000000001000411c       0x30 CMakeFiles/ir_temp_sensor.dir/home/gohara/Downloads/pico/pico-sdk/src/rp2_common/pico_stdio/stdio.c.obj
                0x000000001000411c                stdout_serialize_begin
 .text.stdout_serialize_end
                0x000000001000414c       0x10 CMakeFiles/ir_temp_sensor.dir/home/gohara/Downloads/pico/pico-sdk/src/rp2_common/pico_stdio/stdio.c.obj
                0x000000001000414c                stdout_serialize_end
 .text.stdio_put_string
                0x000000001000415c       0x94 CMakeFiles/ir_temp_sensor.dir/home/gohara/Downloads/pico/pico-sdk/src/rp2_common/pico_stdio/stdio.c.obj
 .text.stdio_set_driver_enabled
                0x00000000100041f0       0x38 CMakeFiles/ir_temp_sensor.dir/home/gohara/Downloads/pico/pico-sdk/src/rp2_common/pico_stdio/stdio.c.obj
                0x00000000100041f0                stdio_set_driver_enabled
 .text.stdio_flush
                0x0000000010004228       0x20 CMakeFiles/ir_temp_sensor.dir/home/gohara/Downloads/pico/pico-sdk/src/rp2_common/pico_stdio/stdio.c.obj
                0x0000000010004228                stdio_flush
 .text.__wrap_puts
                0x0000000010004248       0x1e CMakeFiles/ir_temp_sensor.dir/home/gohara/Downloads/pico/pico-sdk/src/rp2_common/pico_stdio/stdio.c.obj
                0x0000000010004248                __wrap_puts
 *fill*         0x0000000010004266        0x2 
 .text.__wrap_vprintf
                0x0000000010004268       0x44 CMakeFiles/ir_temp_sensor.dir/home/gohara/Downloads/pico/pico-sdk/src/rp2_common/pico_stdio/stdio.c.obj
                0x0000000010004268                __wrap_vprintf
 .text.__wrap_printf
                0x00000000100042ac       0x18 CMakeFiles/ir_temp_sensor.dir/home/gohara/Downloads/pico/pico-sdk/src/rp2_common/pico_stdio/stdio.c.obj
                0x00000000100042ac                __wrap_printf
 .text.stdio_init_all
                0x00000000100042c4        0xc CMakeFiles/ir_temp_sensor.dir/home/gohara/Downloads/pico/pico-sdk/src/rp2_common/pico_stdio/stdio.c.obj
                0x00000000100042c4                stdio_init_all
 .text.stdio_uart_out_chars
                0x00000000100042d0       0x74 CMakeFiles/ir_temp_sensor.dir/home/gohara/Downloads/pico/pico-sdk/src/rp2_common/pico_stdio_uart/stdio_uart.c.obj
 .text.stdio_uart_in_chars
                0x0000000010004344       0x54 CMakeFiles/ir_temp_sensor.dir/home/gohara/Downloads/pico/pico-sdk/src/rp2_common/pico_stdio_uart/stdio_uart.c.obj
                0x0000000010004344                stdio_uart_in_chars
 .text.stdio_uart_init_full
                0x0000000010004398       0x3c CMakeFiles/ir_temp_sensor.dir/home/gohara/Downloads/pico/pico-sdk/src/rp2_common/pico_stdio_uart/stdio_uart.c.obj
                0x0000000010004398                stdio_uart_init_full
 .text.stdio_uart_init
                0x00000000100043d4       0x28 CMakeFiles/ir_temp_sensor.dir/home/gohara/Downloads/pico/pico-sdk/src/rp2_common/pico_stdio_uart/stdio_uart.c.obj
                0x00000000100043d4                stdio_uart_init
 .text.resetd_init
                0x00000000100043fc        0x2 CMakeFiles/ir_temp_sensor.dir/home/gohara/Downloads/pico/pico-sdk/src/rp2_common/pico_stdio_usb/reset_interface.c.obj
 *fill*         0x00000000100043fe        0x2 
 .text.resetd_reset
                0x0000000010004400        0xc CMakeFiles/ir_temp_sensor.dir/home/gohara/Downloads/pico/pico-sdk/src/rp2_common/pico_stdio_usb/reset_interface.c.obj
 .text.resetd_open
                0x000000001000440c       0x34 CMakeFiles/ir_temp_sensor.dir/home/gohara/Downloads/pico/pico-sdk/src/rp2_common/pico_stdio_usb/reset_interface.c.obj
 .text.resetd_xfer_cb
                0x0000000010004440        0x4 CMakeFiles/ir_temp_sensor.dir/home/gohara/Downloads/pico/pico-sdk/src/rp2_common/pico_stdio_usb/reset_interface.c.obj
 .text.resetd_control_xfer_cb
                0x0000000010004444       0x6c CMakeFiles/ir_temp_sensor.dir/home/gohara/Downloads/pico/pico-sdk/src/rp2_common/pico_stdio_usb/reset_interface.c.obj
 .text.usbd_app_driver_get_cb
                0x00000000100044b0        0xc CMakeFiles/ir_temp_sensor.dir/home/gohara/Downloads/pico/pico-sdk/src/rp2_common/pico_stdio_usb/reset_interface.c.obj
                0x00000000100044b0                usbd_app_driver_get_cb
 .text.tud_cdc_line_coding_cb
                0x00000000100044bc       0x34 CMakeFiles/ir_temp_sensor.dir/home/gohara/Downloads/pico/pico-sdk/src/rp2_common/pico_stdio_usb/reset_interface.c.obj
                0x00000000100044bc                tud_cdc_line_coding_cb
 .text.stdio_usb_in_chars
                0x00000000100044f0       0x70 CMakeFiles/ir_temp_sensor.dir/home/gohara/Downloads/pico/pico-sdk/src/rp2_common/pico_stdio_usb/stdio_usb.c.obj
                0x00000000100044f0                stdio_usb_in_chars
 .text.low_priority_worker_irq
                0x0000000010004560       0x20 CMakeFiles/ir_temp_sensor.dir/home/gohara/Downloads/pico/pico-sdk/src/rp2_common/pico_stdio_usb/stdio_usb.c.obj
 .text.stdio_usb_out_chars
                0x0000000010004580       0xd4 CMakeFiles/ir_temp_sensor.dir/home/gohara/Downloads/pico/pico-sdk/src/rp2_common/pico_stdio_usb/stdio_usb.c.obj
 .text.timer_task
                0x0000000010004654       0x10 CMakeFiles/ir_temp_sensor.dir/home/gohara/Downloads/pico/pico-sdk/src/rp2_common/pico_stdio_usb/stdio_usb.c.obj
 .text.stdio_usb_init
                0x0000000010004664       0xb4 CMakeFiles/ir_temp_sensor.dir/home/gohara/Downloads/pico/pico-sdk/src/rp2_common/pico_stdio_usb/stdio_usb.c.obj
                0x0000000010004664                stdio_usb_init
 .text.tud_descriptor_device_cb
                0x0000000010004718        0x8 CMakeFiles/ir_temp_sensor.dir/home/gohara/Downloads/pico/pico-sdk/src/rp2_common/pico_stdio_usb/stdio_usb_descriptors.c.obj
                0x0000000010004718                tud_descriptor_device_cb
 .text.tud_descriptor_configuration_cb
                0x0000000010004720        0x8 CMakeFiles/ir_temp_sensor.dir/home/gohara/Downloads/pico/pico-sdk/src/rp2_common/pico_stdio_usb/stdio_usb_descriptors.c.obj
                0x0000000010004720                tud_descriptor_configuration_cb
 .text.tud_descriptor_string_cb
                0x0000000010004728       0x6c CMakeFiles/ir_temp_sensor.dir/home/gohara/Downloads/pico/pico-sdk/src/rp2_common/pico_stdio_usb/stdio_usb_descriptors.c.obj
                0x0000000010004728                tud_descriptor_string_cb
 .text.hw_endpoint_get_by_addr
                0x0000000010004794       0x18 CMakeFiles/ir_temp_sensor.dir/home/gohara/Downloads/pico/pico-sdk/lib/tinyusb/src/portable/raspberrypi/rp2040/dcd_rp2040.c.obj
 .text.reset_ep0_pid
                0x00000000100047ac       0x28 CMakeFiles/ir_temp_sensor.dir/home/gohara/Downloads/pico/pico-sdk/lib/tinyusb/src/portable/raspberrypi/rp2040/dcd_rp2040.c.obj
 .text._hw_endpoint_alloc
                0x00000000100047d4       0x70 CMakeFiles/ir_temp_sensor.dir/home/gohara/Downloads/pico/pico-sdk/lib/tinyusb/src/portable/raspberrypi/rp2040/dcd_rp2040.c.obj
 .text.hw_endpoint_init
                0x0000000010004844       0x88 CMakeFiles/ir_temp_sensor.dir/home/gohara/Downloads/pico/pico-sdk/lib/tinyusb/src/portable/raspberrypi/rp2040/dcd_rp2040.c.obj
 .text.reset_non_control_endpoints
                0x00000000100048cc       0x40 CMakeFiles/ir_temp_sensor.dir/home/gohara/Downloads/pico/pico-sdk/lib/tinyusb/src/portable/raspberrypi/rp2040/dcd_rp2040.c.obj
 .text.hw_handle_buff_status
                0x000000001000490c       0x8c CMakeFiles/ir_temp_sensor.dir/home/gohara/Downloads/pico/pico-sdk/lib/tinyusb/src/portable/raspberrypi/rp2040/dcd_rp2040.c.obj
 .text.dcd_rp2040_irq
                0x0000000010004998       0xbc CMakeFiles/ir_temp_sensor.dir/home/gohara/Downloads/pico/pico-sdk/lib/tinyusb/src/portable/raspberrypi/rp2040/dcd_rp2040.c.obj
 .text.hw_endpoint_xfer
                0x0000000010004a54       0x14 CMakeFiles/ir_temp_sensor.dir/home/gohara/Downloads/pico/pico-sdk/lib/tinyusb/src/portable/raspberrypi/rp2040/dcd_rp2040.c.obj
 .text.dcd_int_enable
                0x0000000010004a68       0x2c CMakeFiles/ir_temp_sensor.dir/home/gohara/Downloads/pico/pico-sdk/lib/tinyusb/src/portable/raspberrypi/rp2040/dcd_rp2040.c.obj
                0x0000000010004a68                dcd_int_enable
 .text.dcd_set_address
                0x0000000010004a94       0x2c CMakeFiles/ir_temp_sensor.dir/home/gohara/Downloads/pico/pico-sdk/lib/tinyusb/src/portable/raspberrypi/rp2040/dcd_rp2040.c.obj
                0x0000000010004a94                dcd_set_address
 .text.dcd_connect
                0x0000000010004ac0       0x10 CMakeFiles/ir_temp_sensor.dir/home/gohara/Downloads/pico/pico-sdk/lib/tinyusb/src/portable/raspberrypi/rp2040/dcd_rp2040.c.obj
                0x0000000010004ac0                dcd_connect
 .text.dcd_init
                0x0000000010004ad0       0x7c CMakeFiles/ir_temp_sensor.dir/home/gohara/Downloads/pico/pico-sdk/lib/tinyusb/src/portable/raspberrypi/rp2040/dcd_rp2040.c.obj
                0x0000000010004ad0                dcd_init
 .text.dcd_edpt0_status_complete
                0x0000000010004b4c       0x1c CMakeFiles/ir_temp_sensor.dir/home/gohara/Downloads/pico/pico-sdk/lib/tinyusb/src/portable/raspberrypi/rp2040/dcd_rp2040.c.obj
                0x0000000010004b4c                dcd_edpt0_status_complete
 .text.dcd_edpt_open
                0x0000000010004b68       0x40 CMakeFiles/ir_temp_sensor.dir/home/gohara/Downloads/pico/pico-sdk/lib/tinyusb/src/portable/raspberrypi/rp2040/dcd_rp2040.c.obj
                0x0000000010004b68                dcd_edpt_open
 .text.dcd_edpt_close_all
                0x0000000010004ba8        0x8 CMakeFiles/ir_temp_sensor.dir/home/gohara/Downloads/pico/pico-sdk/lib/tinyusb/src/portable/raspberrypi/rp2040/dcd_rp2040.c.obj
                0x0000000010004ba8                dcd_edpt_close_all
 .text.dcd_edpt_xfer
                0x0000000010004bb0       0x30 CMakeFiles/ir_temp_sensor.dir/home/gohara/Downloads/pico/pico-sdk/lib/tinyusb/src/portable/raspberrypi/rp2040/dcd_rp2040.c.obj
                0x0000000010004bb0                dcd_edpt_xfer
 .text.dcd_edpt_stall
                0x0000000010004be0       0x2c CMakeFiles/ir_temp_sensor.dir/home/gohara/Downloads/pico/pico-sdk/lib/tinyusb/src/portable/raspberrypi/rp2040/dcd_rp2040.c.obj
                0x0000000010004be0                dcd_edpt_stall
 .text.dcd_edpt_clear_stall
                0x0000000010004c0c       0x20 CMakeFiles/ir_temp_sensor.dir/home/gohara/Downloads/pico/pico-sdk/lib/tinyusb/src/portable/raspberrypi/rp2040/dcd_rp2040.c.obj
                0x0000000010004c0c                dcd_edpt_clear_stall
 .text.prepare_ep_buffer
                0x0000000010004c2c       0x70 CMakeFiles/ir_temp_sensor.dir/home/gohara/Downloads/pico/pico-sdk/lib/tinyusb/src/portable/raspberrypi/rp2040/rp2040_usb.c.obj
 .text.sync_ep_buffer
                0x0000000010004c9c       0x7c CMakeFiles/ir_temp_sensor.dir/home/gohara/Downloads/pico/pico-sdk/lib/tinyusb/src/portable/raspberrypi/rp2040/rp2040_usb.c.obj
 .text._hw_endpoint_xfer_sync
                0x0000000010004d18       0x28 CMakeFiles/ir_temp_sensor.dir/home/gohara/Downloads/pico/pico-sdk/lib/tinyusb/src/portable/raspberrypi/rp2040/rp2040_usb.c.obj
 .text.rp2040_usb_init
                0x0000000010004d40       0x4c CMakeFiles/ir_temp_sensor.dir/home/gohara/Downloads/pico/pico-sdk/lib/tinyusb/src/portable/raspberrypi/rp2040/rp2040_usb.c.obj
                0x0000000010004d40                rp2040_usb_init
 .text.hw_endpoint_reset_transfer
                0x0000000010004d8c        0xc CMakeFiles/ir_temp_sensor.dir/home/gohara/Downloads/pico/pico-sdk/lib/tinyusb/src/portable/raspberrypi/rp2040/rp2040_usb.c.obj
                0x0000000010004d8c                hw_endpoint_reset_transfer
 .text._hw_endpoint_buffer_control_update32
                0x0000000010004d98       0x58 CMakeFiles/ir_temp_sensor.dir/home/gohara/Downloads/pico/pico-sdk/lib/tinyusb/src/portable/raspberrypi/rp2040/rp2040_usb.c.obj
                0x0000000010004d98                _hw_endpoint_buffer_control_update32
 .text._hw_endpoint_start_next_buffer
                0x0000000010004df0       0x74 CMakeFiles/ir_temp_sensor.dir/home/gohara/Downloads/pico/pico-sdk/lib/tinyusb/src/portable/raspberrypi/rp2040/rp2040_usb.c.obj
 .text.hw_endpoint_xfer_start
                0x0000000010004e64       0x48 CMakeFiles/ir_temp_sensor.dir/home/gohara/Downloads/pico/pico-sdk/lib/tinyusb/src/portable/raspberrypi/rp2040/rp2040_usb.c.obj
                0x0000000010004e64                hw_endpoint_xfer_start
 .text.hw_endpoint_xfer_continue
                0x0000000010004eac       0x38 CMakeFiles/ir_temp_sensor.dir/home/gohara/Downloads/pico/pico-sdk/lib/tinyusb/src/portable/raspberrypi/rp2040/rp2040_usb.c.obj
                0x0000000010004eac                hw_endpoint_xfer_continue
 .text.configuration_reset
                0x0000000010004ee4       0x84 CMakeFiles/ir_temp_sensor.dir/home/gohara/Downloads/pico/pico-sdk/lib/tinyusb/src/device/usbd.c.obj
 .text.usbd_reset
                0x0000000010004f68        0xc CMakeFiles/ir_temp_sensor.dir/home/gohara/Downloads/pico/pico-sdk/lib/tinyusb/src/device/usbd.c.obj
 .text.invoke_class_control
                0x0000000010004f74       0x1a CMakeFiles/ir_temp_sensor.dir/home/gohara/Downloads/pico/pico-sdk/lib/tinyusb/src/device/usbd.c.obj
 *fill*         0x0000000010004f8e        0x2 
 .text.process_set_config
                0x0000000010004f90      0x1a8 CMakeFiles/ir_temp_sensor.dir/home/gohara/Downloads/pico/pico-sdk/lib/tinyusb/src/device/usbd.c.obj
 .text.process_get_descriptor
                0x0000000010005138       0xf8 CMakeFiles/ir_temp_sensor.dir/home/gohara/Downloads/pico/pico-sdk/lib/tinyusb/src/device/usbd.c.obj
 .text.tud_mounted
                0x0000000010005230       0x10 CMakeFiles/ir_temp_sensor.dir/home/gohara/Downloads/pico/pico-sdk/lib/tinyusb/src/device/usbd.c.obj
                0x0000000010005230                tud_mounted
 .text.tud_suspended
                0x0000000010005240       0x10 CMakeFiles/ir_temp_sensor.dir/home/gohara/Downloads/pico/pico-sdk/lib/tinyusb/src/device/usbd.c.obj
                0x0000000010005240                tud_suspended
 .text.tud_inited
                0x0000000010005250        0xc CMakeFiles/ir_temp_sensor.dir/home/gohara/Downloads/pico/pico-sdk/lib/tinyusb/src/device/usbd.c.obj
                0x0000000010005250                tud_inited
 .text.tud_init
                0x000000001000525c       0xcc CMakeFiles/ir_temp_sensor.dir/home/gohara/Downloads/pico/pico-sdk/lib/tinyusb/src/device/usbd.c.obj
                0x000000001000525c                tud_init
 .text.dcd_event_handler
                0x0000000010005328      0x1e0 CMakeFiles/ir_temp_sensor.dir/home/gohara/Downloads/pico/pico-sdk/lib/tinyusb/src/device/usbd.c.obj
                0x0000000010005328                dcd_event_handler
 .text.dcd_event_bus_signal
                0x0000000010005508       0x28 CMakeFiles/ir_temp_sensor.dir/home/gohara/Downloads/pico/pico-sdk/lib/tinyusb/src/device/usbd.c.obj
                0x0000000010005508                dcd_event_bus_signal
 .text.dcd_event_bus_reset
                0x0000000010005530       0x2c CMakeFiles/ir_temp_sensor.dir/home/gohara/Downloads/pico/pico-sdk/lib/tinyusb/src/device/usbd.c.obj
                0x0000000010005530                dcd_event_bus_reset
 .text.dcd_event_setup_received
                0x000000001000555c       0x34 CMakeFiles/ir_temp_sensor.dir/home/gohara/Downloads/pico/pico-sdk/lib/tinyusb/src/device/usbd.c.obj
                0x000000001000555c                dcd_event_setup_received
 .text.dcd_event_xfer_complete
                0x0000000010005590       0x46 CMakeFiles/ir_temp_sensor.dir/home/gohara/Downloads/pico/pico-sdk/lib/tinyusb/src/device/usbd.c.obj
                0x0000000010005590                dcd_event_xfer_complete
 *fill*         0x00000000100055d6        0x2 
 .text.usbd_edpt_open
                0x00000000100055d8       0x58 CMakeFiles/ir_temp_sensor.dir/home/gohara/Downloads/pico/pico-sdk/lib/tinyusb/src/device/usbd.c.obj
                0x00000000100055d8                usbd_edpt_open
 .text.usbd_open_edpt_pair
                0x0000000010005630       0x8c CMakeFiles/ir_temp_sensor.dir/home/gohara/Downloads/pico/pico-sdk/lib/tinyusb/src/device/usbd.c.obj
                0x0000000010005630                usbd_open_edpt_pair
 .text.usbd_edpt_claim
                0x00000000100056bc       0x88 CMakeFiles/ir_temp_sensor.dir/home/gohara/Downloads/pico/pico-sdk/lib/tinyusb/src/device/usbd.c.obj
                0x00000000100056bc                usbd_edpt_claim
 .text.usbd_edpt_release
                0x0000000010005744       0x68 CMakeFiles/ir_temp_sensor.dir/home/gohara/Downloads/pico/pico-sdk/lib/tinyusb/src/device/usbd.c.obj
                0x0000000010005744                usbd_edpt_release
 .text.usbd_edpt_xfer
                0x00000000100057ac       0x80 CMakeFiles/ir_temp_sensor.dir/home/gohara/Downloads/pico/pico-sdk/lib/tinyusb/src/device/usbd.c.obj
                0x00000000100057ac                usbd_edpt_xfer
 .text.usbd_edpt_stall
                0x000000001000582c       0x40 CMakeFiles/ir_temp_sensor.dir/home/gohara/Downloads/pico/pico-sdk/lib/tinyusb/src/device/usbd.c.obj
                0x000000001000582c                usbd_edpt_stall
 .text.usbd_edpt_clear_stall
                0x000000001000586c       0x40 CMakeFiles/ir_temp_sensor.dir/home/gohara/Downloads/pico/pico-sdk/lib/tinyusb/src/device/usbd.c.obj
                0x000000001000586c                usbd_edpt_clear_stall
 .text.usbd_edpt_stalled
                0x00000000100058ac       0x1c CMakeFiles/ir_temp_sensor.dir/home/gohara/Downloads/pico/pico-sdk/lib/tinyusb/src/device/usbd.c.obj
                0x00000000100058ac                usbd_edpt_stalled
 .text.process_control_request
                0x00000000100058c8      0x3bc CMakeFiles/ir_temp_sensor.dir/home/gohara/Downloads/pico/pico-sdk/lib/tinyusb/src/device/usbd.c.obj
 .text.tud_task
                0x0000000010005c84      0x218 CMakeFiles/ir_temp_sensor.dir/home/gohara/Downloads/pico/pico-sdk/lib/tinyusb/src/device/usbd.c.obj
                0x0000000010005c84                tud_task
 .text._data_stage_xact
                0x0000000010005e9c       0x58 CMakeFiles/ir_temp_sensor.dir/home/gohara/Downloads/pico/pico-sdk/lib/tinyusb/src/device/usbd_control.c.obj
 .text.tud_control_status
                0x0000000010005ef4       0x38 CMakeFiles/ir_temp_sensor.dir/home/gohara/Downloads/pico/pico-sdk/lib/tinyusb/src/device/usbd_control.c.obj
                0x0000000010005ef4                tud_control_status
 .text.tud_control_xfer
                0x0000000010005f2c       0xa4 CMakeFiles/ir_temp_sensor.dir/home/gohara/Downloads/pico/pico-sdk/lib/tinyusb/src/device/usbd_control.c.obj
                0x0000000010005f2c                tud_control_xfer
 .text.usbd_control_reset
                0x0000000010005fd0       0x14 CMakeFiles/ir_temp_sensor.dir/home/gohara/Downloads/pico/pico-sdk/lib/tinyusb/src/device/usbd_control.c.obj
                0x0000000010005fd0                usbd_control_reset
 .text.usbd_control_set_complete_callback
                0x0000000010005fe4        0xc CMakeFiles/ir_temp_sensor.dir/home/gohara/Downloads/pico/pico-sdk/lib/tinyusb/src/device/usbd_control.c.obj
                0x0000000010005fe4                usbd_control_set_complete_callback
 .text.usbd_control_set_request
                0x0000000010005ff0       0x1c CMakeFiles/ir_temp_sensor.dir/home/gohara/Downloads/pico/pico-sdk/lib/tinyusb/src/device/usbd_control.c.obj
                0x0000000010005ff0                usbd_control_set_request
 .text.usbd_control_xfer_cb
                0x000000001000600c       0xfc CMakeFiles/ir_temp_sensor.dir/home/gohara/Downloads/pico/pico-sdk/lib/tinyusb/src/device/usbd_control.c.obj
                0x000000001000600c                usbd_control_xfer_cb
 .text._prep_out_transaction
                0x0000000010006108       0x46 CMakeFiles/ir_temp_sensor.dir/home/gohara/Downloads/pico/pico-sdk/lib/tinyusb/src/class/cdc/cdc_device.c.obj
 *fill*         0x000000001000614e        0x2 
 .text.tud_cdc_n_connected
                0x0000000010006150       0x44 CMakeFiles/ir_temp_sensor.dir/home/gohara/Downloads/pico/pico-sdk/lib/tinyusb/src/class/cdc/cdc_device.c.obj
                0x0000000010006150                tud_cdc_n_connected
 .text.tud_cdc_n_available
                0x0000000010006194       0x18 CMakeFiles/ir_temp_sensor.dir/home/gohara/Downloads/pico/pico-sdk/lib/tinyusb/src/class/cdc/cdc_device.c.obj
                0x0000000010006194                tud_cdc_n_available
 .text.tud_cdc_n_read
                0x00000000100061ac       0x28 CMakeFiles/ir_temp_sensor.dir/home/gohara/Downloads/pico/pico-sdk/lib/tinyusb/src/class/cdc/cdc_device.c.obj
                0x00000000100061ac                tud_cdc_n_read
 .text.tud_cdc_n_write_flush
                0x00000000100061d4       0xcc CMakeFiles/ir_temp_sensor.dir/home/gohara/Downloads/pico/pico-sdk/lib/tinyusb/src/class/cdc/cdc_device.c.obj
                0x00000000100061d4                tud_cdc_n_write_flush
 .text.tud_cdc_n_write
                0x00000000100062a0       0x38 CMakeFiles/ir_temp_sensor.dir/home/gohara/Downloads/pico/pico-sdk/lib/tinyusb/src/class/cdc/cdc_device.c.obj
                0x00000000100062a0                tud_cdc_n_write
 .text.tud_cdc_n_write_available
                0x00000000100062d8       0x1c CMakeFiles/ir_temp_sensor.dir/home/gohara/Downloads/pico/pico-sdk/lib/tinyusb/src/class/cdc/cdc_device.c.obj
                0x00000000100062d8                tud_cdc_n_write_available
 .text.cdcd_init
                0x00000000100062f4       0xb8 CMakeFiles/ir_temp_sensor.dir/home/gohara/Downloads/pico/pico-sdk/lib/tinyusb/src/class/cdc/cdc_device.c.obj
                0x00000000100062f4                cdcd_init
 .text.cdcd_reset
                0x00000000100063ac       0x44 CMakeFiles/ir_temp_sensor.dir/home/gohara/Downloads/pico/pico-sdk/lib/tinyusb/src/class/cdc/cdc_device.c.obj
                0x00000000100063ac                cdcd_reset
 .text.cdcd_open
                0x00000000100063f0       0xf8 CMakeFiles/ir_temp_sensor.dir/home/gohara/Downloads/pico/pico-sdk/lib/tinyusb/src/class/cdc/cdc_device.c.obj
                0x00000000100063f0                cdcd_open
 .text.cdcd_control_xfer_cb
                0x00000000100064e8      0x134 CMakeFiles/ir_temp_sensor.dir/home/gohara/Downloads/pico/pico-sdk/lib/tinyusb/src/class/cdc/cdc_device.c.obj
                0x00000000100064e8                cdcd_control_xfer_cb
 .text.cdcd_xfer_cb
                0x000000001000661c      0x13c CMakeFiles/ir_temp_sensor.dir/home/gohara/Downloads/pico/pico-sdk/lib/tinyusb/src/class/cdc/cdc_device.c.obj
                0x000000001000661c                cdcd_xfer_cb
 .text.tusb_init
                0x0000000010006758       0x24 CMakeFiles/ir_temp_sensor.dir/home/gohara/Downloads/pico/pico-sdk/lib/tinyusb/src/tusb.c.obj
                0x0000000010006758                tusb_init
 .text.tusb_inited
                0x000000001000677c        0xe CMakeFiles/ir_temp_sensor.dir/home/gohara/Downloads/pico/pico-sdk/lib/tinyusb/src/tusb.c.obj
                0x000000001000677c                tusb_inited
 *fill*         0x000000001000678a        0x2 
 .text.tu_edpt_validate
                0x000000001000678c       0xa8 CMakeFiles/ir_temp_sensor.dir/home/gohara/Downloads/pico/pico-sdk/lib/tinyusb/src/tusb.c.obj
                0x000000001000678c                tu_edpt_validate
 .text.tu_edpt_bind_driver
                0x0000000010006834       0x2a CMakeFiles/ir_temp_sensor.dir/home/gohara/Downloads/pico/pico-sdk/lib/tinyusb/src/tusb.c.obj
                0x0000000010006834                tu_edpt_bind_driver
 .text.advance_pointer
                0x000000001000685e       0x18 CMakeFiles/ir_temp_sensor.dir/home/gohara/Downloads/pico/pico-sdk/lib/tinyusb/src/common/tusb_fifo.c.obj
 .text.backward_pointer
                0x0000000010006876       0x1e CMakeFiles/ir_temp_sensor.dir/home/gohara/Downloads/pico/pico-sdk/lib/tinyusb/src/common/tusb_fifo.c.obj
 .text.get_relative_pointer
                0x0000000010006894       0x10 CMakeFiles/ir_temp_sensor.dir/home/gohara/Downloads/pico/pico-sdk/lib/tinyusb/src/common/tusb_fifo.c.obj
 .text._tu_fifo_peek
                0x00000000100068a4       0x4c CMakeFiles/ir_temp_sensor.dir/home/gohara/Downloads/pico/pico-sdk/lib/tinyusb/src/common/tusb_fifo.c.obj
 .text._ff_pull_const_addr
                0x00000000100068f0       0x46 CMakeFiles/ir_temp_sensor.dir/home/gohara/Downloads/pico/pico-sdk/lib/tinyusb/src/common/tusb_fifo.c.obj
 .text._ff_pull_n
                0x0000000010006936      0x100 CMakeFiles/ir_temp_sensor.dir/home/gohara/Downloads/pico/pico-sdk/lib/tinyusb/src/common/tusb_fifo.c.obj
 .text._tu_fifo_peek_n
                0x0000000010006a36       0x5e CMakeFiles/ir_temp_sensor.dir/home/gohara/Downloads/pico/pico-sdk/lib/tinyusb/src/common/tusb_fifo.c.obj
 .text._tu_fifo_read_n
                0x0000000010006a94       0x4e CMakeFiles/ir_temp_sensor.dir/home/gohara/Downloads/pico/pico-sdk/lib/tinyusb/src/common/tusb_fifo.c.obj
 .text._ff_push_const_addr
                0x0000000010006ae2       0x3a CMakeFiles/ir_temp_sensor.dir/home/gohara/Downloads/pico/pico-sdk/lib/tinyusb/src/common/tusb_fifo.c.obj
 .text._ff_push_n
                0x0000000010006b1c       0xfa CMakeFiles/ir_temp_sensor.dir/home/gohara/Downloads/pico/pico-sdk/lib/tinyusb/src/common/tusb_fifo.c.obj
 .text._tu_fifo_write_n
                0x0000000010006c16       0x9e CMakeFiles/ir_temp_sensor.dir/home/gohara/Downloads/pico/pico-sdk/lib/tinyusb/src/common/tusb_fifo.c.obj
 .text.tu_fifo_config
                0x0000000010006cb4       0x72 CMakeFiles/ir_temp_sensor.dir/home/gohara/Downloads/pico/pico-sdk/lib/tinyusb/src/common/tusb_fifo.c.obj
                0x0000000010006cb4                tu_fifo_config
 .text.tu_fifo_count
                0x0000000010006d26       0x24 CMakeFiles/ir_temp_sensor.dir/home/gohara/Downloads/pico/pico-sdk/lib/tinyusb/src/common/tusb_fifo.c.obj
                0x0000000010006d26                tu_fifo_count
 .text.tu_fifo_empty
                0x0000000010006d4a        0xe CMakeFiles/ir_temp_sensor.dir/home/gohara/Downloads/pico/pico-sdk/lib/tinyusb/src/common/tusb_fifo.c.obj
                0x0000000010006d4a                tu_fifo_empty
 .text.tu_fifo_remaining
                0x0000000010006d58       0x20 CMakeFiles/ir_temp_sensor.dir/home/gohara/Downloads/pico/pico-sdk/lib/tinyusb/src/common/tusb_fifo.c.obj
                0x0000000010006d58                tu_fifo_remaining
 .text.tu_fifo_read
                0x0000000010006d78       0x42 CMakeFiles/ir_temp_sensor.dir/home/gohara/Downloads/pico/pico-sdk/lib/tinyusb/src/common/tusb_fifo.c.obj
                0x0000000010006d78                tu_fifo_read
 .text.tu_fifo_read_n
                0x0000000010006dba        0xa CMakeFiles/ir_temp_sensor.dir/home/gohara/Downloads/pico/pico-sdk/lib/tinyusb/src/common/tusb_fifo.c.obj
                0x0000000010006dba                tu_fifo_read_n
 .text.tu_fifo_write
                0x0000000010006dc4       0x6c CMakeFiles/ir_temp_sensor.dir/home/gohara/Downloads/pico/pico-sdk/lib/tinyusb/src/common/tusb_fifo.c.obj
                0x0000000010006dc4                tu_fifo_write
 .text.tu_fifo_write_n
                0x0000000010006e30        0xa CMakeFiles/ir_temp_sensor.dir/home/gohara/Downloads/pico/pico-sdk/lib/tinyusb/src/common/tusb_fifo.c.obj
                0x0000000010006e30                tu_fifo_write_n
 .text.tu_fifo_clear
                0x0000000010006e3a       0x4c CMakeFiles/ir_temp_sensor.dir/home/gohara/Downloads/pico/pico-sdk/lib/tinyusb/src/common/tusb_fifo.c.obj
                0x0000000010006e3a                tu_fifo_clear
 .text.tu_fifo_set_overwritable
                0x0000000010006e86       0x3c CMakeFiles/ir_temp_sensor.dir/home/gohara/Downloads/pico/pico-sdk/lib/tinyusb/src/common/tusb_fifo.c.obj
                0x0000000010006e86                tu_fifo_set_overwritable
 *fill*         0x0000000010006ec2        0x2 
 .text._retrieve_unique_id_on_boot
                0x0000000010006ec4       0x10 CMakeFiles/ir_temp_sensor.dir/home/gohara/Downloads/pico/pico-sdk/src/rp2_common/pico_unique_id/unique_id.c.obj
 .text.pico_get_unique_board_id_string
                0x0000000010006ed4       0x60 CMakeFiles/ir_temp_sensor.dir/home/gohara/Downloads/pico/pico-sdk/src/rp2_common/pico_unique_id/unique_id.c.obj
                0x0000000010006ed4                pico_get_unique_board_id_string
 .text.flash_get_unique_id
                0x0000000010006f34       0x40 CMakeFiles/ir_temp_sensor.dir/home/gohara/Downloads/pico/pico-sdk/src/rp2_common/hardware_flash/flash.c.obj
                0x0000000010006f34                flash_get_unique_id
 .text.i2c_set_baudrate
                0x0000000010006f74       0xec CMakeFiles/ir_temp_sensor.dir/home/gohara/Downloads/pico/pico-sdk/src/rp2_common/hardware_i2c/i2c.c.obj
                0x0000000010006f74                i2c_set_baudrate
 .text.i2c_init
                0x0000000010007060       0x58 CMakeFiles/ir_temp_sensor.dir/home/gohara/Downloads/pico/pico-sdk/src/rp2_common/hardware_i2c/i2c.c.obj
                0x0000000010007060                i2c_init
 .text          0x00000000100070b8       0x68 /usr/lib/gcc/arm-none-eabi/8.3.1/../../../arm-none-eabi/lib/thumb/v6-m/nofp/libg.a(lib_a-strlen-stub.o)
                0x00000000100070b8                strlen
 *(.fini)
 .fini          0x0000000010007120        0x4 /usr/lib/gcc/arm-none-eabi/8.3.1/thumb/v6-m/nofp/crti.o
                0x0000000010007120                _fini
 *fill*         0x0000000010007124        0x4 
 .fini.__stub   0x0000000010007128       0x70 linker stubs
 *crtbegin.o(.ctors)
 *crtbegin?.o(.ctors)
 *(EXCLUDE_FILE(*crtend.o *crtend?.o) .ctors)
 *(SORT_BY_NAME(.ctors.*))
 *(.ctors)
 *crtbegin.o(.dtors)
 *crtbegin?.o(.dtors)
 *(EXCLUDE_FILE(*crtend.o *crtend?.o) .dtors)
 *(SORT_BY_NAME(.dtors.*))
 *(.dtors)
 *(.eh_frame*)
 .eh_frame      0x0000000010007198        0x0 /usr/lib/gcc/arm-none-eabi/8.3.1/thumb/v6-m/nofp/crtbegin.o
                0x0000000010007198                . = ALIGN (0x4)

.glue_7         0x0000000010007198        0x0
 .glue_7        0x0000000010007198        0x0 linker stubs

.glue_7t        0x0000000010007198        0x0
 .glue_7t       0x0000000010007198        0x0 linker stubs

.vfp11_veneer   0x0000000010007198        0x0
 .vfp11_veneer  0x0000000010007198        0x0 linker stubs

.v4_bx          0x0000000010007198        0x0
 .v4_bx         0x0000000010007198        0x0 linker stubs

.iplt           0x0000000010007198        0x0
 .iplt          0x0000000010007198        0x0 /usr/lib/gcc/arm-none-eabi/8.3.1/thumb/v6-m/nofp/crtbegin.o

.rodata         0x0000000010007198     0x16b8
 *(EXCLUDE_FILE(*libm.a: *libc.a:*lib_a-mem*.o *libgcc.a:) .rodata*)
 .rodata.main.str1.4
                0x0000000010007198        0xe CMakeFiles/ir_temp_sensor.dir/ir_temp_sensor.c.obj
 *fill*         0x00000000100071a6        0x2 
 .rodata.spin_lock_claim_unused.str1.4
                0x00000000100071a8       0x1b CMakeFiles/ir_temp_sensor.dir/home/gohara/Downloads/pico/pico-sdk/src/rp2_common/hardware_sync/sync.c.obj
 *fill*         0x00000000100071c3        0x1 
 .rodata.__func__.5751
                0x00000000100071c4       0x15 CMakeFiles/ir_temp_sensor.dir/home/gohara/Downloads/pico/pico-sdk/src/common/pico_time/time.c.obj
 *fill*         0x00000000100071d9        0x3 
 .rodata.__func__.6057
                0x00000000100071dc        0xc CMakeFiles/ir_temp_sensor.dir/home/gohara/Downloads/pico/pico-sdk/src/common/pico_time/time.c.obj
 .rodata.__func__.6064
                0x00000000100071e8       0x12 CMakeFiles/ir_temp_sensor.dir/home/gohara/Downloads/pico/pico-sdk/src/common/pico_time/time.c.obj
 *fill*         0x00000000100071fa        0x2 
 .rodata.__func__.6080
                0x00000000100071fc        0xf CMakeFiles/ir_temp_sensor.dir/home/gohara/Downloads/pico/pico-sdk/src/common/pico_time/time.c.obj
 *fill*         0x000000001000720b        0x1 
 .rodata.__func__.6102
                0x000000001000720c        0xd CMakeFiles/ir_temp_sensor.dir/home/gohara/Downloads/pico/pico-sdk/src/common/pico_time/time.c.obj
 *fill*         0x0000000010007219        0x3 
 .rodata.__func__.6326
                0x000000001000721c        0xa CMakeFiles/ir_temp_sensor.dir/home/gohara/Downloads/pico/pico-sdk/src/common/pico_time/time.c.obj
 *fill*         0x0000000010007226        0x2 
 .rodata.__func__.6331
                0x0000000010007228       0x12 CMakeFiles/ir_temp_sensor.dir/home/gohara/Downloads/pico/pico-sdk/src/common/pico_time/time.c.obj
 *fill*         0x000000001000723a        0x2 
 .rodata.__func__.6346
                0x000000001000723c       0x17 CMakeFiles/ir_temp_sensor.dir/home/gohara/Downloads/pico/pico-sdk/src/common/pico_time/time.c.obj
 *fill*         0x0000000010007253        0x1 
 .rodata.__func__.6357
                0x0000000010007254       0x15 CMakeFiles/ir_temp_sensor.dir/home/gohara/Downloads/pico/pico-sdk/src/common/pico_time/time.c.obj
 *fill*         0x0000000010007269        0x3 
 .rodata.__func__.6374
                0x000000001000726c       0x1a CMakeFiles/ir_temp_sensor.dir/home/gohara/Downloads/pico/pico-sdk/src/common/pico_time/time.c.obj
 *fill*         0x0000000010007286        0x2 
 .rodata.__func__.6413
                0x0000000010007288       0x18 CMakeFiles/ir_temp_sensor.dir/home/gohara/Downloads/pico/pico-sdk/src/common/pico_time/time.c.obj
 .rodata.add_alarm_under_lock.str1.4
                0x00000000100072a0       0x28 CMakeFiles/ir_temp_sensor.dir/home/gohara/Downloads/pico/pico-sdk/src/common/pico_time/time.c.obj
                                         0x2b (size before relaxing)
 .rodata.alarm_pool_alarm_callback.str1.4
                0x00000000100072c8       0xee CMakeFiles/ir_temp_sensor.dir/home/gohara/Downloads/pico/pico-sdk/src/common/pico_time/time.c.obj
 *fill*         0x00000000100073b6        0x2 
 .rodata.alarm_pool_cancel_alarm.str1.4
                0x00000000100073b8       0x27 CMakeFiles/ir_temp_sensor.dir/home/gohara/Downloads/pico/pico-sdk/src/common/pico_time/time.c.obj
 *fill*         0x00000000100073df        0x1 
 .rodata.alarm_pool_dump_key.str1.4
                0x00000000100073e0       0x33 CMakeFiles/ir_temp_sensor.dir/home/gohara/Downloads/pico/pico-sdk/src/common/pico_time/time.c.obj
 *fill*         0x0000000010007413        0x1 
 .rodata.alarm_pool_get_default.str1.4
                0x0000000010007414       0x21 CMakeFiles/ir_temp_sensor.dir/home/gohara/Downloads/pico/pico-sdk/src/common/pico_time/time.c.obj
 *fill*         0x0000000010007435        0x3 
 .rodata.ph_add_child_node.str1.4
                0x0000000010007438       0x9e CMakeFiles/ir_temp_sensor.dir/home/gohara/Downloads/pico/pico-sdk/src/common/pico_time/time.c.obj
 *fill*         0x00000000100074d6        0x2 
 .rodata.repeating_timer_callback.str1.4
                0x00000000100074d8       0x55 CMakeFiles/ir_temp_sensor.dir/home/gohara/Downloads/pico/pico-sdk/src/common/pico_time/time.c.obj
 *fill*         0x000000001000752d        0x3 
 .rodata.__func__.4609
                0x0000000010007530       0x1a CMakeFiles/ir_temp_sensor.dir/home/gohara/Downloads/pico/pico-sdk/src/rp2_common/hardware_timer/timer.c.obj
 *fill*         0x000000001000754a        0x2 
 .rodata.hardware_alarm_claim.str1.4
                0x000000001000754c       0x22 CMakeFiles/ir_temp_sensor.dir/home/gohara/Downloads/pico/pico-sdk/src/rp2_common/hardware_timer/timer.c.obj
 *fill*         0x000000001000756e        0x2 
 .rodata.hardware_alarm_set_target.str1.4
                0x0000000010007570       0x6f CMakeFiles/ir_temp_sensor.dir/home/gohara/Downloads/pico/pico-sdk/src/rp2_common/hardware_timer/timer.c.obj
 *fill*         0x00000000100075df        0x1 
 .rodata.__func__.4243
                0x00000000100075e0       0x15 CMakeFiles/ir_temp_sensor.dir/home/gohara/Downloads/pico/pico-sdk/src/common/pico_sync/mutex.c.obj
 *fill*         0x00000000100075f5        0x3 
 .rodata.__func__.4731
                0x00000000100075f8       0x18 CMakeFiles/ir_temp_sensor.dir/home/gohara/Downloads/pico/pico-sdk/src/common/pico_sync/mutex.c.obj
 .rodata.__func__.4750
                0x0000000010007610        0xb CMakeFiles/ir_temp_sensor.dir/home/gohara/Downloads/pico/pico-sdk/src/common/pico_sync/mutex.c.obj
 *fill*         0x000000001000761b        0x1 
 .rodata.str1.4
                0x000000001000761c       0x95 CMakeFiles/ir_temp_sensor.dir/home/gohara/Downloads/pico/pico-sdk/src/common/pico_sync/mutex.c.obj
                                        0x101 (size before relaxing)
 *fill*         0x00000000100076b1        0x3 
 .rodata.__func__.5758
                0x00000000100076b4        0xc CMakeFiles/ir_temp_sensor.dir/home/gohara/Downloads/pico/pico-sdk/src/common/pico_util/pheap.c.obj
 .rodata.__func__.5765
                0x00000000100076c0       0x12 CMakeFiles/ir_temp_sensor.dir/home/gohara/Downloads/pico/pico-sdk/src/common/pico_util/pheap.c.obj
 *fill*         0x00000000100076d2        0x2 
 .rodata.__func__.5851
                0x00000000100076d4       0x13 CMakeFiles/ir_temp_sensor.dir/home/gohara/Downloads/pico/pico-sdk/src/common/pico_util/pheap.c.obj
 *fill*         0x00000000100076e7        0x1 
 .rodata.__func__.5869
                0x00000000100076e8       0x18 CMakeFiles/ir_temp_sensor.dir/home/gohara/Downloads/pico/pico-sdk/src/common/pico_util/pheap.c.obj
 .rodata.ph_add_child_node.str1.4
                0x0000000010007700       0x9e CMakeFiles/ir_temp_sensor.dir/home/gohara/Downloads/pico/pico-sdk/src/common/pico_util/pheap.c.obj
 .rodata.ph_remove_and_free_node.str1.4
                0x0000000010007700       0x26 CMakeFiles/ir_temp_sensor.dir/home/gohara/Downloads/pico/pico-sdk/src/common/pico_util/pheap.c.obj
 *fill*         0x0000000010007726        0x2 
 .rodata.ph_remove_any_head.str1.4
                0x0000000010007728       0x98 CMakeFiles/ir_temp_sensor.dir/home/gohara/Downloads/pico/pico-sdk/src/common/pico_util/pheap.c.obj
 .rodata.__assert_func.str1.4
                0x00000000100077c0       0x3f CMakeFiles/ir_temp_sensor.dir/home/gohara/Downloads/pico/pico-sdk/src/rp2_common/pico_runtime/runtime.c.obj
                                         0x43 (size before relaxing)
 *fill*         0x00000000100077ff        0x1 
 .rodata.__func__.5866
                0x0000000010007800        0xd CMakeFiles/ir_temp_sensor.dir/home/gohara/Downloads/pico/pico-sdk/src/rp2_common/pico_runtime/runtime.c.obj
 *fill*         0x000000001000780d        0x3 
 .rodata.panic.str1.4
                0x0000000010007810       0x12 CMakeFiles/ir_temp_sensor.dir/home/gohara/Downloads/pico/pico-sdk/src/rp2_common/pico_runtime/runtime.c.obj
 *fill*         0x0000000010007822        0x2 
 .rodata.runtime_init.str1.4
                0x0000000010007824       0x6b CMakeFiles/ir_temp_sensor.dir/home/gohara/Downloads/pico/pico-sdk/src/rp2_common/pico_runtime/runtime.c.obj
 *fill*         0x000000001000788f        0x1 
 .rodata.__func__.4738
                0x0000000010007890       0x10 CMakeFiles/ir_temp_sensor.dir/home/gohara/Downloads/pico/pico-sdk/src/rp2_common/hardware_clocks/clocks.c.obj
 .rodata.clock_configure.str1.4
                0x00000000100078a0       0x61 CMakeFiles/ir_temp_sensor.dir/home/gohara/Downloads/pico/pico-sdk/src/rp2_common/hardware_clocks/clocks.c.obj
 *fill*         0x0000000010007901        0x3 
 .rodata.__func__.4783
                0x0000000010007904       0x1a CMakeFiles/ir_temp_sensor.dir/home/gohara/Downloads/pico/pico-sdk/src/rp2_common/hardware_irq/irq.c.obj
 *fill*         0x000000001000791e        0x2 
 .rodata.__func__.4797
                0x0000000010007920        0xc CMakeFiles/ir_temp_sensor.dir/home/gohara/Downloads/pico/pico-sdk/src/rp2_common/hardware_irq/irq.c.obj
 .rodata.__func__.4805
                0x000000001000792c       0x17 CMakeFiles/ir_temp_sensor.dir/home/gohara/Downloads/pico/pico-sdk/src/rp2_common/hardware_irq/irq.c.obj
 *fill*         0x0000000010007943        0x1 
 .rodata.__func__.4809
                0x0000000010007944        0xf CMakeFiles/ir_temp_sensor.dir/home/gohara/Downloads/pico/pico-sdk/src/rp2_common/hardware_irq/irq.c.obj
 *fill*         0x0000000010007953        0x1 
 .rodata.__func__.4848
                0x0000000010007954       0x13 CMakeFiles/ir_temp_sensor.dir/home/gohara/Downloads/pico/pico-sdk/src/rp2_common/hardware_irq/irq.c.obj
 *fill*         0x0000000010007967        0x1 
 .rodata.__func__.4871
                0x0000000010007968       0x1a CMakeFiles/ir_temp_sensor.dir/home/gohara/Downloads/pico/pico-sdk/src/rp2_common/hardware_irq/irq.c.obj
 *fill*         0x0000000010007982        0x2 
 .rodata.irq_add_shared_handler.str1.4
                0x0000000010007984       0xd9 CMakeFiles/ir_temp_sensor.dir/home/gohara/Downloads/pico/pico-sdk/src/rp2_common/hardware_irq/irq.c.obj
 *fill*         0x0000000010007a5d        0x3 
 .rodata.irq_add_tail_to_free_list.str1.4
                0x0000000010007a60       0x32 CMakeFiles/ir_temp_sensor.dir/home/gohara/Downloads/pico/pico-sdk/src/rp2_common/hardware_irq/irq.c.obj
                                         0x3a (size before relaxing)
 *fill*         0x0000000010007a92        0x2 
 .rodata.irq_remove_handler.str1.4
                0x0000000010007a94       0x2a CMakeFiles/ir_temp_sensor.dir/home/gohara/Downloads/pico/pico-sdk/src/rp2_common/hardware_irq/irq.c.obj
 *fill*         0x0000000010007abe        0x2 
 .rodata.irq_set_exclusive_handler.str1.4
                0x0000000010007ac0       0x36 CMakeFiles/ir_temp_sensor.dir/home/gohara/Downloads/pico/pico-sdk/src/rp2_common/hardware_irq/irq.c.obj
 *fill*         0x0000000010007af6        0x2 
 .rodata.make_branch.str1.4
                0x0000000010007af8       0x57 CMakeFiles/ir_temp_sensor.dir/home/gohara/Downloads/pico/pico-sdk/src/rp2_common/hardware_irq/irq.c.obj
 *fill*         0x0000000010007b4f        0x1 
 .rodata.__func__.4458
                0x0000000010007b50        0x9 CMakeFiles/ir_temp_sensor.dir/home/gohara/Downloads/pico/pico-sdk/src/rp2_common/hardware_pll/pll.c.obj
 *fill*         0x0000000010007b59        0x3 
 .rodata.pll_init.str1.4
                0x0000000010007b5c       0xe3 CMakeFiles/ir_temp_sensor.dir/home/gohara/Downloads/pico/pico-sdk/src/rp2_common/hardware_pll/pll.c.obj
 *fill*         0x0000000010007c3f        0x1 
 .rodata._vsnprintf
                0x0000000010007c40      0x1e0 CMakeFiles/ir_temp_sensor.dir/home/gohara/Downloads/pico/pico-sdk/src/rp2_common/pico_printf/printf.c.obj
 .rodata._ftoa.str1.4
                0x0000000010007e20       0x15 CMakeFiles/ir_temp_sensor.dir/home/gohara/Downloads/pico/pico-sdk/src/rp2_common/pico_printf/printf.c.obj
 *fill*         0x0000000010007e35        0x3 
 .rodata.pow10.5472
                0x0000000010007e38       0x50 CMakeFiles/ir_temp_sensor.dir/home/gohara/Downloads/pico/pico-sdk/src/rp2_common/pico_printf/printf.c.obj
 .rodata.__aeabi_double_init.str1.4
                0x0000000010007e88       0xb2 CMakeFiles/ir_temp_sensor.dir/home/gohara/Downloads/pico/pico-sdk/src/rp2_common/pico_double/double_init_rom.c.obj
 *fill*         0x0000000010007f3a        0x2 
 .rodata.__func__.4769
                0x0000000010007f3c       0x14 CMakeFiles/ir_temp_sensor.dir/home/gohara/Downloads/pico/pico-sdk/src/rp2_common/pico_double/double_init_rom.c.obj
 .rodata.__aeabi_float_init.str1.4
                0x0000000010007f50       0x84 CMakeFiles/ir_temp_sensor.dir/home/gohara/Downloads/pico/pico-sdk/src/rp2_common/pico_float/float_init_rom.c.obj
                                         0x88 (size before relaxing)
 .rodata.__func__.4770
                0x0000000010007fd4       0x13 CMakeFiles/ir_temp_sensor.dir/home/gohara/Downloads/pico/pico-sdk/src/rp2_common/pico_float/float_init_rom.c.obj
 *fill*         0x0000000010007fe7        0x1 
 .rodata.__bi_44
                0x0000000010007fe8        0xc CMakeFiles/ir_temp_sensor.dir/home/gohara/Downloads/pico/pico-sdk/src/rp2_common/pico_standard_link/binary_info.c.obj
 .rodata.__bi_56
                0x0000000010007ff4        0xc CMakeFiles/ir_temp_sensor.dir/home/gohara/Downloads/pico/pico-sdk/src/rp2_common/pico_standard_link/binary_info.c.obj
 .rodata.__bi_75
                0x0000000010008000        0xc CMakeFiles/ir_temp_sensor.dir/home/gohara/Downloads/pico/pico-sdk/src/rp2_common/pico_standard_link/binary_info.c.obj
 .rodata.__bi_81
                0x000000001000800c        0xc CMakeFiles/ir_temp_sensor.dir/home/gohara/Downloads/pico/pico-sdk/src/rp2_common/pico_standard_link/binary_info.c.obj
 .rodata.str1.4
                0x0000000010008018       0x48 CMakeFiles/ir_temp_sensor.dir/home/gohara/Downloads/pico/pico-sdk/src/rp2_common/pico_standard_link/binary_info.c.obj
 .rodata.crlf_str.6106
                0x0000000010008060        0x2 CMakeFiles/ir_temp_sensor.dir/home/gohara/Downloads/pico/pico-sdk/src/rp2_common/pico_stdio/stdio.c.obj
 *fill*         0x0000000010008062        0x2 
 .rodata.__bi_28.4802
                0x0000000010008064        0xc CMakeFiles/ir_temp_sensor.dir/home/gohara/Downloads/pico/pico-sdk/src/rp2_common/pico_stdio_uart/stdio_uart.c.obj
 .rodata.__bi_29.4806
                0x0000000010008070        0x8 CMakeFiles/ir_temp_sensor.dir/home/gohara/Downloads/pico/pico-sdk/src/rp2_common/pico_stdio_uart/stdio_uart.c.obj
 .rodata.str1.4
                0x0000000010008078       0x2c CMakeFiles/ir_temp_sensor.dir/home/gohara/Downloads/pico/pico-sdk/src/rp2_common/pico_stdio_uart/stdio_uart.c.obj
 .rodata._resetd_driver
                0x00000000100080a4       0x18 CMakeFiles/ir_temp_sensor.dir/home/gohara/Downloads/pico/pico-sdk/src/rp2_common/pico_stdio_usb/reset_interface.c.obj
 .rodata.__bi_93.7266
                0x00000000100080bc        0xc CMakeFiles/ir_temp_sensor.dir/home/gohara/Downloads/pico/pico-sdk/src/rp2_common/pico_stdio_usb/stdio_usb.c.obj
 .rodata.__func__.5474
                0x00000000100080c8       0x15 CMakeFiles/ir_temp_sensor.dir/home/gohara/Downloads/pico/pico-sdk/src/rp2_common/pico_stdio_usb/stdio_usb.c.obj
 .rodata.stdio_usb_init.str1.4
                0x00000000100080dd       0x6b CMakeFiles/ir_temp_sensor.dir/home/gohara/Downloads/pico/pico-sdk/src/rp2_common/pico_stdio_usb/stdio_usb.c.obj
 *fill*         0x00000000100080dd        0x3 
 .rodata.str1.4
                0x00000000100080e0       0x13 CMakeFiles/ir_temp_sensor.dir/home/gohara/Downloads/pico/pico-sdk/src/rp2_common/pico_stdio_usb/stdio_usb.c.obj
 *fill*         0x00000000100080f3        0x1 
 .rodata.str1.4
                0x00000000100080f4       0x2a CMakeFiles/ir_temp_sensor.dir/home/gohara/Downloads/pico/pico-sdk/src/rp2_common/pico_stdio_usb/stdio_usb_descriptors.c.obj
 *fill*         0x000000001000811e        0x2 
 .rodata.usbd_desc_cfg
                0x0000000010008120       0x54 CMakeFiles/ir_temp_sensor.dir/home/gohara/Downloads/pico/pico-sdk/src/rp2_common/pico_stdio_usb/stdio_usb_descriptors.c.obj
 .rodata.usbd_desc_device
                0x0000000010008174       0x12 CMakeFiles/ir_temp_sensor.dir/home/gohara/Downloads/pico/pico-sdk/src/rp2_common/pico_stdio_usb/stdio_usb_descriptors.c.obj
 *fill*         0x0000000010008186        0x2 
 .rodata.usbd_desc_str
                0x0000000010008188       0x18 CMakeFiles/ir_temp_sensor.dir/home/gohara/Downloads/pico/pico-sdk/src/rp2_common/pico_stdio_usb/stdio_usb_descriptors.c.obj
 .rodata.__func__.6938
                0x00000000100081a0       0x13 CMakeFiles/ir_temp_sensor.dir/home/gohara/Downloads/pico/pico-sdk/lib/tinyusb/src/portable/raspberrypi/rp2040/dcd_rp2040.c.obj
 *fill*         0x00000000100081b3        0x1 
 .rodata.__func__.6991
                0x00000000100081b4        0x9 CMakeFiles/ir_temp_sensor.dir/home/gohara/Downloads/pico/pico-sdk/lib/tinyusb/src/portable/raspberrypi/rp2040/dcd_rp2040.c.obj
 *fill*         0x00000000100081bd        0x3 
 .rodata.__func__.6995
                0x00000000100081c0        0xf CMakeFiles/ir_temp_sensor.dir/home/gohara/Downloads/pico/pico-sdk/lib/tinyusb/src/portable/raspberrypi/rp2040/dcd_rp2040.c.obj
 *fill*         0x00000000100081cf        0x1 
 .rodata.__func__.7004
                0x00000000100081d0       0x10 CMakeFiles/ir_temp_sensor.dir/home/gohara/Downloads/pico/pico-sdk/lib/tinyusb/src/portable/raspberrypi/rp2040/dcd_rp2040.c.obj
 .rodata.__func__.7023
                0x00000000100081e0        0xe CMakeFiles/ir_temp_sensor.dir/home/gohara/Downloads/pico/pico-sdk/lib/tinyusb/src/portable/raspberrypi/rp2040/dcd_rp2040.c.obj
 *fill*         0x00000000100081ee        0x2 
 .rodata.__func__.7033
                0x00000000100081f0        0xe CMakeFiles/ir_temp_sensor.dir/home/gohara/Downloads/pico/pico-sdk/lib/tinyusb/src/portable/raspberrypi/rp2040/dcd_rp2040.c.obj
 *fill*         0x00000000100081fe        0x2 
 .rodata._hw_endpoint_alloc.str1.4
                0x0000000010008200       0xc1 CMakeFiles/ir_temp_sensor.dir/home/gohara/Downloads/pico/pico-sdk/lib/tinyusb/src/portable/raspberrypi/rp2040/dcd_rp2040.c.obj
 *fill*         0x00000000100082c1        0x3 
 .rodata.dcd_int_enable.str1.4
                0x00000000100082c4        0xc CMakeFiles/ir_temp_sensor.dir/home/gohara/Downloads/pico/pico-sdk/lib/tinyusb/src/portable/raspberrypi/rp2040/dcd_rp2040.c.obj
 .rodata.dcd_rp2040_irq.str1.4
                0x00000000100082d0       0x14 CMakeFiles/ir_temp_sensor.dir/home/gohara/Downloads/pico/pico-sdk/lib/tinyusb/src/portable/raspberrypi/rp2040/dcd_rp2040.c.obj
 .rodata.__func__.6705
                0x00000000100082e4        0xf CMakeFiles/ir_temp_sensor.dir/home/gohara/Downloads/pico/pico-sdk/lib/tinyusb/src/portable/raspberrypi/rp2040/rp2040_usb.c.obj
 *fill*         0x00000000100082f3        0x1 
 .rodata._hw_endpoint_buffer_control_update32.str1.4
                0x00000000100082f4       0x1f CMakeFiles/ir_temp_sensor.dir/home/gohara/Downloads/pico/pico-sdk/lib/tinyusb/src/portable/raspberrypi/rp2040/rp2040_usb.c.obj
 *fill*         0x0000000010008313        0x1 
 .rodata.hw_endpoint_xfer_continue.str1.4
                0x0000000010008314       0x29 CMakeFiles/ir_temp_sensor.dir/home/gohara/Downloads/pico/pico-sdk/lib/tinyusb/src/portable/raspberrypi/rp2040/rp2040_usb.c.obj
 *fill*         0x000000001000833d        0x3 
 .rodata.hw_endpoint_xfer_start.str1.4
                0x0000000010008340       0x38 CMakeFiles/ir_temp_sensor.dir/home/gohara/Downloads/pico/pico-sdk/lib/tinyusb/src/portable/raspberrypi/rp2040/rp2040_usb.c.obj
 .rodata.str1.4
                0x0000000010008378       0x38 CMakeFiles/ir_temp_sensor.dir/home/gohara/Downloads/pico/pico-sdk/lib/tinyusb/src/portable/raspberrypi/rp2040/rp2040_usb.c.obj
                                          0x7 (size before relaxing)
 .rodata.sync_ep_buffer.str1.4
                0x0000000010008378       0x9d CMakeFiles/ir_temp_sensor.dir/home/gohara/Downloads/pico/pico-sdk/lib/tinyusb/src/portable/raspberrypi/rp2040/rp2040_usb.c.obj
 *fill*         0x0000000010008415        0x3 
 .rodata.process_get_descriptor
                0x0000000010008418       0x40 CMakeFiles/ir_temp_sensor.dir/home/gohara/Downloads/pico/pico-sdk/lib/tinyusb/src/device/usbd.c.obj
 .rodata.process_control_request
                0x0000000010008458       0x28 CMakeFiles/ir_temp_sensor.dir/home/gohara/Downloads/pico/pico-sdk/lib/tinyusb/src/device/usbd.c.obj
 .rodata.tud_task
                0x0000000010008480       0x24 CMakeFiles/ir_temp_sensor.dir/home/gohara/Downloads/pico/pico-sdk/lib/tinyusb/src/device/usbd.c.obj
 .rodata.__func__.6614
                0x00000000100084a4       0x10 CMakeFiles/ir_temp_sensor.dir/home/gohara/Downloads/pico/pico-sdk/lib/tinyusb/src/device/usbd.c.obj
 .rodata.__func__.7412
                0x00000000100084b4        0x9 CMakeFiles/ir_temp_sensor.dir/home/gohara/Downloads/pico/pico-sdk/lib/tinyusb/src/device/usbd.c.obj
 *fill*         0x00000000100084bd        0x3 
 .rodata.__func__.7433
                0x00000000100084c0       0x18 CMakeFiles/ir_temp_sensor.dir/home/gohara/Downloads/pico/pico-sdk/lib/tinyusb/src/device/usbd.c.obj
 .rodata.__func__.7476
                0x00000000100084d8       0x13 CMakeFiles/ir_temp_sensor.dir/home/gohara/Downloads/pico/pico-sdk/lib/tinyusb/src/device/usbd.c.obj
 *fill*         0x00000000100084eb        0x1 
 .rodata.__func__.7511
                0x00000000100084ec       0x17 CMakeFiles/ir_temp_sensor.dir/home/gohara/Downloads/pico/pico-sdk/lib/tinyusb/src/device/usbd.c.obj
 *fill*         0x0000000010008503        0x1 
 .rodata.__func__.7565
                0x0000000010008504       0x14 CMakeFiles/ir_temp_sensor.dir/home/gohara/Downloads/pico/pico-sdk/lib/tinyusb/src/device/usbd.c.obj
 .rodata.__func__.7579
                0x0000000010008518        0xf CMakeFiles/ir_temp_sensor.dir/home/gohara/Downloads/pico/pico-sdk/lib/tinyusb/src/device/usbd.c.obj
 *fill*         0x0000000010008527        0x1 
 .rodata.__func__.7602
                0x0000000010008528        0xf CMakeFiles/ir_temp_sensor.dir/home/gohara/Downloads/pico/pico-sdk/lib/tinyusb/src/device/usbd.c.obj
 *fill*         0x0000000010008537        0x1 
 .rodata._usbd_driver
                0x0000000010008538       0x18 CMakeFiles/ir_temp_sensor.dir/home/gohara/Downloads/pico/pico-sdk/lib/tinyusb/src/device/usbd.c.obj
 .rodata.process_set_config.str1.4
                0x0000000010008550       0x17 CMakeFiles/ir_temp_sensor.dir/home/gohara/Downloads/pico/pico-sdk/lib/tinyusb/src/device/usbd.c.obj
 *fill*         0x0000000010008567        0x1 
 .rodata.__func__.7327
                0x0000000010008568       0x11 CMakeFiles/ir_temp_sensor.dir/home/gohara/Downloads/pico/pico-sdk/lib/tinyusb/src/device/usbd_control.c.obj
 *fill*         0x0000000010008579        0x3 
 .rodata.__func__.7354
                0x000000001000857c       0x15 CMakeFiles/ir_temp_sensor.dir/home/gohara/Downloads/pico/pico-sdk/lib/tinyusb/src/device/usbd_control.c.obj
 .rodata.tud_control_xfer.str1.4
                0x0000000010008591       0x17 CMakeFiles/ir_temp_sensor.dir/home/gohara/Downloads/pico/pico-sdk/lib/tinyusb/src/device/usbd_control.c.obj
 *fill*         0x0000000010008591        0x3 
 .rodata.__func__.7263
                0x0000000010008594       0x16 CMakeFiles/ir_temp_sensor.dir/home/gohara/Downloads/pico/pico-sdk/lib/tinyusb/src/class/cdc/cdc_device.c.obj
 *fill*         0x00000000100085aa        0x2 
 .rodata.__func__.7296
                0x00000000100085ac        0xa CMakeFiles/ir_temp_sensor.dir/home/gohara/Downloads/pico/pico-sdk/lib/tinyusb/src/class/cdc/cdc_device.c.obj
 *fill*         0x00000000100085b6        0x2 
 .rodata.__func__.7331
                0x00000000100085b8        0xd CMakeFiles/ir_temp_sensor.dir/home/gohara/Downloads/pico/pico-sdk/lib/tinyusb/src/class/cdc/cdc_device.c.obj
 .rodata.tud_cdc_n_write_flush.str1.4
                0x00000000100085c5       0x17 CMakeFiles/ir_temp_sensor.dir/home/gohara/Downloads/pico/pico-sdk/lib/tinyusb/src/class/cdc/cdc_device.c.obj
 *fill*         0x00000000100085c5        0x3 
 .rodata.__func__.7200
                0x00000000100085c8        0xa CMakeFiles/ir_temp_sensor.dir/home/gohara/Downloads/pico/pico-sdk/lib/tinyusb/src/tusb.c.obj
 *fill*         0x00000000100085d2        0x2 
 .rodata.__func__.7212
                0x00000000100085d4       0x11 CMakeFiles/ir_temp_sensor.dir/home/gohara/Downloads/pico/pico-sdk/lib/tinyusb/src/tusb.c.obj
 .rodata.tusb_init.str1.4
                0x00000000100085e5       0x17 CMakeFiles/ir_temp_sensor.dir/home/gohara/Downloads/pico/pico-sdk/lib/tinyusb/src/tusb.c.obj
 *fill*         0x00000000100085e5        0x3 
 .rodata.__func__.4337
                0x00000000100085e8       0x20 CMakeFiles/ir_temp_sensor.dir/home/gohara/Downloads/pico/pico-sdk/src/rp2_common/pico_unique_id/unique_id.c.obj
 .rodata.pico_get_unique_board_id_string.str1.4
                0x0000000010008608       0x57 CMakeFiles/ir_temp_sensor.dir/home/gohara/Downloads/pico/pico-sdk/src/rp2_common/pico_unique_id/unique_id.c.obj
 *fill*         0x000000001000865f        0x1 
 .rodata.__func__.4511
                0x0000000010008660        0xd CMakeFiles/ir_temp_sensor.dir/home/gohara/Downloads/pico/pico-sdk/src/rp2_common/hardware_flash/flash.c.obj
 *fill*         0x000000001000866d        0x3 
 .rodata.str1.4
                0x0000000010008670      0x162 CMakeFiles/ir_temp_sensor.dir/home/gohara/Downloads/pico/pico-sdk/src/rp2_common/hardware_flash/flash.c.obj
 *fill*         0x00000000100087d2        0x2 
 .rodata.__func__.4836
                0x00000000100087d4       0x11 CMakeFiles/ir_temp_sensor.dir/home/gohara/Downloads/pico/pico-sdk/src/rp2_common/hardware_i2c/i2c.c.obj
 *fill*         0x00000000100087e5        0x3 
 .rodata.i2c_set_baudrate.str1.4
                0x00000000100087e8       0x67 CMakeFiles/ir_temp_sensor.dir/home/gohara/Downloads/pico/pico-sdk/src/rp2_common/hardware_i2c/i2c.c.obj
                0x0000000010008850                . = ALIGN (0x4)
 *fill*         0x000000001000884f        0x1 
 *(SORT_BY_ALIGNMENT(SORT_BY_NAME(.flashdata*)))
                0x0000000010008850                . = ALIGN (0x4)

.rel.dyn        0x0000000010008850        0x0
 .rel.iplt      0x0000000010008850        0x0 /usr/lib/gcc/arm-none-eabi/8.3.1/thumb/v6-m/nofp/crtbegin.o

.ARM.extab
 *(.ARM.extab* .gnu.linkonce.armextab.*)
                0x0000000010008850                __exidx_start = .

.ARM.exidx
 *(.ARM.exidx* .gnu.linkonce.armexidx.*)
                0x0000000010008850                __exidx_end = .
                0x0000000010008850                . = ALIGN (0x4)
                0x0000000010008850                __binary_info_start = .

.binary_info    0x0000000010008850       0x2c
 *(.binary_info.keep.*)
 .binary_info.keep.__bi_ptr22
                0x0000000010008850        0x4 CMakeFiles/ir_temp_sensor.dir/home/gohara/Downloads/pico/pico-sdk/src/rp2_common/pico_standard_link/binary_info.c.obj
 .binary_info.keep.__bi_ptr30
                0x0000000010008854        0x4 CMakeFiles/ir_temp_sensor.dir/home/gohara/Downloads/pico/pico-sdk/src/rp2_common/pico_standard_link/binary_info.c.obj
 .binary_info.keep.__bi_ptr38
                0x0000000010008858        0x4 CMakeFiles/ir_temp_sensor.dir/home/gohara/Downloads/pico/pico-sdk/src/rp2_common/pico_standard_link/binary_info.c.obj
 .binary_info.keep.__bi_ptr44
                0x000000001000885c        0x4 CMakeFiles/ir_temp_sensor.dir/home/gohara/Downloads/pico/pico-sdk/src/rp2_common/pico_standard_link/binary_info.c.obj
 .binary_info.keep.__bi_ptr50
                0x0000000010008860        0x4 CMakeFiles/ir_temp_sensor.dir/home/gohara/Downloads/pico/pico-sdk/src/rp2_common/pico_standard_link/binary_info.c.obj
 .binary_info.keep.__bi_ptr56
                0x0000000010008864        0x4 CMakeFiles/ir_temp_sensor.dir/home/gohara/Downloads/pico/pico-sdk/src/rp2_common/pico_standard_link/binary_info.c.obj
 .binary_info.keep.__bi_ptr75
                0x0000000010008868        0x4 CMakeFiles/ir_temp_sensor.dir/home/gohara/Downloads/pico/pico-sdk/src/rp2_common/pico_standard_link/binary_info.c.obj
 .binary_info.keep.__bi_ptr81
                0x000000001000886c        0x4 CMakeFiles/ir_temp_sensor.dir/home/gohara/Downloads/pico/pico-sdk/src/rp2_common/pico_standard_link/binary_info.c.obj
 *(.binary_info.*)
 .binary_info.__bi_ptr28
                0x0000000010008870        0x4 CMakeFiles/ir_temp_sensor.dir/home/gohara/Downloads/pico/pico-sdk/src/rp2_common/pico_stdio_uart/stdio_uart.c.obj
 .binary_info.__bi_ptr29
                0x0000000010008874        0x4 CMakeFiles/ir_temp_sensor.dir/home/gohara/Downloads/pico/pico-sdk/src/rp2_common/pico_stdio_uart/stdio_uart.c.obj
 .binary_info.__bi_ptr93
                0x0000000010008878        0x4 CMakeFiles/ir_temp_sensor.dir/home/gohara/Downloads/pico/pico-sdk/src/rp2_common/pico_stdio_usb/stdio_usb.c.obj